<html>
<body>
<pre>
<h1>µVision Build Log</h1>
<h2>Project:</h2>
D:\Abdolmaleki\STM32 for PCB Version 3    1392.8.21\project\project.uvproj
Project File Date:  11/12/2013

<h2>Output:</h2>
Build target 'Target 1'
compiling main.c...
..\source\code\Source\init.h(20): warning:  #1295-D: Deprecated declaration USART3_Configuration - give arg types
..\source\code\Source\init.h(29): warning:  #1-D: last line of file ends without a newline
..\source\code\VS1003\VS1003.h(114): warning:  #1295-D: Deprecated declaration VS1003B_Fill2048Zero - give arg types
..\source\code\VS1003\VS1003.h(123): warning:  #1-D: last line of file ends without a newline
..\source\code\MT8888C\MT8888C.h(30): warning:  #1295-D: Deprecated declaration MT8888C_Init - give arg types
..\source\code\MT8888C\MT8888C.h(31): warning:  #1295-D: Deprecated declaration MT8888C_RESET - give arg types
..\source\code\MT8888C\MT8888C.h(32): warning:  #1295-D: Deprecated declaration MT8888C_CP_Receive_Init - give arg types
..\source\code\MT8888C\MT8888C.h(33): warning:  #1295-D: Deprecated declaration MT8888C_DTMF_Receive_Init - give arg types
..\source\code\MT8888C\MT8888C.h(39): warning:  #1-D: last line of file ends without a newline
..\source\code\SIM900\SIM900.h(23): warning:  #1295-D: Deprecated declaration SIM900_Init - give arg types
..\source\code\SIM900\SIM900.h(24): warning:  #1295-D: Deprecated declaration SIM900_RESET - give arg types
..\source\code\SIM900\SIM900.h(26): warning:  #1295-D: Deprecated declaration SIM900_ClearSMS - give arg types
..\source\code\SIM900\SIM900.h(27): warning:  #1295-D: Deprecated declaration SIM900_Read_SMS - give arg types
..\source\code\SIM900\SIM900.h(29): warning:  #1295-D: Deprecated declaration SIM900_POWER_ON - give arg types
..\source\code\SIM900\SIM900.h(30): warning:  #1295-D: Deprecated declaration SIM900_POWER_OFF - give arg types
..\source\code\SIM900\SIM900.h(32): warning:  #1295-D: Deprecated declaration SMS_Clear_Buffer - give arg types
..\source\code\SIM900\SIM900.h(34): warning:  #1295-D: Deprecated declaration SIM900_TurnOn - give arg types
..\source\code\SIM900\SIM900.h(36): warning:  #1-D: last line of file ends without a newline
..\source\code\PLC\PLC.h(33): warning:  #1295-D: Deprecated declaration PLC_Init - give arg types
..\source\code\PLC\PLC.h(37): warning:  #1-D: last line of file ends without a newline
..\source\code\ATMEGA8\ATMEGA8.h(32): warning:  #1-D: last line of file ends without a newline
..\source\code\PhoneService\PhoneService.h(29): warning:  #1295-D: Deprecated declaration honeService - give arg types
..\source\code\PhoneService\PhoneService.h(30): warning:  #1295-D: Deprecated declaration IntercomPhoneService - give arg types
..\source\code\PhoneService\PhoneService.h(37): warning:  #1-D: last line of file ends without a newline
..\source\code\Source\main.c(59): warning:  #223-D: function "SPI_Configuration" declared implicitly
..\source\code\Source\main.c(75): warning:  #223-D: function "ATMEGA8_Init" declared implicitly
..\source\code\Source\main.c(94): warning:  #223-D: function "GetPassword" declared implicitly
..\source\code\Source\main.c(148): warning:  #223-D: function "PhoneService" declared implicitly
..\source\code\Source\main.c(49): warning:  #177-D: variable "str" was declared but never referenced
..\source\code\Source\main.c(50): warning:  #177-D: variable "key" was declared but never referenced
..\source\code\Source\main.c(51): warning:  #177-D: variable "pch" was declared but never referenced
..\source\code\Source\main.c(39): warning:  #177-D: variable "tmp" was declared but never referenced
..\source\code\Source\main.c(39): warning:  #177-D: variable "index" was declared but never referenced
linking...
Program Size: Code=49814 RO-data=582 RW-data=384 ZI-data=9616  
FromELF: creating hex file...
".\Obj\project.axf" - 0 Error(s), 33 Warning(s).
Load "D:\\Abdolmaleki\\STM32 for PCB Version 3    1392.8.21\\project\\Obj\\project.AXF" 
Set JLink Project File to "D:\Abdolmaleki\STM32 for PCB Version 3    1392.8.21\project\JLinkSettings.ini"
 
JLink info:
------------
DLL: V4.24b, compiled Feb 22 2011 20:47:17
Firmware: J-Link ARM V8 compiled Nov 14 2012 22:34:52
Hardware: V8.00
S/N : 270676280 
Feature(s) : RDI,FlashDL,FlashBP,JFlash,GDBFULL 
 
* JLink Info: TotalIRLen = 9, IRPrint = 0x0011
* JLink Info: Found Cortex-M3 r1p1, Little endian.
* JLink Info: TPIU fitted.
* JLink Info:   FPUnit: 6 code (BP) slots and 2 literal slots
ROMTableAddr = 0xE00FF003
* JLink Info: TotalIRLen = 9, IRPrint = 0x0011
* JLink Info: Found Cortex-M3 r1p1, Little endian.
* JLink Info: TPIU fitted.
* JLink Info:   FPUnit: 6 code (BP) slots and 2 literal slots
* JLink Info: TotalIRLen = 9, IRPrint = 0x0011
* JLink Info: Found Cortex-M3 r1p1, Little endian.
* JLink Info: TPIU fitted.
* JLink Info:   FPUnit: 6 code (BP) slots and 2 literal slots
 
Target info:
------------
Device: STM32F103RB
VTarget = 3.280V
State of Pins: 
TCK: 1, TDI: 0, TDO: 1, TMS: 0, TRES: 1, TRST: 1
Hardware-Breakpoints: 6
Software-Breakpoints: 2048
Watchpoints:          4
JTAG speed: 2000 kHz
 
Erase Done.
Programming Done.
Verify OK.
* JLink Info: TotalIRLen = 9, IRPrint = 0x0011
* JLink Info: Found Cortex-M3 r1p1, Little endian.
* JLink Info: TPIU fitted.
* JLink Info:   FPUnit: 6 code (BP) slots and 2 literal slots
Application running ...
