<html>
<body>
<pre>
<h1>µVision Build Log</h1>
<h2>Project:</h2>
E:\ARM\Æû³µÌ¥Ñ¹¼ì²â\project\project.uvproj
Project File Date:  02/27/2010

<h2>Output:</h2>
compiling main.c...
..\source\code\Source\main.c(36): error:  #5: cannot open source input file "ili9325.h": No such file or directory
..\source\code\Source\main.c - 1 Error(s), 0 Warning(s).
Build target 'Target 1'
compiling stm32f10x_adc.c...
compiling stm32f10x_bkp.c...
compiling stm32f10x_can.c...
compiling stm32f10x_crc.c...
compiling stm32f10x_dac.c...
compiling stm32f10x_dbgmcu.c...
compiling stm32f10x_dma.c...
compiling stm32f10x_exti.c...
compiling stm32f10x_flash.c...
compiling stm32f10x_fsmc.c...
compiling stm32f10x_gpio.c...
compiling stm32f10x_i2c.c...
compiling stm32f10x_iwdg.c...
compiling stm32f10x_lib.c...
compiling stm32f10x_nvic.c...
compiling stm32f10x_pwr.c...
compiling stm32f10x_rcc.c...
compiling stm32f10x_rtc.c...
compiling stm32f10x_sdio.c...
compiling stm32f10x_spi.c...
compiling stm32f10x_systick.c...
compiling stm32f10x_tim.c...
compiling stm32f10x_usart.c...
compiling stm32f10x_wwdg.c...
compiling FatFS_cmds.c...
..\source\FatFS_cmds.c(17): error:  #5: cannot open source input file "shell.h": No such file or directory
compiling RTC_Time.c...
compiling stm32f10x_it.c...
compiling dataflash.c...
..\source\code\dataflash\dataflash.c(24): warning:  #177-D: variable "i" was declared but never referenced
..\source\code\dataflash\dataflash.c(48): warning:  #188-D: enumerated type mixed with another type
..\source\code\dataflash\dataflash.c(52): warning:  #188-D: enumerated type mixed with another type
compiling delay.c...
compiling diskio.c...
..\source\code\FATFS\src\diskio.c(217): warning:  #188-D: enumerated type mixed with another type
compiling ff.c...
compiling SD_driver.c...
compiling main.c...
..\source\code\Source\main.c(36): error:  #5: cannot open source input file "ads7843drv.h": No such file or directory
assembling cortexm3_macro.s...
assembling stm32f10x_vector.s...
Target not created
Build target 'Target 1'
compiling stm32f10x_adc.c...
compiling stm32f10x_bkp.c...
compiling stm32f10x_can.c...
..\source\Library\src\stm32f10x_can.c(125): error:  #20: identifier "CAN" is undefined
..\source\Library\src\stm32f10x_can.c(244): error:  #20: identifier "CAN" is undefined
..\source\Library\src\stm32f10x_can.c(388): error:  #20: identifier "CAN" is undefined
..\source\Library\src\stm32f10x_can.c(393): error:  #20: identifier "CAN" is undefined
..\source\Library\src\stm32f10x_can.c(418): error:  #20: identifier "CAN" is undefined
..\source\Library\src\stm32f10x_can.c(497): error:  #20: identifier "CAN" is undefined
..\source\Library\src\stm32f10x_can.c(548): error:  #20: identifier "CAN" is undefined
..\source\Library\src\stm32f10x_can.c(574): error:  #20: identifier "CAN" is undefined
..\source\Library\src\stm32f10x_can.c(579): error:  #20: identifier "CAN" is undefined
..\source\Library\src\stm32f10x_can.c(599): error:  #20: identifier "CAN" is undefined
..\source\Library\src\stm32f10x_can.c(603): error:  #20: identifier "CAN" is undefined
..\source\Library\src\stm32f10x_can.c(626): error:  #20: identifier "CAN" is undefined
..\source\Library\src\stm32f10x_can.c(671): error:  #20: identifier "CAN" is undefined
..\source\Library\src\stm32f10x_can.c(698): error:  #20: identifier "CAN" is undefined
..\source\Library\src\stm32f10x_can.c(729): error:  #20: identifier "CAN" is undefined
..\source\Library\src\stm32f10x_can.c(756): error:  #20: identifier "CAN" is undefined
..\source\Library\src\stm32f10x_can.c(781): error:  #20: identifier "CAN" is undefined
..\source\Library\src\stm32f10x_can.c(841): error:  #20: identifier "CAN" is undefined
compiling stm32f10x_crc.c...
..\source\Library\src\stm32f10x_crc.c(40): error:  #20: identifier "CRC" is undefined
..\source\Library\src\stm32f10x_crc.c(52): error:  #20: identifier "CRC" is undefined
..\source\Library\src\stm32f10x_crc.c(72): error:  #20: identifier "CRC" is undefined
..\source\Library\src\stm32f10x_crc.c(75): error:  #20: identifier "CRC" is undefined
..\source\Library\src\stm32f10x_crc.c(87): error:  #20: identifier "CRC" is undefined
..\source\Library\src\stm32f10x_crc.c(99): error:  #20: identifier "CRC" is undefined
..\source\Library\src\stm32f10x_crc.c(111): error:  #20: identifier "CRC" is undefined
compiling stm32f10x_dac.c...
..\source\Library\src\stm32f10x_dac.c(93): error:  #20: identifier "DAC" is undefined
..\source\Library\src\stm32f10x_dac.c(155): error:  #20: identifier "DAC" is undefined
..\source\Library\src\stm32f10x_dac.c(160): error:  #20: identifier "DAC" is undefined
..\source\Library\src\stm32f10x_dac.c(185): error:  #20: identifier "DAC" is undefined
..\source\Library\src\stm32f10x_dac.c(190): error:  #20: identifier "DAC" is undefined
..\source\Library\src\stm32f10x_dac.c(215): error:  #20: identifier "DAC" is undefined
..\source\Library\src\stm32f10x_dac.c(220): error:  #20: identifier "DAC" is undefined
..\source\Library\src\stm32f10x_dac.c(241): error:  #20: identifier "DAC" is undefined
..\source\Library\src\stm32f10x_dac.c(246): error:  #20: identifier "DAC" is undefined
..\source\Library\src\stm32f10x_dac.c(276): error:  #20: identifier "DAC" is undefined
..\source\Library\src\stm32f10x_dac.c(281): error:  #20: identifier "DAC" is undefined
compiling stm32f10x_dbgmcu.c...
compiling stm32f10x_dma.c...
compiling stm32f10x_exti.c...
compiling stm32f10x_flash.c...
compiling stm32f10x_fsmc.c...
..\source\Library\src\stm32f10x_fsmc.c(61): error:  #20: identifier "FSMC_Bank1" is undefined
..\source\Library\src\stm32f10x_fsmc.c(66): error:  #20: identifier "FSMC_Bank1" is undefined
..\source\Library\src\stm32f10x_fsmc.c(69): error:  #20: identifier "FSMC_Bank1" is undefined
..\source\Library\src\stm32f10x_fsmc.c(70): error:  #20: identifier "FSMC_Bank1E" is undefined
..\source\Library\src\stm32f10x_fsmc.c(92): error:  #20: identifier "FSMC_Bank2" is undefined
..\source\Library\src\stm32f10x_fsmc.c(101): error:  #20: identifier "FSMC_Bank3" is undefined
..\source\Library\src\stm32f10x_fsmc.c(119): error:  #20: identifier "FSMC_Bank4" is undefined
..\source\Library\src\stm32f10x_fsmc.c(160): error:  #20: identifier "FSMC_Bank1" is undefined
..\source\Library\src\stm32f10x_fsmc.c(200): error:  #20: identifier "FSMC_Bank1E" is undefined
..\source\Library\src\stm32f10x_fsmc.c(210): error:  #20: identifier "FSMC_Bank1E" is undefined
..\source\Library\src\stm32f10x_fsmc.c(273): error:  #20: identifier "FSMC_Bank2" is undefined
..\source\Library\src\stm32f10x_fsmc.c(280): error:  #20: identifier "FSMC_Bank3" is undefined
..\source\Library\src\stm32f10x_fsmc.c(321): error:  #20: identifier "FSMC_Bank4" is undefined
..\source\Library\src\stm32f10x_fsmc.c(465): error:  #20: identifier "FSMC_Bank1" is undefined
..\source\Library\src\stm32f10x_fsmc.c(470): error:  #20: identifier "FSMC_Bank1" is undefined
..\source\Library\src\stm32f10x_fsmc.c(496): error:  #20: identifier "FSMC_Bank2" is undefined
..\source\Library\src\stm32f10x_fsmc.c(500): error:  #20: identifier "FSMC_Bank3" is undefined
..\source\Library\src\stm32f10x_fsmc.c(508): error:  #20: identifier "FSMC_Bank2" is undefined
..\source\Library\src\stm32f10x_fsmc.c(512): error:  #20: identifier "FSMC_Bank3" is undefined
..\source\Library\src\stm32f10x_fsmc.c(532): error:  #20: identifier "FSMC_Bank4" is undefined
..\source\Library\src\stm32f10x_fsmc.c(537): error:  #20: identifier "FSMC_Bank4" is undefined
..\source\Library\src\stm32f10x_fsmc.c(563): error:  #20: identifier "FSMC_Bank2" is undefined
..\source\Library\src\stm32f10x_fsmc.c(567): error:  #20: identifier "FSMC_Bank3" is undefined
..\source\Library\src\stm32f10x_fsmc.c(575): error:  #20: identifier "FSMC_Bank2" is undefined
..\source\Library\src\stm32f10x_fsmc.c(579): error:  #20: identifier "FSMC_Bank3" is undefined
..\source\Library\src\stm32f10x_fsmc.c(601): error:  #20: identifier "FSMC_Bank2" is undefined
..\source\Library\src\stm32f10x_fsmc.c(606): error:  #20: identifier "FSMC_Bank3" is undefined
..\source\Library\src\stm32f10x_fsmc.c(642): error:  #20: identifier "FSMC_Bank2" is undefined
..\source\Library\src\stm32f10x_fsmc.c(647): error:  #20: identifier "FSMC_Bank3" is undefined
..\source\Library\src\stm32f10x_fsmc.c(652): error:  #20: identifier "FSMC_Bank4" is undefined
compiling stm32f10x_gpio.c...
Project build/rebuild aborted.
Target not created
Build target 'Target 1'
compiling stm32f10x_adc.c...
compiling stm32f10x_bkp.c...
compiling stm32f10x_can.c...
compiling stm32f10x_crc.c...
compiling stm32f10x_dac.c...
compiling stm32f10x_dbgmcu.c...
compiling stm32f10x_dma.c...
compiling stm32f10x_exti.c...
compiling stm32f10x_flash.c...
compiling stm32f10x_fsmc.c...
compiling stm32f10x_i2c.c...
compiling stm32f10x_iwdg.c...
compiling stm32f10x_lib.c...
compiling stm32f10x_nvic.c...
compiling stm32f10x_pwr.c...
compiling stm32f10x_rcc.c...
compiling stm32f10x_rtc.c...
compiling stm32f10x_sdio.c...
compiling stm32f10x_spi.c...
compiling stm32f10x_systick.c...
compiling stm32f10x_tim.c...
compiling stm32f10x_usart.c...
compiling stm32f10x_wwdg.c...
compiling FatFS_cmds.c...
..\source\FatFS_cmds.c(17): error:  #5: cannot open source input file "shell.h": No such file or directory
compiling RTC_Time.c...
compiling stm32f10x_it.c...
compiling dataflash.c...
..\source\code\dataflash\dataflash.c(24): warning:  #177-D: variable "i" was declared but never referenced
..\source\code\dataflash\dataflash.c(48): warning:  #188-D: enumerated type mixed with another type
..\source\code\dataflash\dataflash.c(52): warning:  #188-D: enumerated type mixed with another type
compiling delay.c...
compiling diskio.c...
..\source\code\FATFS\src\diskio.c(217): warning:  #188-D: enumerated type mixed with another type
compiling ff.c...
compiling SD_driver.c...
compiling main.c...
..\source\code\Source\main.c(36): error:  #5: cannot open source input file "ads7843drv.h": No such file or directory
Target not created
Build target 'Target 1'
compiling FatFS_cmds.c...
..\source\FatFS_cmds.h(20): error:  #5: cannot open source input file "shell.h": No such file or directory
compiling main.c...
..\source\code\Source\main.c(63): warning:  #1295-D: Deprecated declaration Time_Display - give arg types
..\source\code\Source\main.c(83): warning:  #520-D: initialization with "{...}" expected for aggregate object
..\source\code\Source\main.c(84): warning:  #520-D: initialization with "{...}" expected for aggregate object
..\source\code\Source\main.c(133): warning:  #223-D: function "SPI_Configuration" declared implicitly
..\source\code\Source\main.c(134): warning:  #223-D: function "SD_Init" declared implicitly
..\source\code\Source\main.c(90): warning:  #177-D: variable "x" was declared but never referenced
..\source\code\Source\main.c(174): warning:  #520-D: initialization with "{...}" expected for aggregate object
..\source\code\Source\main.c(174): warning:  #520-D: initialization with "{...}" expected for aggregate object
..\source\code\Source\main.c(184): warning:  #167-D: argument of type "u8 *" is incompatible with parameter of type "const char *"
..\source\code\Source\main.c(184): warning:  #188-D: enumerated type mixed with another type
..\source\code\Source\main.c(217): warning:  #870-D: invalid multibyte character sequence
..\source\code\Source\main.c(217): warning:  #870-D: invalid multibyte character sequence
..\source\code\Source\main.c(217): warning:  #870-D: invalid multibyte character sequence
..\source\code\Source\main.c(217): warning:  #870-D: invalid multibyte character sequence
..\source\code\Source\main.c(217): warning:  #870-D: invalid multibyte character sequence
..\source\code\Source\main.c(217): warning:  #870-D: invalid multibyte character sequence
..\source\code\Source\main.c(217): warning:  #870-D: invalid multibyte character sequence
..\source\code\Source\main.c(217): warning:  #870-D: invalid multibyte character sequence
..\source\code\Source\main.c(217): warning:  #870-D: invalid multibyte character sequence
..\source\code\Source\main.c(217): warning:  #870-D: invalid multibyte character sequence
..\source\code\Source\main.c(217): warning:  #870-D: invalid multibyte character sequence
..\source\code\Source\main.c(217): warning:  #870-D: invalid multibyte character sequence
..\source\code\Source\main.c(220): warning:  #870-D: invalid multibyte character sequence
..\source\code\Source\main.c(220): warning:  #870-D: invalid multibyte character sequence
..\source\code\Source\main.c(220): warning:  #870-D: invalid multibyte character sequence
..\source\code\Source\main.c(220): warning:  #870-D: invalid multibyte character sequence
..\source\code\Source\main.c(220): warning:  #870-D: invalid multibyte character sequence
..\source\code\Source\main.c(220): warning:  #870-D: invalid multibyte character sequence
..\source\code\Source\main.c(220): warning:  #870-D: invalid multibyte character sequence
..\source\code\Source\main.c(220): warning:  #870-D: invalid multibyte character sequence
..\source\code\Source\main.c(221): warning:  #870-D: invalid multibyte character sequence
..\source\code\Source\main.c(221): warning:  #870-D: invalid multibyte character sequence
..\source\code\Source\main.c(221): warning:  #870-D: invalid multibyte character sequence
..\source\code\Source\main.c(221): warning:  #870-D: invalid multibyte character sequence
..\source\code\Source\main.c(221): warning:  #870-D: invalid multibyte character sequence
..\source\code\Source\main.c(221): warning:  #870-D: invalid multibyte character sequence
..\source\code\Source\main.c(221): warning:  #870-D: invalid multibyte character sequence
..\source\code\Source\main.c(221): warning:  #870-D: invalid multibyte character sequence
..\source\code\Source\main.c(224): warning:  #870-D: invalid multibyte character sequence
..\source\code\Source\main.c(224): warning:  #870-D: invalid multibyte character sequence
..\source\code\Source\main.c(224): warning:  #870-D: invalid multibyte character sequence
..\source\code\Source\main.c(224): warning:  #870-D: invalid multibyte character sequence
..\source\code\Source\main.c(224): warning:  #870-D: invalid multibyte character sequence
..\source\code\Source\main.c(224): warning:  #870-D: invalid multibyte character sequence
..\source\code\Source\main.c(224): warning:  #870-D: invalid multibyte character sequence
..\source\code\Source\main.c(224): warning:  #870-D: invalid multibyte character sequence
..\source\code\Source\main.c(224): warning:  #870-D: invalid multibyte character sequence
..\source\code\Source\main.c(224): warning:  #870-D: invalid multibyte character sequence
..\source\code\Source\main.c(225): warning:  #870-D: invalid multibyte character sequence
..\source\code\Source\main.c(225): warning:  #870-D: invalid multibyte character sequence
..\source\code\Source\main.c(225): warning:  #870-D: invalid multibyte character sequence
..\source\code\Source\main.c(225): warning:  #870-D: invalid multibyte character sequence
..\source\code\Source\main.c(225): warning:  #870-D: invalid multibyte character sequence
..\source\code\Source\main.c(225): warning:  #870-D: invalid multibyte character sequence
..\source\code\Source\main.c(225): warning:  #870-D: invalid multibyte character sequence
..\source\code\Source\main.c(225): warning:  #870-D: invalid multibyte character sequence
..\source\code\Source\main.c(225): warning:  #870-D: invalid multibyte character sequence
..\source\code\Source\main.c(225): warning:  #870-D: invalid multibyte character sequence
..\source\code\Source\main.c(232): warning:  #870-D: invalid multibyte character sequence
..\source\code\Source\main.c(232): warning:  #870-D: invalid multibyte character sequence
..\source\code\Source\main.c(232): warning:  #870-D: invalid multibyte character sequence
..\source\code\Source\main.c(232): warning:  #870-D: invalid multibyte character sequence
..\source\code\Source\main.c(232): warning:  #870-D: invalid multibyte character sequence
..\source\code\Source\main.c(232): warning:  #870-D: invalid multibyte character sequence
..\source\code\Source\main.c(232): warning:  #870-D: invalid multibyte character sequence
..\source\code\Source\main.c(232): warning:  #870-D: invalid multibyte character sequence
..\source\code\Source\main.c(232): warning:  #870-D: invalid multibyte character sequence
..\source\code\Source\main.c(232): warning:  #870-D: invalid multibyte character sequence
..\source\code\Source\main.c(232): warning:  #870-D: invalid multibyte character sequence
..\source\code\Source\main.c(232): warning:  #870-D: invalid multibyte character sequence
..\source\code\Source\main.c(232): warning:  #870-D: invalid multibyte character sequence
..\source\code\Source\main.c(232): warning:  #870-D: invalid multibyte character sequence
..\source\code\Source\main.c(232): warning:  #870-D: invalid multibyte character sequence
..\source\code\Source\main.c(232): warning:  #870-D: invalid multibyte character sequence
..\source\code\Source\main.c(269): warning:  #870-D: invalid multibyte character sequence
..\source\code\Source\main.c(269): warning:  #870-D: invalid multibyte character sequence
..\source\code\Source\main.c(269): warning:  #870-D: invalid multibyte character sequence
..\source\code\Source\main.c(269): warning:  #870-D: invalid multibyte character sequence
..\source\code\Source\main.c(269): warning:  #870-D: invalid multibyte character sequence
..\source\code\Source\main.c(269): warning:  #870-D: invalid multibyte character sequence
..\source\code\Source\main.c(269): warning:  #870-D: invalid multibyte character sequence
..\source\code\Source\main.c(269): warning:  #870-D: invalid multibyte character sequence
..\source\code\Source\main.c(269): warning:  #870-D: invalid multibyte character sequence
..\source\code\Source\main.c(269): warning:  #870-D: invalid multibyte character sequence
..\source\code\Source\main.c(269): warning:  #870-D: invalid multibyte character sequence
..\source\code\Source\main.c(269): warning:  #870-D: invalid multibyte character sequence
..\source\code\Source\main.c(273): warning:  #167-D: argument of type "u8 *" is incompatible with parameter of type "const char *"
..\source\code\Source\main.c(273): warning:  #188-D: enumerated type mixed with another type
..\source\code\Source\main.c(274): warning:  #870-D: invalid multibyte character sequence
..\source\code\Source\main.c(274): warning:  #870-D: invalid multibyte character sequence
..\source\code\Source\main.c(274): warning:  #870-D: invalid multibyte character sequence
..\source\code\Source\main.c(274): warning:  #870-D: invalid multibyte character sequence
..\source\code\Source\main.c(274): warning:  #870-D: invalid multibyte character sequence
..\source\code\Source\main.c(274): warning:  #870-D: invalid multibyte character sequence
..\source\code\Source\main.c(274): warning:  #870-D: invalid multibyte character sequence
..\source\code\Source\main.c(274): warning:  #870-D: invalid multibyte character sequence
..\source\code\Source\main.c(274): warning:  #870-D: invalid multibyte character sequence
..\source\code\Source\main.c(274): warning:  #870-D: invalid multibyte character sequence
..\source\code\Source\main.c(274): warning:  #870-D: invalid multibyte character sequence
..\source\code\Source\main.c(274): warning:  #870-D: invalid multibyte character sequence
..\source\code\Source\main.c(275): warning:  #870-D: invalid multibyte character sequence
..\source\code\Source\main.c(275): warning:  #870-D: invalid multibyte character sequence
..\source\code\Source\main.c(275): warning:  #870-D: invalid multibyte character sequence
..\source\code\Source\main.c(275): warning:  #870-D: invalid multibyte character sequence
..\source\code\Source\main.c(275): warning:  #870-D: invalid multibyte character sequence
..\source\code\Source\main.c(275): warning:  #870-D: invalid multibyte character sequence
..\source\code\Source\main.c(275): warning:  #870-D: invalid multibyte character sequence
..\source\code\Source\main.c(275): warning:  #870-D: invalid multibyte character sequence
..\source\code\Source\main.c(275): warning:  #870-D: invalid multibyte character sequence
..\source\code\Source\main.c(275): warning:  #870-D: invalid multibyte character sequence
..\source\code\Source\main.c(275): warning:  #870-D: invalid multibyte character sequence
..\source\code\Source\main.c(275): warning:  #870-D: invalid multibyte character sequence
..\source\code\Source\main.c(276): warning:  #870-D: invalid multibyte character sequence
..\source\code\Source\main.c(276): warning:  #870-D: invalid multibyte character sequence
..\source\code\Source\main.c(276): warning:  #870-D: invalid multibyte character sequence
..\source\code\Source\main.c(276): warning:  #870-D: invalid multibyte character sequence
..\source\code\Source\main.c(276): warning:  #870-D: invalid multibyte character sequence
..\source\code\Source\main.c(276): warning:  #870-D: invalid multibyte character sequence
..\source\code\Source\main.c(276): warning:  #870-D: invalid multibyte character sequence
..\source\code\Source\main.c(276): warning:  #870-D: invalid multibyte character sequence
..\source\code\Source\main.c(276): warning:  #870-D: invalid multibyte character sequence
..\source\code\Source\main.c(276): warning:  #870-D: invalid multibyte character sequence
..\source\code\Source\main.c(276): warning:  #870-D: invalid multibyte character sequence
..\source\code\Source\main.c(276): warning:  #870-D: invalid multibyte character sequence
..\source\code\Source\main.c(568): warning:  #870-D: invalid multibyte character sequence
..\source\code\Source\main.c(568): warning:  #870-D: invalid multibyte character sequence
..\source\code\Source\main.c(568): warning:  #870-D: invalid multibyte character sequence
..\source\code\Source\main.c(568): warning:  #870-D: invalid multibyte character sequence
..\source\code\Source\main.c(568): warning:  #870-D: invalid multibyte character sequence
..\source\code\Source\main.c(568): warning:  #870-D: invalid multibyte character sequence
..\source\code\Source\main.c(568): warning:  #870-D: invalid multibyte character sequence
..\source\code\Source\main.c(568): warning:  #870-D: invalid multibyte character sequence
..\source\code\Source\main.c(570): warning:  #870-D: invalid multibyte character sequence
..\source\code\Source\main.c(570): warning:  #870-D: invalid multibyte character sequence
..\source\code\Source\main.c(570): warning:  #870-D: invalid multibyte character sequence
..\source\code\Source\main.c(570): warning:  #870-D: invalid multibyte character sequence
..\source\code\Source\main.c(570): warning:  #870-D: invalid multibyte character sequence
..\source\code\Source\main.c(570): warning:  #870-D: invalid multibyte character sequence
..\source\code\Source\main.c(570): warning:  #870-D: invalid multibyte character sequence
..\source\code\Source\main.c(570): warning:  #870-D: invalid multibyte character sequence
..\source\code\Source\main.c(573): warning:  #870-D: invalid multibyte character sequence
..\source\code\Source\main.c(573): warning:  #870-D: invalid multibyte character sequence
..\source\code\Source\main.c(573): warning:  #870-D: invalid multibyte character sequence
..\source\code\Source\main.c(573): warning:  #870-D: invalid multibyte character sequence
..\source\code\Source\main.c(573): warning:  #870-D: invalid multibyte character sequence
..\source\code\Source\main.c(573): warning:  #870-D: invalid multibyte character sequence
..\source\code\Source\main.c(576): warning:  #870-D: invalid multibyte character sequence
..\source\code\Source\main.c(576): warning:  #870-D: invalid multibyte character sequence
..\source\code\Source\main.c(576): warning:  #870-D: invalid multibyte character sequence
..\source\code\Source\main.c(576): warning:  #870-D: invalid multibyte character sequence
..\source\code\Source\main.c(576): warning:  #870-D: invalid multibyte character sequence
..\source\code\Source\main.c(576): warning:  #870-D: invalid multibyte character sequence
..\source\code\Source\main.c(576): warning:  #870-D: invalid multibyte character sequence
..\source\code\Source\main.c(576): warning:  #870-D: invalid multibyte character sequence
..\source\code\Source\main.c(576): warning:  #870-D: invalid multibyte character sequence
..\source\code\Source\main.c(576): warning:  #870-D: invalid multibyte character sequence
..\source\code\Source\main.c(578): warning:  #870-D: invalid multibyte character sequence
..\source\code\Source\main.c(578): warning:  #870-D: invalid multibyte character sequence
..\source\code\Source\main.c(578): warning:  #870-D: invalid multibyte character sequence
..\source\code\Source\main.c(578): warning:  #870-D: invalid multibyte character sequence
..\source\code\Source\main.c(578): warning:  #870-D: invalid multibyte character sequence
..\source\code\Source\main.c(578): warning:  #870-D: invalid multibyte character sequence
..\source\code\Source\main.c(578): warning:  #870-D: invalid multibyte character sequence
..\source\code\Source\main.c(578): warning:  #870-D: invalid multibyte character sequence
..\source\code\Source\main.c(581): warning:  #870-D: invalid multibyte character sequence
..\source\code\Source\main.c(581): warning:  #870-D: invalid multibyte character sequence
..\source\code\Source\main.c(581): warning:  #870-D: invalid multibyte character sequence
..\source\code\Source\main.c(581): warning:  #870-D: invalid multibyte character sequence
..\source\code\Source\main.c(581): warning:  #870-D: invalid multibyte character sequence
..\source\code\Source\main.c(581): warning:  #870-D: invalid multibyte character sequence
..\source\code\Source\main.c(584): warning:  #870-D: invalid multibyte character sequence
..\source\code\Source\main.c(584): warning:  #870-D: invalid multibyte character sequence
..\source\code\Source\main.c(584): warning:  #870-D: invalid multibyte character sequence
..\source\code\Source\main.c(584): warning:  #870-D: invalid multibyte character sequence
..\source\code\Source\main.c(584): warning:  #870-D: invalid multibyte character sequence
..\source\code\Source\main.c(584): warning:  #870-D: invalid multibyte character sequence
..\source\code\Source\main.c(584): warning:  #870-D: invalid multibyte character sequence
..\source\code\Source\main.c(584): warning:  #870-D: invalid multibyte character sequence
..\source\code\Source\main.c(584): warning:  #870-D: invalid multibyte character sequence
..\source\code\Source\main.c(584): warning:  #870-D: invalid multibyte character sequence
..\source\code\Source\main.c(586): warning:  #870-D: invalid multibyte character sequence
..\source\code\Source\main.c(586): warning:  #870-D: invalid multibyte character sequence
..\source\code\Source\main.c(586): warning:  #870-D: invalid multibyte character sequence
..\source\code\Source\main.c(586): warning:  #870-D: invalid multibyte character sequence
..\source\code\Source\main.c(586): warning:  #870-D: invalid multibyte character sequence
..\source\code\Source\main.c(586): warning:  #870-D: invalid multibyte character sequence
..\source\code\Source\main.c(586): warning:  #870-D: invalid multibyte character sequence
..\source\code\Source\main.c(586): warning:  #870-D: invalid multibyte character sequence
..\source\code\Source\main.c(589): warning:  #870-D: invalid multibyte character sequence
..\source\code\Source\main.c(589): warning:  #870-D: invalid multibyte character sequence
..\source\code\Source\main.c(589): warning:  #870-D: invalid multibyte character sequence
..\source\code\Source\main.c(589): warning:  #870-D: invalid multibyte character sequence
..\source\code\Source\main.c(589): warning:  #870-D: invalid multibyte character sequence
..\source\code\Source\main.c(589): warning:  #870-D: invalid multibyte character sequence
..\source\code\Source\main.c(592): warning:  #870-D: invalid multibyte character sequence
..\source\code\Source\main.c(592): warning:  #870-D: invalid multibyte character sequence
..\source\code\Source\main.c(592): warning:  #870-D: invalid multibyte character sequence
..\source\code\Source\main.c(592): warning:  #870-D: invalid multibyte character sequence
..\source\code\Source\main.c(592): warning:  #870-D: invalid multibyte character sequence
..\source\code\Source\main.c(592): warning:  #870-D: invalid multibyte character sequence
..\source\code\Source\main.c(592): warning:  #870-D: invalid multibyte character sequence
..\source\code\Source\main.c(592): warning:  #870-D: invalid multibyte character sequence
..\source\code\Source\main.c(592): warning:  #870-D: invalid multibyte character sequence
..\source\code\Source\main.c(592): warning:  #870-D: invalid multibyte character sequence
..\source\code\Source\main.c(595): warning:  #870-D: invalid multibyte character sequence
..\source\code\Source\main.c(595): warning:  #870-D: invalid multibyte character sequence
..\source\code\Source\main.c(595): warning:  #870-D: invalid multibyte character sequence
..\source\code\Source\main.c(595): warning:  #870-D: invalid multibyte character sequence
..\source\code\Source\main.c(595): warning:  #870-D: invalid multibyte character sequence
..\source\code\Source\main.c(595): warning:  #870-D: invalid multibyte character sequence
..\source\code\Source\main.c(595): warning:  #870-D: invalid multibyte character sequence
..\source\code\Source\main.c(595): warning:  #870-D: invalid multibyte character sequence
..\source\code\Source\main.c(598): warning:  #870-D: invalid multibyte character sequence
..\source\code\Source\main.c(598): warning:  #870-D: invalid multibyte character sequence
..\source\code\Source\main.c(598): warning:  #870-D: invalid multibyte character sequence
..\source\code\Source\main.c(598): warning:  #870-D: invalid multibyte character sequence
..\source\code\Source\main.c(598): warning:  #870-D: invalid multibyte character sequence
..\source\code\Source\main.c(598): warning:  #870-D: invalid multibyte character sequence
..\source\code\Source\main.c(601): warning:  #870-D: invalid multibyte character sequence
..\source\code\Source\main.c(601): warning:  #870-D: invalid multibyte character sequence
..\source\code\Source\main.c(601): warning:  #870-D: invalid multibyte character sequence
..\source\code\Source\main.c(601): warning:  #870-D: invalid multibyte character sequence
..\source\code\Source\main.c(601): warning:  #870-D: invalid multibyte character sequence
..\source\code\Source\main.c(601): warning:  #870-D: invalid multibyte character sequence
..\source\code\Source\main.c(601): warning:  #870-D: invalid multibyte character sequence
..\source\code\Source\main.c(601): warning:  #870-D: invalid multibyte character sequence
..\source\code\Source\main.c(601): warning:  #870-D: invalid multibyte character sequence
..\source\code\Source\main.c(601): warning:  #870-D: invalid multibyte character sequence
..\source\code\Source\main.c(603): warning:  #870-D: invalid multibyte character sequence
..\source\code\Source\main.c(603): warning:  #870-D: invalid multibyte character sequence
..\source\code\Source\main.c(603): warning:  #870-D: invalid multibyte character sequence
..\source\code\Source\main.c(603): warning:  #870-D: invalid multibyte character sequence
..\source\code\Source\main.c(603): warning:  #870-D: invalid multibyte character sequence
..\source\code\Source\main.c(603): warning:  #870-D: invalid multibyte character sequence
..\source\code\Source\main.c(603): warning:  #870-D: invalid multibyte character sequence
..\source\code\Source\main.c(603): warning:  #870-D: invalid multibyte character sequence
..\source\code\Source\main.c(606): warning:  #870-D: invalid multibyte character sequence
..\source\code\Source\main.c(606): warning:  #870-D: invalid multibyte character sequence
..\source\code\Source\main.c(606): warning:  #870-D: invalid multibyte character sequence
..\source\code\Source\main.c(606): warning:  #870-D: invalid multibyte character sequence
..\source\code\Source\main.c(606): warning:  #870-D: invalid multibyte character sequence
..\source\code\Source\main.c(606): warning:  #870-D: invalid multibyte character sequence
..\source\code\Source\main.c(609): warning:  #870-D: invalid multibyte character sequence
..\source\code\Source\main.c(609): warning:  #870-D: invalid multibyte character sequence
..\source\code\Source\main.c(609): warning:  #870-D: invalid multibyte character sequence
..\source\code\Source\main.c(609): warning:  #870-D: invalid multibyte character sequence
..\source\code\Source\main.c(609): warning:  #870-D: invalid multibyte character sequence
..\source\code\Source\main.c(609): warning:  #870-D: invalid multibyte character sequence
..\source\code\Source\main.c(609): warning:  #870-D: invalid multibyte character sequence
..\source\code\Source\main.c(609): warning:  #870-D: invalid multibyte character sequence
..\source\code\Source\main.c(609): warning:  #870-D: invalid multibyte character sequence
..\source\code\Source\main.c(609): warning:  #870-D: invalid multibyte character sequence
..\source\code\Source\main.c(611): warning:  #870-D: invalid multibyte character sequence
..\source\code\Source\main.c(611): warning:  #870-D: invalid multibyte character sequence
..\source\code\Source\main.c(611): warning:  #870-D: invalid multibyte character sequence
..\source\code\Source\main.c(611): warning:  #870-D: invalid multibyte character sequence
..\source\code\Source\main.c(611): warning:  #870-D: invalid multibyte character sequence
..\source\code\Source\main.c(611): warning:  #870-D: invalid multibyte character sequence
..\source\code\Source\main.c(614): warning:  #870-D: invalid multibyte character sequence
..\source\code\Source\main.c(614): warning:  #870-D: invalid multibyte character sequence
..\source\code\Source\main.c(614): warning:  #870-D: invalid multibyte character sequence
..\source\code\Source\main.c(614): warning:  #870-D: invalid multibyte character sequence
..\source\code\Source\main.c(614): warning:  #870-D: invalid multibyte character sequence
..\source\code\Source\main.c(614): warning:  #870-D: invalid multibyte character sequence
..\source\code\Source\main.c(617): warning:  #870-D: invalid multibyte character sequence
..\source\code\Source\main.c(617): warning:  #870-D: invalid multibyte character sequence
..\source\code\Source\main.c(617): warning:  #870-D: invalid multibyte character sequence
..\source\code\Source\main.c(617): warning:  #870-D: invalid multibyte character sequence
..\source\code\Source\main.c(617): warning:  #870-D: invalid multibyte character sequence
..\source\code\Source\main.c(617): warning:  #870-D: invalid multibyte character sequence
..\source\code\Source\main.c(617): warning:  #870-D: invalid multibyte character sequence
..\source\code\Source\main.c(617): warning:  #870-D: invalid multibyte character sequence
..\source\code\Source\main.c(617): warning:  #870-D: invalid multibyte character sequence
..\source\code\Source\main.c(617): warning:  #870-D: invalid multibyte character sequence
..\source\code\Source\main.c(627): warning:  #870-D: invalid multibyte character sequence
..\source\code\Source\main.c(627): warning:  #870-D: invalid multibyte character sequence
..\source\code\Source\main.c(627): warning:  #870-D: invalid multibyte character sequence
..\source\code\Source\main.c(627): warning:  #870-D: invalid multibyte character sequence
..\source\code\Source\main.c(627): warning:  #870-D: invalid multibyte character sequence
..\source\code\Source\main.c(627): warning:  #870-D: invalid multibyte character sequence
..\source\code\Source\main.c(627): warning:  #870-D: invalid multibyte character sequence
..\source\code\Source\main.c(627): warning:  #870-D: invalid multibyte character sequence
..\source\code\Source\main.c(627): warning:  #870-D: invalid multibyte character sequence
..\source\code\Source\main.c(627): warning:  #870-D: invalid multibyte character sequence
..\source\code\Source\main.c(630): warning:  #870-D: invalid multibyte character sequence
..\source\code\Source\main.c(630): warning:  #870-D: invalid multibyte character sequence
..\source\code\Source\main.c(630): warning:  #870-D: invalid multibyte character sequence
..\source\code\Source\main.c(630): warning:  #870-D: invalid multibyte character sequence
..\source\code\Source\main.c(630): warning:  #870-D: invalid multibyte character sequence
..\source\code\Source\main.c(630): warning:  #870-D: invalid multibyte character sequence
..\source\code\Source\main.c(630): warning:  #870-D: invalid multibyte character sequence
..\source\code\Source\main.c(630): warning:  #870-D: invalid multibyte character sequence
..\source\code\Source\main.c(630): warning:  #870-D: invalid multibyte character sequence
..\source\code\Source\main.c(630): warning:  #870-D: invalid multibyte character sequence
..\source\code\Source\main.c(630): warning:  #870-D: invalid multibyte character sequence
..\source\code\Source\main.c(630): warning:  #870-D: invalid multibyte character sequence
..\source\code\Source\main.c(630): warning:  #870-D: invalid multibyte character sequence
..\source\code\Source\main.c(630): warning:  #870-D: invalid multibyte character sequence
Target not created
Build target 'Target 1'
compiling FatFS_cmds.c...
..\source\FatFS_cmds.c(51): warning:  #223-D: function "Shell_OutTXT" declared implicitly
..\source\FatFS_cmds.c(66): warning:  #223-D: function "Shell_OutTXT" declared implicitly
..\source\FatFS_cmds.c(70): warning:  #223-D: function "Shell_OutTXT" declared implicitly
..\source\FatFS_cmds.c(74): warning:  #223-D: function "Shell_OutTXT" declared implicitly
..\source\FatFS_cmds.c(92): warning:  #223-D: function "Shell_OutTXT" declared implicitly
..\source\FatFS_cmds.c(97): warning:  #223-D: function "Shell_OutTXT" declared implicitly
..\source\FatFS_cmds.c(101): warning:  #223-D: function "Shell_OutTXT" declared implicitly
..\source\FatFS_cmds.c(113): warning:  #223-D: function "Shell_OutTXT" declared implicitly
..\source\FatFS_cmds.c(111): warning:  #550-D: variable "i" was set but never used
..\source\FatFS_cmds.c(169): warning:  #223-D: function "Shell_OutTXT" declared implicitly
..\source\FatFS_cmds.c(176): warning:  #223-D: function "Shell_OutTXT" declared implicitly
..\source\FatFS_cmds.c(184): warning:  #223-D: function "Shell_OutTXT" declared implicitly
..\source\FatFS_cmds.c(196): warning:  #223-D: function "Shell_OutTXT" declared implicitly
..\source\FatFS_cmds.c(199): warning:  #223-D: function "Shell_OutTXT" declared implicitly
..\source\FatFS_cmds.c(223): warning:  #223-D: function "Shell_OutTXT" declared implicitly
..\source\FatFS_cmds.c(232): warning:  #223-D: function "Shell_OutTXT" declared implicitly
..\source\FatFS_cmds.c(250): warning:  #223-D: function "Shell_OutTXT" declared implicitly
..\source\FatFS_cmds.c(261): warning:  #223-D: function "Shell_OutTXT" declared implicitly
..\source\FatFS_cmds.c(261): warning:  #870-D: invalid multibyte character sequence
..\source\FatFS_cmds.c(261): warning:  #870-D: invalid multibyte character sequence
..\source\FatFS_cmds.c(261): warning:  #870-D: invalid multibyte character sequence
..\source\FatFS_cmds.c(261): warning:  #870-D: invalid multibyte character sequence
..\source\FatFS_cmds.c(261): warning:  #870-D: invalid multibyte character sequence
..\source\FatFS_cmds.c(261): warning:  #870-D: invalid multibyte character sequence
..\source\FatFS_cmds.c(261): warning:  #870-D: invalid multibyte character sequence
..\source\FatFS_cmds.c(261): warning:  #870-D: invalid multibyte character sequence
..\source\FatFS_cmds.c(261): warning:  #870-D: invalid multibyte character sequence
..\source\FatFS_cmds.c(261): warning:  #870-D: invalid multibyte character sequence
..\source\FatFS_cmds.c(272): warning:  #223-D: function "Shell_OutTXT" declared implicitly
..\source\FatFS_cmds.c(295): warning:  #223-D: function "Shell_OutTXT" declared implicitly
..\source\FatFS_cmds.c(318): warning:  #223-D: function "Shell_OutTXT" declared implicitly
..\source\FatFS_cmds.c(342): warning:  #223-D: function "Shell_OutTXT" declared implicitly
..\source\FatFS_cmds.c(349): warning:  #223-D: function "Shell_OutTXT" declared implicitly
..\source\FatFS_cmds.c(355): warning:  #223-D: function "Shell_OutTXT" declared implicitly
..\source\FatFS_cmds.c(364): warning:  #223-D: function "Shell_OutTXT" declared implicitly
..\source\FatFS_cmds.c(396): warning:  #223-D: function "Shell_OutTXT" declared implicitly
..\source\FatFS_cmds.c(400): warning:  #223-D: function "Shell_OutTXT" declared implicitly
..\source\FatFS_cmds.c(407): warning:  #223-D: function "Shell_OutTXT" declared implicitly
..\source\FatFS_cmds.c(422): warning:  #223-D: function "Shell_OutTXT" declared implicitly
..\source\FatFS_cmds.c(430): warning:  #223-D: function "Shell_OutTXT" declared implicitly
..\source\FatFS_cmds.c(436): warning:  #223-D: function "Shell_OutTXT" declared implicitly
..\source\FatFS_cmds.c(446): warning:  #223-D: function "Shell_OutTXT" declared implicitly
..\source\FatFS_cmds.c(456): warning:  #223-D: function "Shell_OutTXT" declared implicitly
linking...
.\Obj\project.axf: Error: L6218E: Undefined symbol Shell_OutTXT (referred from fatfs_cmds.o).
Target not created
Build target 'Target 1'
compiling FatFS_cmds.c...
..\source\FatFS_cmds.c(110): warning:  #550-D: variable "i" was set but never used
..\source\FatFS_cmds.c(260): warning:  #870-D: invalid multibyte character sequence
..\source\FatFS_cmds.c(260): warning:  #870-D: invalid multibyte character sequence
..\source\FatFS_cmds.c(260): warning:  #870-D: invalid multibyte character sequence
..\source\FatFS_cmds.c(260): warning:  #870-D: invalid multibyte character sequence
..\source\FatFS_cmds.c(260): warning:  #870-D: invalid multibyte character sequence
..\source\FatFS_cmds.c(260): warning:  #870-D: invalid multibyte character sequence
..\source\FatFS_cmds.c(260): warning:  #870-D: invalid multibyte character sequence
..\source\FatFS_cmds.c(260): warning:  #870-D: invalid multibyte character sequence
..\source\FatFS_cmds.c(260): warning:  #870-D: invalid multibyte character sequence
..\source\FatFS_cmds.c(260): warning:  #870-D: invalid multibyte character sequence
linking...
Program Size: Code=31036 RO-data=448 RW-data=80 ZI-data=7080  
FromELF: creating hex file...
".\Obj\project.axf" - 0 Error(s), 11 Warning(s).
Build target 'Target 1'
linking...
Program Size: Code=31036 RO-data=448 RW-data=80 ZI-data=7080  
FromELF: creating hex file...
".\Obj\project.axf" - 0 Error(s), 0 Warning(s).
Build target 'Target 1'
compiling main.c...
..\source\code\Source\main.c(17): error:  #40: expected an identifier
..\source\Library\inc\stm32f10x_type.h(23): warning:  #12-D: parsing restarts here after previous syntax error
..\source\code\Source\main.c(37): warning:  #1295-D: Deprecated declaration Time_Display - give arg types
..\source\code\Source\main.c(57): warning:  #520-D: initialization with "{...}" expected for aggregate object
..\source\code\Source\main.c(58): warning:  #520-D: initialization with "{...}" expected for aggregate object
..\source\code\Source\main.c(107): warning:  #223-D: function "SPI_Configuration" declared implicitly
..\source\code\Source\main.c(108): warning:  #223-D: function "SD_Init" declared implicitly
..\source\code\Source\main.c(64): warning:  #177-D: variable "x" was declared but never referenced
..\source\code\Source\main.c(148): warning:  #520-D: initialization with "{...}" expected for aggregate object
..\source\code\Source\main.c(148): warning:  #520-D: initialization with "{...}" expected for aggregate object
..\source\code\Source\main.c(158): warning:  #167-D: argument of type "u8 *" is incompatible with parameter of type "const char *"
..\source\code\Source\main.c(158): warning:  #188-D: enumerated type mixed with another type
..\source\code\Source\main.c(191): warning:  #870-D: invalid multibyte character sequence
..\source\code\Source\main.c(191): warning:  #870-D: invalid multibyte character sequence
..\source\code\Source\main.c(191): warning:  #870-D: invalid multibyte character sequence
..\source\code\Source\main.c(191): warning:  #870-D: invalid multibyte character sequence
..\source\code\Source\main.c(191): warning:  #870-D: invalid multibyte character sequence
..\source\code\Source\main.c(191): warning:  #870-D: invalid multibyte character sequence
..\source\code\Source\main.c(191): warning:  #870-D: invalid multibyte character sequence
..\source\code\Source\main.c(191): warning:  #870-D: invalid multibyte character sequence
..\source\code\Source\main.c(191): warning:  #870-D: invalid multibyte character sequence
..\source\code\Source\main.c(191): warning:  #870-D: invalid multibyte character sequence
..\source\code\Source\main.c(191): warning:  #870-D: invalid multibyte character sequence
..\source\code\Source\main.c(191): warning:  #870-D: invalid multibyte character sequence
..\source\code\Source\main.c(194): warning:  #870-D: invalid multibyte character sequence
..\source\code\Source\main.c(194): warning:  #870-D: invalid multibyte character sequence
..\source\code\Source\main.c(194): warning:  #870-D: invalid multibyte character sequence
..\source\code\Source\main.c(194): warning:  #870-D: invalid multibyte character sequence
..\source\code\Source\main.c(194): warning:  #870-D: invalid multibyte character sequence
..\source\code\Source\main.c(194): warning:  #870-D: invalid multibyte character sequence
..\source\code\Source\main.c(194): warning:  #870-D: invalid multibyte character sequence
..\source\code\Source\main.c(194): warning:  #870-D: invalid multibyte character sequence
..\source\code\Source\main.c(195): warning:  #870-D: invalid multibyte character sequence
..\source\code\Source\main.c(195): warning:  #870-D: invalid multibyte character sequence
..\source\code\Source\main.c(195): warning:  #870-D: invalid multibyte character sequence
..\source\code\Source\main.c(195): warning:  #870-D: invalid multibyte character sequence
..\source\code\Source\main.c(195): warning:  #870-D: invalid multibyte character sequence
..\source\code\Source\main.c(195): warning:  #870-D: invalid multibyte character sequence
..\source\code\Source\main.c(195): warning:  #870-D: invalid multibyte character sequence
..\source\code\Source\main.c(195): warning:  #870-D: invalid multibyte character sequence
..\source\code\Source\main.c(198): warning:  #870-D: invalid multibyte character sequence
..\source\code\Source\main.c(198): warning:  #870-D: invalid multibyte character sequence
..\source\code\Source\main.c(198): warning:  #870-D: invalid multibyte character sequence
..\source\code\Source\main.c(198): warning:  #870-D: invalid multibyte character sequence
..\source\code\Source\main.c(198): warning:  #870-D: invalid multibyte character sequence
..\source\code\Source\main.c(198): warning:  #870-D: invalid multibyte character sequence
..\source\code\Source\main.c(198): warning:  #870-D: invalid multibyte character sequence
..\source\code\Source\main.c(198): warning:  #870-D: invalid multibyte character sequence
..\source\code\Source\main.c(198): warning:  #870-D: invalid multibyte character sequence
..\source\code\Source\main.c(198): warning:  #870-D: invalid multibyte character sequence
..\source\code\Source\main.c(199): warning:  #870-D: invalid multibyte character sequence
..\source\code\Source\main.c(199): warning:  #870-D: invalid multibyte character sequence
..\source\code\Source\main.c(199): warning:  #870-D: invalid multibyte character sequence
..\source\code\Source\main.c(199): warning:  #870-D: invalid multibyte character sequence
..\source\code\Source\main.c(199): warning:  #870-D: invalid multibyte character sequence
..\source\code\Source\main.c(199): warning:  #870-D: invalid multibyte character sequence
..\source\code\Source\main.c(199): warning:  #870-D: invalid multibyte character sequence
..\source\code\Source\main.c(199): warning:  #870-D: invalid multibyte character sequence
..\source\code\Source\main.c(199): warning:  #870-D: invalid multibyte character sequence
..\source\code\Source\main.c(199): warning:  #870-D: invalid multibyte character sequence
..\source\code\Source\main.c(206): warning:  #870-D: invalid multibyte character sequence
..\source\code\Source\main.c(206): warning:  #870-D: invalid multibyte character sequence
..\source\code\Source\main.c(206): warning:  #870-D: invalid multibyte character sequence
..\source\code\Source\main.c(206): warning:  #870-D: invalid multibyte character sequence
..\source\code\Source\main.c(206): warning:  #870-D: invalid multibyte character sequence
..\source\code\Source\main.c(206): warning:  #870-D: invalid multibyte character sequence
..\source\code\Source\main.c(206): warning:  #870-D: invalid multibyte character sequence
..\source\code\Source\main.c(206): warning:  #870-D: invalid multibyte character sequence
..\source\code\Source\main.c(206): warning:  #870-D: invalid multibyte character sequence
..\source\code\Source\main.c(206): warning:  #870-D: invalid multibyte character sequence
..\source\code\Source\main.c(206): warning:  #870-D: invalid multibyte character sequence
..\source\code\Source\main.c(206): warning:  #870-D: invalid multibyte character sequence
..\source\code\Source\main.c(206): warning:  #870-D: invalid multibyte character sequence
..\source\code\Source\main.c(206): warning:  #870-D: invalid multibyte character sequence
..\source\code\Source\main.c(206): warning:  #870-D: invalid multibyte character sequence
..\source\code\Source\main.c(206): warning:  #870-D: invalid multibyte character sequence
..\source\code\Source\main.c(243): warning:  #870-D: invalid multibyte character sequence
..\source\code\Source\main.c(243): warning:  #870-D: invalid multibyte character sequence
..\source\code\Source\main.c(243): warning:  #870-D: invalid multibyte character sequence
..\source\code\Source\main.c(243): warning:  #870-D: invalid multibyte character sequence
..\source\code\Source\main.c(243): warning:  #870-D: invalid multibyte character sequence
..\source\code\Source\main.c(243): warning:  #870-D: invalid multibyte character sequence
..\source\code\Source\main.c(243): warning:  #870-D: invalid multibyte character sequence
..\source\code\Source\main.c(243): warning:  #870-D: invalid multibyte character sequence
..\source\code\Source\main.c(243): warning:  #870-D: invalid multibyte character sequence
..\source\code\Source\main.c(243): warning:  #870-D: invalid multibyte character sequence
..\source\code\Source\main.c(243): warning:  #870-D: invalid multibyte character sequence
..\source\code\Source\main.c(243): warning:  #870-D: invalid multibyte character sequence
..\source\code\Source\main.c(247): warning:  #167-D: argument of type "u8 *" is incompatible with parameter of type "const char *"
..\source\code\Source\main.c(247): warning:  #188-D: enumerated type mixed with another type
..\source\code\Source\main.c(248): warning:  #870-D: invalid multibyte character sequence
..\source\code\Source\main.c(248): warning:  #870-D: invalid multibyte character sequence
..\source\code\Source\main.c(248): warning:  #870-D: invalid multibyte character sequence
..\source\code\Source\main.c(248): warning:  #870-D: invalid multibyte character sequence
..\source\code\Source\main.c(248): warning:  #870-D: invalid multibyte character sequence
..\source\code\Source\main.c(248): warning:  #870-D: invalid multibyte character sequence
..\source\code\Source\main.c(248): warning:  #870-D: invalid multibyte character sequence
..\source\code\Source\main.c(248): warning:  #870-D: invalid multibyte character sequence
..\source\code\Source\main.c(248): warning:  #870-D: invalid multibyte character sequence
..\source\code\Source\main.c(248): warning:  #870-D: invalid multibyte character sequence
..\source\code\Source\main.c(248): warning:  #870-D: invalid multibyte character sequence
..\source\code\Source\main.c(248): warning:  #870-D: invalid multibyte character sequence
..\source\code\Source\main.c(249): warning:  #870-D: invalid multibyte character sequence
..\source\code\Source\main.c(249): warning:  #870-D: invalid multibyte character sequence
..\source\code\Source\main.c(249): warning:  #870-D: invalid multibyte character sequence
..\source\code\Source\main.c(249): warning:  #870-D: invalid multibyte character sequence
..\source\code\Source\main.c(249): warning:  #870-D: invalid multibyte character sequence
..\source\code\Source\main.c(249): warning:  #870-D: invalid multibyte character sequence
..\source\code\Source\main.c(249): warning:  #870-D: invalid multibyte character sequence
..\source\code\Source\main.c(249): warning:  #870-D: invalid multibyte character sequence
..\source\code\Source\main.c(249): warning:  #870-D: invalid multibyte character sequence
..\source\code\Source\main.c(249): warning:  #870-D: invalid multibyte character sequence
..\source\code\Source\main.c(249): warning:  #870-D: invalid multibyte character sequence
..\source\code\Source\main.c(249): warning:  #870-D: invalid multibyte character sequence
..\source\code\Source\main.c(250): warning:  #870-D: invalid multibyte character sequence
..\source\code\Source\main.c(250): warning:  #870-D: invalid multibyte character sequence
..\source\code\Source\main.c(250): warning:  #870-D: invalid multibyte character sequence
..\source\code\Source\main.c(250): warning:  #870-D: invalid multibyte character sequence
..\source\code\Source\main.c(250): warning:  #870-D: invalid multibyte character sequence
..\source\code\Source\main.c(250): warning:  #870-D: invalid multibyte character sequence
..\source\code\Source\main.c(250): warning:  #870-D: invalid multibyte character sequence
..\source\code\Source\main.c(250): warning:  #870-D: invalid multibyte character sequence
..\source\code\Source\main.c(250): warning:  #870-D: invalid multibyte character sequence
..\source\code\Source\main.c(250): warning:  #870-D: invalid multibyte character sequence
..\source\code\Source\main.c(250): warning:  #870-D: invalid multibyte character sequence
..\source\code\Source\main.c(250): warning:  #870-D: invalid multibyte character sequence
..\source\code\Source\main.c(542): warning:  #870-D: invalid multibyte character sequence
..\source\code\Source\main.c(542): warning:  #870-D: invalid multibyte character sequence
..\source\code\Source\main.c(542): warning:  #870-D: invalid multibyte character sequence
..\source\code\Source\main.c(542): warning:  #870-D: invalid multibyte character sequence
..\source\code\Source\main.c(542): warning:  #870-D: invalid multibyte character sequence
..\source\code\Source\main.c(542): warning:  #870-D: invalid multibyte character sequence
..\source\code\Source\main.c(542): warning:  #870-D: invalid multibyte character sequence
..\source\code\Source\main.c(542): warning:  #870-D: invalid multibyte character sequence
..\source\code\Source\main.c(544): warning:  #870-D: invalid multibyte character sequence
..\source\code\Source\main.c(544): warning:  #870-D: invalid multibyte character sequence
..\source\code\Source\main.c(544): warning:  #870-D: invalid multibyte character sequence
..\source\code\Source\main.c(544): warning:  #870-D: invalid multibyte character sequence
..\source\code\Source\main.c(544): warning:  #870-D: invalid multibyte character sequence
..\source\code\Source\main.c(544): warning:  #870-D: invalid multibyte character sequence
..\source\code\Source\main.c(544): warning:  #870-D: invalid multibyte character sequence
..\source\code\Source\main.c(544): warning:  #870-D: invalid multibyte character sequence
..\source\code\Source\main.c(547): warning:  #870-D: invalid multibyte character sequence
..\source\code\Source\main.c(547): warning:  #870-D: invalid multibyte character sequence
..\source\code\Source\main.c(547): warning:  #870-D: invalid multibyte character sequence
..\source\code\Source\main.c(547): warning:  #870-D: invalid multibyte character sequence
..\source\code\Source\main.c(547): warning:  #870-D: invalid multibyte character sequence
..\source\code\Source\main.c(547): warning:  #870-D: invalid multibyte character sequence
..\source\code\Source\main.c(550): warning:  #870-D: invalid multibyte character sequence
..\source\code\Source\main.c(550): warning:  #870-D: invalid multibyte character sequence
..\source\code\Source\main.c(550): warning:  #870-D: invalid multibyte character sequence
..\source\code\Source\main.c(550): warning:  #870-D: invalid multibyte character sequence
..\source\code\Source\main.c(550): warning:  #870-D: invalid multibyte character sequence
..\source\code\Source\main.c(550): warning:  #870-D: invalid multibyte character sequence
..\source\code\Source\main.c(550): warning:  #870-D: invalid multibyte character sequence
..\source\code\Source\main.c(550): warning:  #870-D: invalid multibyte character sequence
..\source\code\Source\main.c(550): warning:  #870-D: invalid multibyte character sequence
..\source\code\Source\main.c(550): warning:  #870-D: invalid multibyte character sequence
..\source\code\Source\main.c(552): warning:  #870-D: invalid multibyte character sequence
..\source\code\Source\main.c(552): warning:  #870-D: invalid multibyte character sequence
..\source\code\Source\main.c(552): warning:  #870-D: invalid multibyte character sequence
..\source\code\Source\main.c(552): warning:  #870-D: invalid multibyte character sequence
..\source\code\Source\main.c(552): warning:  #870-D: invalid multibyte character sequence
..\source\code\Source\main.c(552): warning:  #870-D: invalid multibyte character sequence
..\source\code\Source\main.c(552): warning:  #870-D: invalid multibyte character sequence
..\source\code\Source\main.c(552): warning:  #870-D: invalid multibyte character sequence
..\source\code\Source\main.c(555): warning:  #870-D: invalid multibyte character sequence
..\source\code\Source\main.c(555): warning:  #870-D: invalid multibyte character sequence
..\source\code\Source\main.c(555): warning:  #870-D: invalid multibyte character sequence
..\source\code\Source\main.c(555): warning:  #870-D: invalid multibyte character sequence
..\source\code\Source\main.c(555): warning:  #870-D: invalid multibyte character sequence
..\source\code\Source\main.c(555): warning:  #870-D: invalid multibyte character sequence
..\source\code\Source\main.c(558): warning:  #870-D: invalid multibyte character sequence
..\source\code\Source\main.c(558): warning:  #870-D: invalid multibyte character sequence
..\source\code\Source\main.c(558): warning:  #870-D: invalid multibyte character sequence
..\source\code\Source\main.c(558): warning:  #870-D: invalid multibyte character sequence
..\source\code\Source\main.c(558): warning:  #870-D: invalid multibyte character sequence
..\source\code\Source\main.c(558): warning:  #870-D: invalid multibyte character sequence
..\source\code\Source\main.c(558): warning:  #870-D: invalid multibyte character sequence
..\source\code\Source\main.c(558): warning:  #870-D: invalid multibyte character sequence
..\source\code\Source\main.c(558): warning:  #870-D: invalid multibyte character sequence
..\source\code\Source\main.c(558): warning:  #870-D: invalid multibyte character sequence
..\source\code\Source\main.c(560): warning:  #870-D: invalid multibyte character sequence
..\source\code\Source\main.c(560): warning:  #870-D: invalid multibyte character sequence
..\source\code\Source\main.c(560): warning:  #870-D: invalid multibyte character sequence
..\source\code\Source\main.c(560): warning:  #870-D: invalid multibyte character sequence
..\source\code\Source\main.c(560): warning:  #870-D: invalid multibyte character sequence
..\source\code\Source\main.c(560): warning:  #870-D: invalid multibyte character sequence
..\source\code\Source\main.c(560): warning:  #870-D: invalid multibyte character sequence
..\source\code\Source\main.c(560): warning:  #870-D: invalid multibyte character sequence
..\source\code\Source\main.c(563): warning:  #870-D: invalid multibyte character sequence
..\source\code\Source\main.c(563): warning:  #870-D: invalid multibyte character sequence
..\source\code\Source\main.c(563): warning:  #870-D: invalid multibyte character sequence
..\source\code\Source\main.c(563): warning:  #870-D: invalid multibyte character sequence
..\source\code\Source\main.c(563): warning:  #870-D: invalid multibyte character sequence
..\source\code\Source\main.c(563): warning:  #870-D: invalid multibyte character sequence
..\source\code\Source\main.c(566): warning:  #870-D: invalid multibyte character sequence
..\source\code\Source\main.c(566): warning:  #870-D: invalid multibyte character sequence
..\source\code\Source\main.c(566): warning:  #870-D: invalid multibyte character sequence
..\source\code\Source\main.c(566): warning:  #870-D: invalid multibyte character sequence
..\source\code\Source\main.c(566): warning:  #870-D: invalid multibyte character sequence
..\source\code\Source\main.c(566): warning:  #870-D: invalid multibyte character sequence
..\source\code\Source\main.c(566): warning:  #870-D: invalid multibyte character sequence
..\source\code\Source\main.c(566): warning:  #870-D: invalid multibyte character sequence
..\source\code\Source\main.c(566): warning:  #870-D: invalid multibyte character sequence
..\source\code\Source\main.c(566): warning:  #870-D: invalid multibyte character sequence
..\source\code\Source\main.c(569): warning:  #870-D: invalid multibyte character sequence
..\source\code\Source\main.c(569): warning:  #870-D: invalid multibyte character sequence
..\source\code\Source\main.c(569): warning:  #870-D: invalid multibyte character sequence
..\source\code\Source\main.c(569): warning:  #870-D: invalid multibyte character sequence
..\source\code\Source\main.c(569): warning:  #870-D: invalid multibyte character sequence
..\source\code\Source\main.c(569): warning:  #870-D: invalid multibyte character sequence
..\source\code\Source\main.c(569): warning:  #870-D: invalid multibyte character sequence
..\source\code\Source\main.c(569): warning:  #870-D: invalid multibyte character sequence
..\source\code\Source\main.c(572): warning:  #870-D: invalid multibyte character sequence
..\source\code\Source\main.c(572): warning:  #870-D: invalid multibyte character sequence
..\source\code\Source\main.c(572): warning:  #870-D: invalid multibyte character sequence
..\source\code\Source\main.c(572): warning:  #870-D: invalid multibyte character sequence
..\source\code\Source\main.c(572): warning:  #870-D: invalid multibyte character sequence
..\source\code\Source\main.c(572): warning:  #870-D: invalid multibyte character sequence
..\source\code\Source\main.c(575): warning:  #870-D: invalid multibyte character sequence
..\source\code\Source\main.c(575): warning:  #870-D: invalid multibyte character sequence
..\source\code\Source\main.c(575): warning:  #870-D: invalid multibyte character sequence
..\source\code\Source\main.c(575): warning:  #870-D: invalid multibyte character sequence
..\source\code\Source\main.c(575): warning:  #870-D: invalid multibyte character sequence
..\source\code\Source\main.c(575): warning:  #870-D: invalid multibyte character sequence
..\source\code\Source\main.c(575): warning:  #870-D: invalid multibyte character sequence
..\source\code\Source\main.c(575): warning:  #870-D: invalid multibyte character sequence
..\source\code\Source\main.c(575): warning:  #870-D: invalid multibyte character sequence
..\source\code\Source\main.c(575): warning:  #870-D: invalid multibyte character sequence
..\source\code\Source\main.c(577): warning:  #870-D: invalid multibyte character sequence
..\source\code\Source\main.c(577): warning:  #870-D: invalid multibyte character sequence
..\source\code\Source\main.c(577): warning:  #870-D: invalid multibyte character sequence
..\source\code\Source\main.c(577): warning:  #870-D: invalid multibyte character sequence
..\source\code\Source\main.c(577): warning:  #870-D: invalid multibyte character sequence
..\source\code\Source\main.c(577): warning:  #870-D: invalid multibyte character sequence
..\source\code\Source\main.c(577): warning:  #870-D: invalid multibyte character sequence
..\source\code\Source\main.c(577): warning:  #870-D: invalid multibyte character sequence
..\source\code\Source\main.c(580): warning:  #870-D: invalid multibyte character sequence
..\source\code\Source\main.c(580): warning:  #870-D: invalid multibyte character sequence
..\source\code\Source\main.c(580): warning:  #870-D: invalid multibyte character sequence
..\source\code\Source\main.c(580): warning:  #870-D: invalid multibyte character sequence
..\source\code\Source\main.c(580): warning:  #870-D: invalid multibyte character sequence
..\source\code\Source\main.c(580): warning:  #870-D: invalid multibyte character sequence
..\source\code\Source\main.c(583): warning:  #870-D: invalid multibyte character sequence
..\source\code\Source\main.c(583): warning:  #870-D: invalid multibyte character sequence
..\source\code\Source\main.c(583): warning:  #870-D: invalid multibyte character sequence
..\source\code\Source\main.c(583): warning:  #870-D: invalid multibyte character sequence
..\source\code\Source\main.c(583): warning:  #870-D: invalid multibyte character sequence
..\source\code\Source\main.c(583): warning:  #870-D: invalid multibyte character sequence
..\source\code\Source\main.c(583): warning:  #870-D: invalid multibyte character sequence
..\source\code\Source\main.c(583): warning:  #870-D: invalid multibyte character sequence
..\source\code\Source\main.c(583): warning:  #870-D: invalid multibyte character sequence
..\source\code\Source\main.c(583): warning:  #870-D: invalid multibyte character sequence
..\source\code\Source\main.c(585): warning:  #870-D: invalid multibyte character sequence
..\source\code\Source\main.c(585): warning:  #870-D: invalid multibyte character sequence
..\source\code\Source\main.c(585): warning:  #870-D: invalid multibyte character sequence
..\source\code\Source\main.c(585): warning:  #870-D: invalid multibyte character sequence
..\source\code\Source\main.c(585): warning:  #870-D: invalid multibyte character sequence
..\source\code\Source\main.c(585): warning:  #870-D: invalid multibyte character sequence
..\source\code\Source\main.c(588): warning:  #870-D: invalid multibyte character sequence
..\source\code\Source\main.c(588): warning:  #870-D: invalid multibyte character sequence
..\source\code\Source\main.c(588): warning:  #870-D: invalid multibyte character sequence
..\source\code\Source\main.c(588): warning:  #870-D: invalid multibyte character sequence
..\source\code\Source\main.c(588): warning:  #870-D: invalid multibyte character sequence
..\source\code\Source\main.c(588): warning:  #870-D: invalid multibyte character sequence
..\source\code\Source\main.c(591): warning:  #870-D: invalid multibyte character sequence
..\source\code\Source\main.c(591): warning:  #870-D: invalid multibyte character sequence
..\source\code\Source\main.c(591): warning:  #870-D: invalid multibyte character sequence
..\source\code\Source\main.c(591): warning:  #870-D: invalid multibyte character sequence
..\source\code\Source\main.c(591): warning:  #870-D: invalid multibyte character sequence
..\source\code\Source\main.c(591): warning:  #870-D: invalid multibyte character sequence
..\source\code\Source\main.c(591): warning:  #870-D: invalid multibyte character sequence
..\source\code\Source\main.c(591): warning:  #870-D: invalid multibyte character sequence
..\source\code\Source\main.c(591): warning:  #870-D: invalid multibyte character sequence
..\source\code\Source\main.c(591): warning:  #870-D: invalid multibyte character sequence
..\source\code\Source\main.c(601): warning:  #870-D: invalid multibyte character sequence
..\source\code\Source\main.c(601): warning:  #870-D: invalid multibyte character sequence
..\source\code\Source\main.c(601): warning:  #870-D: invalid multibyte character sequence
..\source\code\Source\main.c(601): warning:  #870-D: invalid multibyte character sequence
..\source\code\Source\main.c(601): warning:  #870-D: invalid multibyte character sequence
..\source\code\Source\main.c(601): warning:  #870-D: invalid multibyte character sequence
..\source\code\Source\main.c(601): warning:  #870-D: invalid multibyte character sequence
..\source\code\Source\main.c(601): warning:  #870-D: invalid multibyte character sequence
..\source\code\Source\main.c(601): warning:  #870-D: invalid multibyte character sequence
..\source\code\Source\main.c(601): warning:  #870-D: invalid multibyte character sequence
..\source\code\Source\main.c(604): warning:  #870-D: invalid multibyte character sequence
..\source\code\Source\main.c(604): warning:  #870-D: invalid multibyte character sequence
..\source\code\Source\main.c(604): warning:  #870-D: invalid multibyte character sequence
..\source\code\Source\main.c(604): warning:  #870-D: invalid multibyte character sequence
..\source\code\Source\main.c(604): warning:  #870-D: invalid multibyte character sequence
..\source\code\Source\main.c(604): warning:  #870-D: invalid multibyte character sequence
..\source\code\Source\main.c(604): warning:  #870-D: invalid multibyte character sequence
..\source\code\Source\main.c(604): warning:  #870-D: invalid multibyte character sequence
..\source\code\Source\main.c(604): warning:  #870-D: invalid multibyte character sequence
..\source\code\Source\main.c(604): warning:  #870-D: invalid multibyte character sequence
..\source\code\Source\main.c(604): warning:  #870-D: invalid multibyte character sequence
..\source\code\Source\main.c(604): warning:  #870-D: invalid multibyte character sequence
..\source\code\Source\main.c(604): warning:  #870-D: invalid multibyte character sequence
..\source\code\Source\main.c(604): warning:  #870-D: invalid multibyte character sequence
Target not created
Build target 'Target 1'
compiling main.c...
..\source\code\Source\main.c(17): error:  #40: expected an identifier
..\source\Library\inc\stm32f10x_type.h(23): warning:  #12-D: parsing restarts here after previous syntax error
..\source\code\Source\main.c(37): warning:  #1295-D: Deprecated declaration Time_Display - give arg types
..\source\code\Source\main.c(57): warning:  #520-D: initialization with "{...}" expected for aggregate object
..\source\code\Source\main.c(58): warning:  #520-D: initialization with "{...}" expected for aggregate object
..\source\code\Source\main.c(107): warning:  #223-D: function "SPI_Configuration" declared implicitly
..\source\code\Source\main.c(108): warning:  #223-D: function "SD_Init" declared implicitly
..\source\code\Source\main.c(64): warning:  #177-D: variable "x" was declared but never referenced
..\source\code\Source\main.c(148): warning:  #520-D: initialization with "{...}" expected for aggregate object
..\source\code\Source\main.c(148): warning:  #520-D: initialization with "{...}" expected for aggregate object
..\source\code\Source\main.c(158): warning:  #167-D: argument of type "u8 *" is incompatible with parameter of type "const char *"
..\source\code\Source\main.c(158): warning:  #188-D: enumerated type mixed with another type
..\source\code\Source\main.c(191): warning:  #870-D: invalid multibyte character sequence
..\source\code\Source\main.c(191): warning:  #870-D: invalid multibyte character sequence
..\source\code\Source\main.c(191): warning:  #870-D: invalid multibyte character sequence
..\source\code\Source\main.c(191): warning:  #870-D: invalid multibyte character sequence
..\source\code\Source\main.c(191): warning:  #870-D: invalid multibyte character sequence
..\source\code\Source\main.c(191): warning:  #870-D: invalid multibyte character sequence
..\source\code\Source\main.c(191): warning:  #870-D: invalid multibyte character sequence
..\source\code\Source\main.c(191): warning:  #870-D: invalid multibyte character sequence
..\source\code\Source\main.c(191): warning:  #870-D: invalid multibyte character sequence
..\source\code\Source\main.c(191): warning:  #870-D: invalid multibyte character sequence
..\source\code\Source\main.c(191): warning:  #870-D: invalid multibyte character sequence
..\source\code\Source\main.c(191): warning:  #870-D: invalid multibyte character sequence
..\source\code\Source\main.c(194): warning:  #870-D: invalid multibyte character sequence
..\source\code\Source\main.c(194): warning:  #870-D: invalid multibyte character sequence
..\source\code\Source\main.c(194): warning:  #870-D: invalid multibyte character sequence
..\source\code\Source\main.c(194): warning:  #870-D: invalid multibyte character sequence
..\source\code\Source\main.c(194): warning:  #870-D: invalid multibyte character sequence
..\source\code\Source\main.c(194): warning:  #870-D: invalid multibyte character sequence
..\source\code\Source\main.c(194): warning:  #870-D: invalid multibyte character sequence
..\source\code\Source\main.c(194): warning:  #870-D: invalid multibyte character sequence
..\source\code\Source\main.c(195): warning:  #870-D: invalid multibyte character sequence
..\source\code\Source\main.c(195): warning:  #870-D: invalid multibyte character sequence
..\source\code\Source\main.c(195): warning:  #870-D: invalid multibyte character sequence
..\source\code\Source\main.c(195): warning:  #870-D: invalid multibyte character sequence
..\source\code\Source\main.c(195): warning:  #870-D: invalid multibyte character sequence
..\source\code\Source\main.c(195): warning:  #870-D: invalid multibyte character sequence
..\source\code\Source\main.c(195): warning:  #870-D: invalid multibyte character sequence
..\source\code\Source\main.c(195): warning:  #870-D: invalid multibyte character sequence
..\source\code\Source\main.c(198): warning:  #870-D: invalid multibyte character sequence
..\source\code\Source\main.c(198): warning:  #870-D: invalid multibyte character sequence
..\source\code\Source\main.c(198): warning:  #870-D: invalid multibyte character sequence
..\source\code\Source\main.c(198): warning:  #870-D: invalid multibyte character sequence
..\source\code\Source\main.c(198): warning:  #870-D: invalid multibyte character sequence
..\source\code\Source\main.c(198): warning:  #870-D: invalid multibyte character sequence
..\source\code\Source\main.c(198): warning:  #870-D: invalid multibyte character sequence
..\source\code\Source\main.c(198): warning:  #870-D: invalid multibyte character sequence
..\source\code\Source\main.c(198): warning:  #870-D: invalid multibyte character sequence
..\source\code\Source\main.c(198): warning:  #870-D: invalid multibyte character sequence
..\source\code\Source\main.c(199): warning:  #870-D: invalid multibyte character sequence
..\source\code\Source\main.c(199): warning:  #870-D: invalid multibyte character sequence
..\source\code\Source\main.c(199): warning:  #870-D: invalid multibyte character sequence
..\source\code\Source\main.c(199): warning:  #870-D: invalid multibyte character sequence
..\source\code\Source\main.c(199): warning:  #870-D: invalid multibyte character sequence
..\source\code\Source\main.c(199): warning:  #870-D: invalid multibyte character sequence
..\source\code\Source\main.c(199): warning:  #870-D: invalid multibyte character sequence
..\source\code\Source\main.c(199): warning:  #870-D: invalid multibyte character sequence
..\source\code\Source\main.c(199): warning:  #870-D: invalid multibyte character sequence
..\source\code\Source\main.c(199): warning:  #870-D: invalid multibyte character sequence
..\source\code\Source\main.c(206): warning:  #870-D: invalid multibyte character sequence
..\source\code\Source\main.c(206): warning:  #870-D: invalid multibyte character sequence
..\source\code\Source\main.c(206): warning:  #870-D: invalid multibyte character sequence
..\source\code\Source\main.c(206): warning:  #870-D: invalid multibyte character sequence
..\source\code\Source\main.c(206): warning:  #870-D: invalid multibyte character sequence
..\source\code\Source\main.c(206): warning:  #870-D: invalid multibyte character sequence
..\source\code\Source\main.c(206): warning:  #870-D: invalid multibyte character sequence
..\source\code\Source\main.c(206): warning:  #870-D: invalid multibyte character sequence
..\source\code\Source\main.c(206): warning:  #870-D: invalid multibyte character sequence
..\source\code\Source\main.c(206): warning:  #870-D: invalid multibyte character sequence
..\source\code\Source\main.c(206): warning:  #870-D: invalid multibyte character sequence
..\source\code\Source\main.c(206): warning:  #870-D: invalid multibyte character sequence
..\source\code\Source\main.c(206): warning:  #870-D: invalid multibyte character sequence
..\source\code\Source\main.c(206): warning:  #870-D: invalid multibyte character sequence
..\source\code\Source\main.c(206): warning:  #870-D: invalid multibyte character sequence
..\source\code\Source\main.c(206): warning:  #870-D: invalid multibyte character sequence
..\source\code\Source\main.c(243): warning:  #870-D: invalid multibyte character sequence
..\source\code\Source\main.c(243): warning:  #870-D: invalid multibyte character sequence
..\source\code\Source\main.c(243): warning:  #870-D: invalid multibyte character sequence
..\source\code\Source\main.c(243): warning:  #870-D: invalid multibyte character sequence
..\source\code\Source\main.c(243): warning:  #870-D: invalid multibyte character sequence
..\source\code\Source\main.c(243): warning:  #870-D: invalid multibyte character sequence
..\source\code\Source\main.c(243): warning:  #870-D: invalid multibyte character sequence
..\source\code\Source\main.c(243): warning:  #870-D: invalid multibyte character sequence
..\source\code\Source\main.c(243): warning:  #870-D: invalid multibyte character sequence
..\source\code\Source\main.c(243): warning:  #870-D: invalid multibyte character sequence
..\source\code\Source\main.c(243): warning:  #870-D: invalid multibyte character sequence
..\source\code\Source\main.c(243): warning:  #870-D: invalid multibyte character sequence
..\source\code\Source\main.c(247): warning:  #167-D: argument of type "u8 *" is incompatible with parameter of type "const char *"
..\source\code\Source\main.c(247): warning:  #188-D: enumerated type mixed with another type
..\source\code\Source\main.c(248): warning:  #870-D: invalid multibyte character sequence
..\source\code\Source\main.c(248): warning:  #870-D: invalid multibyte character sequence
..\source\code\Source\main.c(248): warning:  #870-D: invalid multibyte character sequence
..\source\code\Source\main.c(248): warning:  #870-D: invalid multibyte character sequence
..\source\code\Source\main.c(248): warning:  #870-D: invalid multibyte character sequence
..\source\code\Source\main.c(248): warning:  #870-D: invalid multibyte character sequence
..\source\code\Source\main.c(248): warning:  #870-D: invalid multibyte character sequence
..\source\code\Source\main.c(248): warning:  #870-D: invalid multibyte character sequence
..\source\code\Source\main.c(248): warning:  #870-D: invalid multibyte character sequence
..\source\code\Source\main.c(248): warning:  #870-D: invalid multibyte character sequence
[...]
..\source\code\Source\main.c(569): warning:  #870-D: invalid multibyte character sequence
..\source\code\Source\main.c(569): warning:  #870-D: invalid multibyte character sequence
..\source\code\Source\main.c(569): warning:  #870-D: invalid multibyte character sequence
..\source\code\Source\main.c(569): warning:  #870-D: invalid multibyte character sequence
..\source\code\Source\main.c(569): warning:  #870-D: invalid multibyte character sequence
..\source\code\Source\main.c(569): warning:  #870-D: invalid multibyte character sequence
..\source\code\Source\main.c(569): warning:  #870-D: invalid multibyte character sequence
..\source\code\Source\main.c(569): warning:  #870-D: invalid multibyte character sequence
..\source\code\Source\main.c(570): warning:  #870-D: invalid multibyte character sequence
..\source\code\Source\main.c(570): warning:  #870-D: invalid multibyte character sequence
..\source\code\Source\main.c(570): warning:  #870-D: invalid multibyte character sequence
..\source\code\Source\main.c(570): warning:  #870-D: invalid multibyte character sequence
..\source\code\Source\main.c(570): warning:  #870-D: invalid multibyte character sequence
..\source\code\Source\main.c(570): warning:  #870-D: invalid multibyte character sequence
..\source\code\Source\main.c(570): warning:  #870-D: invalid multibyte character sequence
..\source\code\Source\main.c(570): warning:  #870-D: invalid multibyte character sequence
..\source\code\Source\main.c(570): warning:  #870-D: invalid multibyte character sequence
..\source\code\Source\main.c(570): warning:  #870-D: invalid multibyte character sequence
..\source\code\Source\main.c(570): warning:  #870-D: invalid multibyte character sequence
..\source\code\Source\main.c(570): warning:  #870-D: invalid multibyte character sequence
..\source\code\Source\main.c(584): warning:  #870-D: invalid multibyte character sequence
..\source\code\Source\main.c(584): warning:  #870-D: invalid multibyte character sequence
..\source\code\Source\main.c(584): warning:  #870-D: invalid multibyte character sequence
..\source\code\Source\main.c(584): warning:  #870-D: invalid multibyte character sequence
..\source\code\Source\main.c(584): warning:  #870-D: invalid multibyte character sequence
..\source\code\Source\main.c(584): warning:  #870-D: invalid multibyte character sequence
..\source\code\Source\main.c(584): warning:  #870-D: invalid multibyte character sequence
..\source\code\Source\main.c(584): warning:  #870-D: invalid multibyte character sequence
..\source\code\Source\main.c(586): warning:  #870-D: invalid multibyte character sequence
..\source\code\Source\main.c(586): warning:  #870-D: invalid multibyte character sequence
..\source\code\Source\main.c(586): warning:  #870-D: invalid multibyte character sequence
..\source\code\Source\main.c(586): warning:  #870-D: invalid multibyte character sequence
..\source\code\Source\main.c(586): warning:  #870-D: invalid multibyte character sequence
..\source\code\Source\main.c(586): warning:  #870-D: invalid multibyte character sequence
..\source\code\Source\main.c(586): warning:  #870-D: invalid multibyte character sequence
..\source\code\Source\main.c(586): warning:  #870-D: invalid multibyte character sequence
..\source\code\Source\main.c(589): warning:  #870-D: invalid multibyte character sequence
..\source\code\Source\main.c(589): warning:  #870-D: invalid multibyte character sequence
..\source\code\Source\main.c(589): warning:  #870-D: invalid multibyte character sequence
..\source\code\Source\main.c(589): warning:  #870-D: invalid multibyte character sequence
..\source\code\Source\main.c(589): warning:  #870-D: invalid multibyte character sequence
..\source\code\Source\main.c(589): warning:  #870-D: invalid multibyte character sequence
..\source\code\Source\main.c(592): warning:  #870-D: invalid multibyte character sequence
..\source\code\Source\main.c(592): warning:  #870-D: invalid multibyte character sequence
..\source\code\Source\main.c(592): warning:  #870-D: invalid multibyte character sequence
..\source\code\Source\main.c(592): warning:  #870-D: invalid multibyte character sequence
..\source\code\Source\main.c(592): warning:  #870-D: invalid multibyte character sequence
..\source\code\Source\main.c(592): warning:  #870-D: invalid multibyte character sequence
..\source\code\Source\main.c(592): warning:  #870-D: invalid multibyte character sequence
..\source\code\Source\main.c(592): warning:  #870-D: invalid multibyte character sequence
..\source\code\Source\main.c(592): warning:  #870-D: invalid multibyte character sequence
..\source\code\Source\main.c(592): warning:  #870-D: invalid multibyte character sequence
..\source\code\Source\main.c(594): warning:  #870-D: invalid multibyte character sequence
..\source\code\Source\main.c(594): warning:  #870-D: invalid multibyte character sequence
..\source\code\Source\main.c(594): warning:  #870-D: invalid multibyte character sequence
..\source\code\Source\main.c(594): warning:  #870-D: invalid multibyte character sequence
..\source\code\Source\main.c(594): warning:  #870-D: invalid multibyte character sequence
..\source\code\Source\main.c(594): warning:  #870-D: invalid multibyte character sequence
..\source\code\Source\main.c(594): warning:  #870-D: invalid multibyte character sequence
..\source\code\Source\main.c(594): warning:  #870-D: invalid multibyte character sequence
..\source\code\Source\main.c(597): warning:  #870-D: invalid multibyte character sequence
..\source\code\Source\main.c(597): warning:  #870-D: invalid multibyte character sequence
..\source\code\Source\main.c(597): warning:  #870-D: invalid multibyte character sequence
..\source\code\Source\main.c(597): warning:  #870-D: invalid multibyte character sequence
..\source\code\Source\main.c(597): warning:  #870-D: invalid multibyte character sequence
..\source\code\Source\main.c(597): warning:  #870-D: invalid multibyte character sequence
..\source\code\Source\main.c(600): warning:  #870-D: invalid multibyte character sequence
..\source\code\Source\main.c(600): warning:  #870-D: invalid multibyte character sequence
..\source\code\Source\main.c(600): warning:  #870-D: invalid multibyte character sequence
..\source\code\Source\main.c(600): warning:  #870-D: invalid multibyte character sequence
..\source\code\Source\main.c(600): warning:  #870-D: invalid multibyte character sequence
..\source\code\Source\main.c(600): warning:  #870-D: invalid multibyte character sequence
..\source\code\Source\main.c(600): warning:  #870-D: invalid multibyte character sequence
..\source\code\Source\main.c(600): warning:  #870-D: invalid multibyte character sequence
..\source\code\Source\main.c(600): warning:  #870-D: invalid multibyte character sequence
..\source\code\Source\main.c(600): warning:  #870-D: invalid multibyte character sequence
..\source\code\Source\main.c(602): warning:  #870-D: invalid multibyte character sequence
..\source\code\Source\main.c(602): warning:  #870-D: invalid multibyte character sequence
..\source\code\Source\main.c(602): warning:  #870-D: invalid multibyte character sequence
..\source\code\Source\main.c(602): warning:  #870-D: invalid multibyte character sequence
..\source\code\Source\main.c(602): warning:  #870-D: invalid multibyte character sequence
..\source\code\Source\main.c(602): warning:  #870-D: invalid multibyte character sequence
..\source\code\Source\main.c(602): warning:  #870-D: invalid multibyte character sequence
..\source\code\Source\main.c(602): warning:  #870-D: invalid multibyte character sequence
..\source\code\Source\main.c(605): warning:  #870-D: invalid multibyte character sequence
..\source\code\Source\main.c(605): warning:  #870-D: invalid multibyte character sequence
..\source\code\Source\main.c(605): warning:  #870-D: invalid multibyte character sequence
..\source\code\Source\main.c(605): warning:  #870-D: invalid multibyte character sequence
..\source\code\Source\main.c(605): warning:  #870-D: invalid multibyte character sequence
..\source\code\Source\main.c(605): warning:  #870-D: invalid multibyte character sequence
..\source\code\Source\main.c(608): warning:  #870-D: invalid multibyte character sequence
..\source\code\Source\main.c(608): warning:  #870-D: invalid multibyte character sequence
..\source\code\Source\main.c(608): warning:  #870-D: invalid multibyte character sequence
..\source\code\Source\main.c(608): warning:  #870-D: invalid multibyte character sequence
..\source\code\Source\main.c(608): warning:  #870-D: invalid multibyte character sequence
..\source\code\Source\main.c(608): warning:  #870-D: invalid multibyte character sequence
..\source\code\Source\main.c(608): warning:  #870-D: invalid multibyte character sequence
..\source\code\Source\main.c(608): warning:  #870-D: invalid multibyte character sequence
..\source\code\Source\main.c(608): warning:  #870-D: invalid multibyte character sequence
..\source\code\Source\main.c(608): warning:  #870-D: invalid multibyte character sequence
..\source\code\Source\main.c(611): warning:  #870-D: invalid multibyte character sequence
..\source\code\Source\main.c(611): warning:  #870-D: invalid multibyte character sequence
..\source\code\Source\main.c(611): warning:  #870-D: invalid multibyte character sequence
..\source\code\Source\main.c(611): warning:  #870-D: invalid multibyte character sequence
..\source\code\Source\main.c(611): warning:  #870-D: invalid multibyte character sequence
..\source\code\Source\main.c(611): warning:  #870-D: invalid multibyte character sequence
..\source\code\Source\main.c(611): warning:  #870-D: invalid multibyte character sequence
..\source\code\Source\main.c(611): warning:  #870-D: invalid multibyte character sequence
..\source\code\Source\main.c(614): warning:  #870-D: invalid multibyte character sequence
..\source\code\Source\main.c(614): warning:  #870-D: invalid multibyte character sequence
..\source\code\Source\main.c(614): warning:  #870-D: invalid multibyte character sequence
..\source\code\Source\main.c(614): warning:  #870-D: invalid multibyte character sequence
..\source\code\Source\main.c(614): warning:  #870-D: invalid multibyte character sequence
..\source\code\Source\main.c(614): warning:  #870-D: invalid multibyte character sequence
..\source\code\Source\main.c(617): warning:  #870-D: invalid multibyte character sequence
..\source\code\Source\main.c(617): warning:  #870-D: invalid multibyte character sequence
..\source\code\Source\main.c(617): warning:  #870-D: invalid multibyte character sequence
..\source\code\Source\main.c(617): warning:  #870-D: invalid multibyte character sequence
..\source\code\Source\main.c(617): warning:  #870-D: invalid multibyte character sequence
..\source\code\Source\main.c(617): warning:  #870-D: invalid multibyte character sequence
..\source\code\Source\main.c(617): warning:  #870-D: invalid multibyte character sequence
..\source\code\Source\main.c(617): warning:  #870-D: invalid multibyte character sequence
..\source\code\Source\main.c(617): warning:  #870-D: invalid multibyte character sequence
..\source\code\Source\main.c(617): warning:  #870-D: invalid multibyte character sequence
..\source\code\Source\main.c(619): warning:  #870-D: invalid multibyte character sequence
..\source\code\Source\main.c(619): warning:  #870-D: invalid multibyte character sequence
..\source\code\Source\main.c(619): warning:  #870-D: invalid multibyte character sequence
..\source\code\Source\main.c(619): warning:  #870-D: invalid multibyte character sequence
..\source\code\Source\main.c(619): warning:  #870-D: invalid multibyte character sequence
..\source\code\Source\main.c(619): warning:  #870-D: invalid multibyte character sequence
..\source\code\Source\main.c(619): warning:  #870-D: invalid multibyte character sequence
..\source\code\Source\main.c(619): warning:  #870-D: invalid multibyte character sequence
..\source\code\Source\main.c(622): warning:  #870-D: invalid multibyte character sequence
..\source\code\Source\main.c(622): warning:  #870-D: invalid multibyte character sequence
..\source\code\Source\main.c(622): warning:  #870-D: invalid multibyte character sequence
..\source\code\Source\main.c(622): warning:  #870-D: invalid multibyte character sequence
..\source\code\Source\main.c(622): warning:  #870-D: invalid multibyte character sequence
..\source\code\Source\main.c(622): warning:  #870-D: invalid multibyte character sequence
..\source\code\Source\main.c(625): warning:  #870-D: invalid multibyte character sequence
..\source\code\Source\main.c(625): warning:  #870-D: invalid multibyte character sequence
..\source\code\Source\main.c(625): warning:  #870-D: invalid multibyte character sequence
..\source\code\Source\main.c(625): warning:  #870-D: invalid multibyte character sequence
..\source\code\Source\main.c(625): warning:  #870-D: invalid multibyte character sequence
..\source\code\Source\main.c(625): warning:  #870-D: invalid multibyte character sequence
..\source\code\Source\main.c(625): warning:  #870-D: invalid multibyte character sequence
..\source\code\Source\main.c(625): warning:  #870-D: invalid multibyte character sequence
..\source\code\Source\main.c(625): warning:  #870-D: invalid multibyte character sequence
..\source\code\Source\main.c(625): warning:  #870-D: invalid multibyte character sequence
..\source\code\Source\main.c(627): warning:  #870-D: invalid multibyte character sequence
..\source\code\Source\main.c(627): warning:  #870-D: invalid multibyte character sequence
..\source\code\Source\main.c(627): warning:  #870-D: invalid multibyte character sequence
..\source\code\Source\main.c(627): warning:  #870-D: invalid multibyte character sequence
..\source\code\Source\main.c(627): warning:  #870-D: invalid multibyte character sequence
..\source\code\Source\main.c(627): warning:  #870-D: invalid multibyte character sequence
..\source\code\Source\main.c(630): warning:  #870-D: invalid multibyte character sequence
..\source\code\Source\main.c(630): warning:  #870-D: invalid multibyte character sequence
..\source\code\Source\main.c(630): warning:  #870-D: invalid multibyte character sequence
..\source\code\Source\main.c(630): warning:  #870-D: invalid multibyte character sequence
..\source\code\Source\main.c(630): warning:  #870-D: invalid multibyte character sequence
..\source\code\Source\main.c(630): warning:  #870-D: invalid multibyte character sequence
..\source\code\Source\main.c(633): warning:  #870-D: invalid multibyte character sequence
..\source\code\Source\main.c(633): warning:  #870-D: invalid multibyte character sequence
..\source\code\Source\main.c(633): warning:  #870-D: invalid multibyte character sequence
..\source\code\Source\main.c(633): warning:  #870-D: invalid multibyte character sequence
..\source\code\Source\main.c(633): warning:  #870-D: invalid multibyte character sequence
..\source\code\Source\main.c(633): warning:  #870-D: invalid multibyte character sequence
..\source\code\Source\main.c(633): warning:  #870-D: invalid multibyte character sequence
..\source\code\Source\main.c(633): warning:  #870-D: invalid multibyte character sequence
..\source\code\Source\main.c(633): warning:  #870-D: invalid multibyte character sequence
..\source\code\Source\main.c(633): warning:  #870-D: invalid multibyte character sequence
..\source\code\Source\main.c(643): warning:  #870-D: invalid multibyte character sequence
..\source\code\Source\main.c(643): warning:  #870-D: invalid multibyte character sequence
..\source\code\Source\main.c(643): warning:  #870-D: invalid multibyte character sequence
..\source\code\Source\main.c(643): warning:  #870-D: invalid multibyte character sequence
..\source\code\Source\main.c(643): warning:  #870-D: invalid multibyte character sequence
..\source\code\Source\main.c(643): warning:  #870-D: invalid multibyte character sequence
..\source\code\Source\main.c(643): warning:  #870-D: invalid multibyte character sequence
..\source\code\Source\main.c(643): warning:  #870-D: invalid multibyte character sequence
..\source\code\Source\main.c(643): warning:  #870-D: invalid multibyte character sequence
..\source\code\Source\main.c(643): warning:  #870-D: invalid multibyte character sequence
..\source\code\Source\main.c(646): warning:  #870-D: invalid multibyte character sequence
..\source\code\Source\main.c(646): warning:  #870-D: invalid multibyte character sequence
..\source\code\Source\main.c(646): warning:  #870-D: invalid multibyte character sequence
..\source\code\Source\main.c(646): warning:  #870-D: invalid multibyte character sequence
..\source\code\Source\main.c(646): warning:  #870-D: invalid multibyte character sequence
..\source\code\Source\main.c(646): warning:  #870-D: invalid multibyte character sequence
..\source\code\Source\main.c(646): warning:  #870-D: invalid multibyte character sequence
..\source\code\Source\main.c(646): warning:  #870-D: invalid multibyte character sequence
..\source\code\Source\main.c(646): warning:  #870-D: invalid multibyte character sequence
..\source\code\Source\main.c(646): warning:  #870-D: invalid multibyte character sequence
..\source\code\Source\main.c(646): warning:  #870-D: invalid multibyte character sequence
..\source\code\Source\main.c(646): warning:  #870-D: invalid multibyte character sequence
..\source\code\Source\main.c(646): warning:  #870-D: invalid multibyte character sequence
..\source\code\Source\main.c(646): warning:  #870-D: invalid multibyte character sequence
linking...
Program Size: Code=31040 RO-data=448 RW-data=56 ZI-data=7064  
FromELF: creating hex file...
".\Obj\project.axf" - 0 Error(s), 297 Warning(s).
Build target 'Target 1'
linking...
Program Size: Code=31040 RO-data=448 RW-data=56 ZI-data=7064  
FromELF: creating hex file...
".\Obj\project.axf" - 0 Error(s), 0 Warning(s).
Build target 'Target 1'
linking...
Program Size: Code=31040 RO-data=448 RW-data=56 ZI-data=7064  
FromELF: creating hex file...
".\Obj\project.axf" - 0 Error(s), 0 Warning(s).
Load "E:\\ARM\\Æû³µÌ¥Ñ¹¼ì²â\\project\\Obj\\project.AXF" 
USB Communication Failure
Build target 'Target 1'
linking...
Program Size: Code=31040 RO-data=448 RW-data=56 ZI-data=7064  
FromELF: creating hex file...
".\Obj\project.axf" - 0 Error(s), 0 Warning(s).
Load "E:\\ARM\\Æû³µÌ¥Ñ¹¼ì²â\\project\\Obj\\project.AXF" 
USB Communication Failure
Load "E:\\ARM\\Æû³µÌ¥Ñ¹¼ì²â\\project\\Obj\\project.AXF" 

JLink info:
-----------
DLL: V4.08b, compiled Jun 30 2009 19:10:31
Firmware: J-Link ARM V8 compiled Dec  1 2009 11:42:48
Hardware: V8.00
S/N : 20100214 
Feature(s) : RDI,FlashDL,FlashBP,JFlash,GDBFull 
---
* JLink Info: TotalIRLen = 9, IRPrint = 0x0011
* JLink Info: Found Cortex-M3 r1p1, Little endian.
* JLink Info: TPIU fitted.
* JLink Info: ETM fitted.
* JLink Info:   FPUnit: 6 code (BP) slots and 2 literal slots

Target info:
------------
Device: STM32F103VC
VTarget = 3.339V
State of Pins: 
TCK: 1, TDI: 0, TDO: 1, TMS: 0, TRES: 1, TRST: 1
* JLink Info: TotalIRLen = 9, IRPrint = 0x0011
* JLink Info: Found Cortex-M3 r1p1, Little endian.
* JLink Info: TPIU fitted.
* JLink Info: ETM fitted.
* JLink Info:   FPUnit: 6 code (BP) slots and 2 literal slots
Hardware-Breakpoints: 6
Software-Breakpoints: 2048
Watchpoints:          4
JTAG speed: 2000 kHz
---
* JLink Info: TotalIRLen = 9, IRPrint = 0x0011
* JLink Info: Found Cortex-M3 r1p1, Little endian.
* JLink Info: TPIU fitted.
* JLink Info: ETM fitted.
* JLink Info:   FPUnit: 6 code (BP) slots and 2 literal slots
Erase Done.
Programming Done.
Verify OK.
* JLink Info: TotalIRLen = 9, IRPrint = 0x0011
* JLink Info: Found Cortex-M3 r1p1, Little endian.
* JLink Info: TPIU fitted.
* JLink Info: ETM fitted.
* JLink Info:   FPUnit: 6 code (BP) slots and 2 literal slots
Application running ...
