ARM Linker, 5.03 [Build 24] [MDK-ARM Professional]

==============================================================================

Section Cross References

    stm32f10x_adc.o(.text) refers to stm32f10x_rcc.o(.text) for RCC_APB2PeriphResetCmd
    stm32f10x_bkp.o(.text) refers to stm32f10x_rcc.o(.text) for RCC_BackupResetCmd
    stm32f10x_gpio.o(.text) refers to stm32f10x_rcc.o(.text) for RCC_APB2PeriphResetCmd
    stm32f10x_i2c.o(.text) refers to stm32f10x_rcc.o(.text) for RCC_APB1PeriphResetCmd
    stm32f10x_nvic.o(.text) refers to cortexm3_macro.o(.text) for __SETPRIMASK
    stm32f10x_pwr.o(.text) refers to stm32f10x_rcc.o(.text) for RCC_APB1PeriphResetCmd
    stm32f10x_pwr.o(.text) refers to cortexm3_macro.o(.text) for __WFI
    stm32f10x_rcc.o(.text) refers to stm32f10x_rcc.o(.constdata) for APBAHBPrescTable
    stm32f10x_spi.o(.text) refers to stm32f10x_rcc.o(.text) for RCC_APB2PeriphResetCmd
    stm32f10x_tim.o(.text) refers to stm32f10x_rcc.o(.text) for RCC_APB2PeriphResetCmd
    stm32f10x_usart.o(.text) refers to stm32f10x_rcc.o(.text) for RCC_APB2PeriphResetCmd
    stm32f10x_wwdg.o(.text) refers to stm32f10x_rcc.o(.text) for RCC_APB1PeriphResetCmd
    fatfs_cmds.o(.text) refers to ff.o(.text) for f_chdrive
    fatfs_cmds.o(.text) refers to printfa.o(i.__0printf) for __2printf
    fatfs_cmds.o(.text) refers to strlen.o(.text) for strlen
    fatfs_cmds.o(.text) refers to dfltui.o(.text) for __aeabi_ui2d
    fatfs_cmds.o(.text) refers to ddiv.o(.text) for __aeabi_ddiv
    fatfs_cmds.o(.text) refers to strcmp.o(.text) for strcmp
    fatfs_cmds.o(.text) refers to strncpy.o(.text) for strncpy
    fatfs_cmds.o(.text) refers to main.o(.data) for shellEnable
    fatfs_cmds.o(.text) refers to fatfs_cmds.o(.bss) for myfile_fat
    rtc_time.o(.text) refers to localtime_w.o(.text) for localtime
    rtc_time.o(.text) refers to memcpya.o(.text) for __aeabi_memcpy4
    rtc_time.o(.text) refers to mktime.o(.text) for mktime
    rtc_time.o(.text) refers to stm32f10x_rtc.o(.text) for RTC_GetCounter
    stm32f10x_it.o(.text) refers to stm32f10x_rtc.o(.text) for RTC_GetITStatus
    stm32f10x_it.o(.text) refers to stm32f10x_it.o(.data) for TimeDisplay
    diskio.o(.text) refers to sd_driver.o(.text) for SPI_Configuration
    diskio.o(.text) refers to main.o(.data) for bw
    ff.o(.text) refers to diskio.o(.text) for disk_write
    ff.o(.text) refers to ff.o(.data) for Drive
    ff.o(.text) refers to ff.o(.bss) for FatFs
    ff.o(.text) refers to ff.o(.constdata) for sstbl
    sd_driver.o(.text) refers to stm32f10x_rcc.o(.text) for RCC_APB2PeriphClockCmd
    sd_driver.o(.text) refers to stm32f10x_gpio.o(.text) for GPIO_Init
    sd_driver.o(.text) refers to stm32f10x_spi.o(.text) for SPI_Init
    sd_driver.o(.text) refers to delay.o(.text) for delay_us
    sd_driver.o(.text) refers to sd_driver.o(.data) for SD_Type
    main.o(.text) refers to memcpya.o(.text) for __aeabi_memcpy4
    main.o(.text) refers to init.o(.text) for RCC_Configuration
    main.o(.text) refers to config.o(.text) for USART3_Configuration
    main.o(.text) refers to delay.o(.text) for Delay_init
    main.o(.text) refers to sd_driver.o(.text) for SPI_Configuration
    main.o(.text) refers to vs1003.o(.text) for VS1003B_Init
    main.o(.text) refers to printfa.o(i.__0printf) for __2printf
    main.o(.text) refers to ff.o(.text) for f_mount
    main.o(.text) refers to sim900.o(.text) for SIM900_Init
    main.o(.text) refers to plc.o(.text) for PLC_Init
    main.o(.text) refers to atmega8.o(.text) for ATMEGA8_Init
    main.o(.text) refers to mt8888c.o(.text) for MT8888C_Init
    main.o(.text) refers to phoneservice.o(.text) for GetPassword
    main.o(.text) refers to stm32f10x_tim.o(.text) for TIM_GetITStatus
    main.o(.text) refers to stm32f10x_usart.o(.text) for USART_GetITStatus
    main.o(.text) refers to strstr.o(.text) for strstr
    main.o(.text) refers to main.o(.bss) for fs
    main.o(.text) refers to sim900.o(.data) for SIM900_TurnOn_Config
    main.o(.text) refers to main.o(.data) for PrintfSelect
    main.o(.text) refers to mt8888c.o(.data) for RingCounter
    main.o(.text) refers to phoneservice.o(.data) for PhoneServiceTimeout
    delay.o(.text) refers to delay.o(.data) for fac_us
    fuel.o(.text) refers to strlen.o(.text) for strlen
    fuel.o(.text) refers to strncpy.o(.text) for strncpy
    fuel.o(.text) refers to memseta.o(.text) for __aeabi_memclr4
    fuel.o(.text) refers to strncmp.o(.text) for strncmp
    fuel.o(.text) refers to atoi.o(.text) for atoi
    fuel.o(.text) refers to ff.o(.text) for f_gets
    fuel.o(.text) refers to printfa.o(i.__0printf) for __2printf
    fuel.o(.text) refers to printfa.o(i.__0sprintf) for __2sprintf
    fuel.o(.text) refers to strcpy.o(.text) for strcpy
    fuel.o(.text) refers to strcat.o(.text) for strcat
    fuel.o(.text) refers to fuel.o(.bss) for g_data
    fuel.o(.text) refers to main.o(.data) for br
[...]
    .text                                    0x0800a2a8   Section        0  ctype_o.o(.text)
    .text                                    0x0800a2b0   Section        0  _strtoul.o(.text)
    .text                                    0x0800a34e   Section        0  _chval.o(.text)
    .text                                    0x0800a36a   Section        0  __dczerorl.o(.text)
    i.__0printf                              0x0800a3a4   Section        0  printfa.o(i.__0printf)
    i.__0sprintf                             0x0800a3c4   Section        0  printfa.o(i.__0sprintf)
    i.__aeabi_errno_addr                     0x0800a3ec   Section        0  errno.o(i.__aeabi_errno_addr)
    i.__scatterload_copy                     0x0800a3f4   Section       14  handlers.o(i.__scatterload_copy)
    i.__scatterload_null                     0x0800a402   Section        2  handlers.o(i.__scatterload_null)
    i.__scatterload_zeroinit                 0x0800a404   Section       14  handlers.o(i.__scatterload_zeroinit)
    i._fp_digits                             0x0800a414   Section        0  printfa.o(i._fp_digits)
    _fp_digits                               0x0800a415   Thumb Code   326  printfa.o(i._fp_digits)
    i._printf_core                           0x0800a570   Section        0  printfa.o(i._printf_core)
    _printf_core                             0x0800a571   Thumb Code  1762  printfa.o(i._printf_core)
    i._printf_post_padding                   0x0800ac60   Section        0  printfa.o(i._printf_post_padding)
    _printf_post_padding                     0x0800ac61   Thumb Code    38  printfa.o(i._printf_post_padding)
    i._printf_pre_padding                    0x0800ac86   Section        0  printfa.o(i._printf_pre_padding)
    _printf_pre_padding                      0x0800ac87   Thumb Code    48  printfa.o(i._printf_pre_padding)
    i._sputc                                 0x0800acb6   Section        0  printfa.o(i._sputc)
    _sputc                                   0x0800acb7   Thumb Code    10  printfa.o(i._sputc)
    .constdata                               0x0800acc0   Section       20  stm32f10x_rcc.o(.constdata)
    APBAHBPrescTable                         0x0800acc0   Data          16  stm32f10x_rcc.o(.constdata)
    ADCPrescTable                            0x0800acd0   Data           4  stm32f10x_rcc.o(.constdata)
    .constdata                               0x0800acd4   Section       66  ff.o(.constdata)
    sstbl                                    0x0800acd4   Data          44  ff.o(.constdata)
    cstbl                                    0x0800ad00   Data          22  ff.o(.constdata)
    .constdata                               0x0800ad16   Section       12  mktime.o(.constdata)
    monlen                                   0x0800ad16   Data          12  mktime.o(.constdata)
    .constdata                               0x0800ad22   Section       12  localtime_i.o(.constdata)
    monlen                                   0x0800ad22   Data          12  localtime_i.o(.constdata)
    .constdata                               0x0800ad2e   Section      129  ctype_o.o(.constdata)
    .constdata                               0x0800adb0   Section        4  ctype_o.o(.constdata)
    table                                    0x0800adb0   Data           4  ctype_o.o(.constdata)
    .data                                    0x20000000   Section        1  stm32f10x_it.o(.data)
    .data                                    0x20000002   Section        3  ff.o(.data)
    Fsid                                     0x20000002   Data           2  ff.o(.data)
    Drive                                    0x20000004   Data           1  ff.o(.data)
    .data                                    0x20000005   Section        1  sd_driver.o(.data)
    .data                                    0x20000008   Section       80  main.o(.data)
    index                                    0x20000028   Data           4  main.o(.data)
    count                                    0x20000030   Data           4  main.o(.data)
    Interupt_13_Counter                      0x20000034   Data           4  main.o(.data)
    RingTone_Counter                         0x20000038   Data           4  main.o(.data)
    RingTemp                                 0x2000003c   Data           4  main.o(.data)
    i                                        0x20000040   Data           4  main.o(.data)
    .data                                    0x20000058   Section        4  delay.o(.data)
    fac_us                                   0x20000058   Data           1  delay.o(.data)
    fac_ms                                   0x2000005a   Data           2  delay.o(.data)
    .data                                    0x2000005c   Section        7  serial.o(.data)
    .data                                    0x20000063   Section        6  serialprocess.o(.data)
    .data                                    0x20000069   Section        2  init.o(.data)
    .data                                    0x2000006c   Section       28  mt8888c.o(.data)
    LastNumberReceive                        0x20000074   Data           4  mt8888c.o(.data)
    GPIO_InitStructure                       0x20000078   Data           4  mt8888c.o(.data)
    EXTI_InitStructure                       0x2000007c   Data           8  mt8888c.o(.data)
    NVIC_InitStructure                       0x20000084   Data           4  mt8888c.o(.data)
    .data                                    0x20000088   Section       52  sim900.o(.data)
    PowerOnOff                               0x200000a0   Data           2  sim900.o(.data)
    EndPacket                                0x200000a4   Data           4  sim900.o(.data)
    SMS_END_Packet                           0x200000a8   Data           4  sim900.o(.data)
    GPIO_InitStructure                       0x200000b4   Data           4  sim900.o(.data)
    NVIC_InitStructure                       0x200000b8   Data           4  sim900.o(.data)
    .data                                    0x200000bc   Section       28  atmega8.o(.data)
    RingCounter                              0x200000bc   Data           4  atmega8.o(.data)
    RingTemp                                 0x200000c0   Data           4  atmega8.o(.data)
    Atmega8Data                              0x200000c4   Data           4  atmega8.o(.data)
    GPIO_InitStructure                       0x200000c8   Data           4  atmega8.o(.data)
    EXTI_InitStructure                       0x200000cc   Data           8  atmega8.o(.data)
    NVIC_InitStructure                       0x200000d4   Data           4  atmega8.o(.data)
    .data                                    0x200000d8   Section      108  phoneservice.o(.data)
    header                                   0x200000e8   Data          60  phoneservice.o(.data)
    InvalidPasswordCount                     0x20000128   Data           4  phoneservice.o(.data)
    .data                                    0x20000144   Section       60  plc.o(.data)
    i                                        0x20000144   Data           4  plc.o(.data)
    k                                        0x20000148   Data           4  plc.o(.data)
    step                                     0x2000014c   Data           4  plc.o(.data)
    GPIO_InitStructure                       0x20000166   Data           4  plc.o(.data)
    EXTI_InitStructure                       0x2000016c   Data           8  plc.o(.data)
    NVIC_InitStructure                       0x20000174   Data           4  plc.o(.data)
    tmp                                      0x20000178   Data           8  plc.o(.data)
    .data                                    0x20000180   Section        4  stdout.o(.data)
    .data                                    0x20000184   Section        4  errno.o(.data)
    _errno                                   0x20000184   Data           4  errno.o(.data)
    .bss                                     0x20000188   Section       12  ff.o(.bss)
    FatFs                                    0x20000188   Data          12  ff.o(.bss)
    .bss                                     0x20000194   Section     2816  main.o(.bss)
    tmp                                      0x20000c74   Data          12  main.o(.bss)
    .bss                                     0x20000c94   Section      504  serial.o(.bss)
    .bss                                     0x20000e8c   Section     1008  serialprocess.o(.bss)
    .bss                                     0x2000127c   Section      504  sim900.o(.bss)
    USART_InitStructure                      0x20001464   Data          16  sim900.o(.bss)
    .bss                                     0x20001474   Section      304  phoneservice.o(.bss)
    db                                       0x20001493   Data         256  phoneservice.o(.bss)
    .bss                                     0x200015a4   Section      325  plc.o(.bss)
    .bss                                     0x200016ec   Section       44  localtime_w.o(.bss)
    _tms                                     0x200016ec   Data          44  localtime_w.o(.bss)
    STACK                                    0x20001718   Section     4096  stm32f10x_vector.o(STACK)

    Global Symbols

    Symbol Name                              Value     Ov Type        Size  Object(Section)

    BuildAttributes$$THM_ISAv4$P$D$K$B$S$PE$A:L22UL41UL21$X:L11$S22US41US21$IEEE1$IW$USESV6$~STKCKD$USESV7$~SHL$OSPACE$ROPI$EBA8$MICROLIB$REQ8$PRES8$EABIv2 0x00000000   Number         0  anon$$obj.o ABSOLUTE
    __ARM_use_no_argv                        0x00000000   Number         0  main.o ABSOLUTE
    _printf_a                                0x00000000   Number         0  stubs.o ABSOLUTE
    _printf_c                                0x00000000   Number         0  stubs.o ABSOLUTE
    _printf_charcount                        0x00000000   Number         0  stubs.o ABSOLUTE
    _printf_d                                0x00000000   Number         0  stubs.o ABSOLUTE
    _printf_e                                0x00000000   Number         0  stubs.o ABSOLUTE
    _printf_f                                0x00000000   Number         0  stubs.o ABSOLUTE
    _printf_flags                            0x00000000   Number         0  stubs.o ABSOLUTE
    _printf_fp_dec                           0x00000000   Number         0  stubs.o ABSOLUTE
    _printf_fp_hex                           0x00000000   Number         0  stubs.o ABSOLUTE
    _printf_g                                0x00000000   Number         0  stubs.o ABSOLUTE
    _printf_i                                0x00000000   Number         0  stubs.o ABSOLUTE
    _printf_int_dec                          0x00000000   Number         0  stubs.o ABSOLUTE
    _printf_l                                0x00000000   Number         0  stubs.o ABSOLUTE
    _printf_lc                               0x00000000   Number         0  stubs.o ABSOLUTE
    _printf_ll                               0x00000000   Number         0  stubs.o ABSOLUTE
    _printf_lld                              0x00000000   Number         0  stubs.o ABSOLUTE
    _printf_lli                              0x00000000   Number         0  stubs.o ABSOLUTE
    _printf_llo                              0x00000000   Number         0  stubs.o ABSOLUTE
    _printf_llu                              0x00000000   Number         0  stubs.o ABSOLUTE
    _printf_llx                              0x00000000   Number         0  stubs.o ABSOLUTE
    _printf_longlong_dec                     0x00000000   Number         0  stubs.o ABSOLUTE
    _printf_longlong_hex                     0x00000000   Number         0  stubs.o ABSOLUTE
    _printf_longlong_oct                     0x00000000   Number         0  stubs.o ABSOLUTE
    _printf_ls                               0x00000000   Number         0  stubs.o ABSOLUTE
    _printf_mbtowc                           0x00000000   Number         0  stubs.o ABSOLUTE
    _printf_n                                0x00000000   Number         0  stubs.o ABSOLUTE
    _printf_o                                0x00000000   Number         0  stubs.o ABSOLUTE
    _printf_p                                0x00000000   Number         0  stubs.o ABSOLUTE
    _printf_percent                          0x00000000   Number         0  stubs.o ABSOLUTE
    _printf_pre_padding                      0x00000000   Number         0  stubs.o ABSOLUTE
    _printf_return_value                     0x00000000   Number         0  stubs.o ABSOLUTE
    _printf_s                                0x00000000   Number         0  stubs.o ABSOLUTE
    _printf_sizespec                         0x00000000   Number         0  stubs.o ABSOLUTE
    _printf_str                              0x00000000   Number         0  stubs.o ABSOLUTE
    _printf_truncate_signed                  0x00000000   Number         0  stubs.o ABSOLUTE
    _printf_truncate_unsigned                0x00000000   Number         0  stubs.o ABSOLUTE
    _printf_u                                0x00000000   Number         0  stubs.o ABSOLUTE
    _printf_wc                               0x00000000   Number         0  stubs.o ABSOLUTE
    _printf_wctomb                           0x00000000   Number         0  stubs.o ABSOLUTE
    _printf_widthprec                        0x00000000   Number         0  stubs.o ABSOLUTE
    _printf_x                                0x00000000   Number         0  stubs.o ABSOLUTE
    __cpp_initialize__aeabi_                  - Undefined Weak Reference
    __cxa_finalize                            - Undefined Weak Reference
    _clock_init                               - Undefined Weak Reference
    _microlib_exit                            - Undefined Weak Reference
    __Vectors                                0x08000000   Data           4  stm32f10x_vector.o(RESET)
    __main                                   0x08000131   Thumb Code     0  entry.o(.ARM.Collect$$$$00000000)
    _main_stk                                0x08000131   Thumb Code     0  entry2.o(.ARM.Collect$$$$00000001)
    _main_scatterload                        0x08000135   Thumb Code     0  entry5.o(.ARM.Collect$$$$00000004)
    __main_after_scatterload                 0x08000139   Thumb Code     0  entry5.o(.ARM.Collect$$$$00000004)
    _main_clock                              0x08000139   Thumb Code     0  entry7b.o(.ARM.Collect$$$$00000008)
    _main_cpp_init                           0x08000139   Thumb Code     0  entry8b.o(.ARM.Collect$$$$0000000A)
    _main_init                               0x08000139   Thumb Code     0  entry9a.o(.ARM.Collect$$$$0000000B)
    __rt_final_cpp                           0x08000141   Thumb Code     0  entry10a.o(.ARM.Collect$$$$0000000D)
    __rt_final_exit                          0x08000141   Thumb Code     0  entry11a.o(.ARM.Collect$$$$0000000F)
    BKP_DeInit                               0x08000145   Thumb Code    16  stm32f10x_bkp.o(.text)
    BKP_TamperPinLevelConfig                 0x08000155   Thumb Code     6  stm32f10x_bkp.o(.text)
    BKP_TamperPinCmd                         0x0800015b   Thumb Code     8  stm32f10x_bkp.o(.text)
    BKP_ITConfig                             0x08000163   Thumb Code     8  stm32f10x_bkp.o(.text)
    BKP_RTCOutputConfig                      0x0800016b   Thumb Code    22  stm32f10x_bkp.o(.text)
    BKP_SetRTCCalibrationValue               0x08000181   Thumb Code    22  stm32f10x_bkp.o(.text)
    BKP_WriteBackupRegister                  0x08000197   Thumb Code     8  stm32f10x_bkp.o(.text)
    BKP_ReadBackupRegister                   0x0800019f   Thumb Code    10  stm32f10x_bkp.o(.text)
    BKP_GetFlagStatus                        0x080001a9   Thumb Code    10  stm32f10x_bkp.o(.text)
    BKP_ClearFlag                            0x080001b3   Thumb Code    18  stm32f10x_bkp.o(.text)
    BKP_GetITStatus                          0x080001c5   Thumb Code    10  stm32f10x_bkp.o(.text)
    BKP_ClearITPendingBit                    0x080001cf   Thumb Code    18  stm32f10x_bkp.o(.text)
    EXTI_DeInit                              0x080001e9   Thumb Code    28  stm32f10x_exti.o(.text)
    EXTI_Init                                0x08000205   Thumb Code   150  stm32f10x_exti.o(.text)
    EXTI_StructInit                          0x0800029b   Thumb Code    16  stm32f10x_exti.o(.text)
    EXTI_GenerateSWInterrupt                 0x080002ab   Thumb Code    16  stm32f10x_exti.o(.text)
    EXTI_GetFlagStatus                       0x080002bb   Thumb Code    22  stm32f10x_exti.o(.text)
    EXTI_ClearFlag                           0x080002d1   Thumb Code     8  stm32f10x_exti.o(.text)
    EXTI_GetITStatus                         0x080002d9   Thumb Code    34  stm32f10x_exti.o(.text)
    EXTI_ClearITPendingBit                   0x080002fb   Thumb Code     8  stm32f10x_exti.o(.text)
    FLASH_SetLatency                         0x0800030d   Thumb Code    22  stm32f10x_flash.o(.text)
    FLASH_HalfCycleAccessCmd                 0x08000323   Thumb Code    22  stm32f10x_flash.o(.text)
    FLASH_PrefetchBufferCmd                  0x08000339   Thumb Code    22  stm32f10x_flash.o(.text)
    GPIO_DeInit                              0x08000355   Thumb Code   188  stm32f10x_gpio.o(.text)
    GPIO_AFIODeInit                          0x08000411   Thumb Code    20  stm32f10x_gpio.o(.text)
    GPIO_Init                                0x08000425   Thumb Code   274  stm32f10x_gpio.o(.text)
    GPIO_StructInit                          0x08000537   Thumb Code    16  stm32f10x_gpio.o(.text)
    GPIO_ReadInputDataBit                    0x08000547   Thumb Code    18  stm32f10x_gpio.o(.text)
    GPIO_ReadInputData                       0x08000559   Thumb Code     8  stm32f10x_gpio.o(.text)
    GPIO_ReadOutputDataBit                   0x08000561   Thumb Code    18  stm32f10x_gpio.o(.text)
    GPIO_ReadOutputData                      0x08000573   Thumb Code     8  stm32f10x_gpio.o(.text)
    GPIO_SetBits                             0x0800057b   Thumb Code     4  stm32f10x_gpio.o(.text)
    GPIO_ResetBits                           0x0800057f   Thumb Code     4  stm32f10x_gpio.o(.text)
    GPIO_WriteBit                            0x08000583   Thumb Code    10  stm32f10x_gpio.o(.text)
    GPIO_Write                               0x0800058d   Thumb Code     4  stm32f10x_gpio.o(.text)
    GPIO_PinLockConfig                       0x08000591   Thumb Code    18  stm32f10x_gpio.o(.text)
    GPIO_EventOutputConfig                   0x080005a3   Thumb Code    26  stm32f10x_gpio.o(.text)
    GPIO_EventOutputCmd                      0x080005bd   Thumb Code     6  stm32f10x_gpio.o(.text)
    GPIO_PinRemapConfig                      0x080005c3   Thumb Code   106  stm32f10x_gpio.o(.text)
    GPIO_EXTILineConfig                      0x0800062d   Thumb Code    66  stm32f10x_gpio.o(.text)
    NVIC_DeInit                              0x08000681   Thumb Code    58  stm32f10x_nvic.o(.text)
    NVIC_SCBDeInit                           0x080006bb   Thumb Code    76  stm32f10x_nvic.o(.text)
    NVIC_PriorityGroupConfig                 0x08000707   Thumb Code    12  stm32f10x_nvic.o(.text)
    NVIC_Init                                0x08000713   Thumb Code   154  stm32f10x_nvic.o(.text)
    NVIC_StructInit                          0x080007ad   Thumb Code    12  stm32f10x_nvic.o(.text)
    NVIC_SETPRIMASK                          0x080007b9   Thumb Code     8  stm32f10x_nvic.o(.text)
    NVIC_RESETPRIMASK                        0x080007c1   Thumb Code     8  stm32f10x_nvic.o(.text)
    NVIC_SETFAULTMASK                        0x080007c9   Thumb Code     8  stm32f10x_nvic.o(.text)
    NVIC_RESETFAULTMASK                      0x080007d1   Thumb Code     8  stm32f10x_nvic.o(.text)
    NVIC_BASEPRICONFIG                       0x080007d9   Thumb Code    12  stm32f10x_nvic.o(.text)
    NVIC_GetBASEPRI                          0x080007e5   Thumb Code     8  stm32f10x_nvic.o(.text)
    NVIC_GetCurrentPendingIRQChannel         0x080007ed   Thumb Code    10  stm32f10x_nvic.o(.text)
    NVIC_GetIRQChannelPendingBitStatus       0x080007f7   Thumb Code    42  stm32f10x_nvic.o(.text)
    NVIC_SetIRQChannelPendingBit             0x08000821   Thumb Code     6  stm32f10x_nvic.o(.text)
    NVIC_ClearIRQChannelPendingBit           0x08000827   Thumb Code    20  stm32f10x_nvic.o(.text)
    NVIC_GetCurrentActiveHandler             0x0800083b   Thumb Code    10  stm32f10x_nvic.o(.text)
    NVIC_GetIRQChannelActiveBitStatus        0x08000845   Thumb Code    42  stm32f10x_nvic.o(.text)
    NVIC_GetCPUID                            0x0800086f   Thumb Code     8  stm32f10x_nvic.o(.text)
    NVIC_SetVectorTable                      0x08000877   Thumb Code    14  stm32f10x_nvic.o(.text)
    NVIC_GenerateSystemReset                 0x08000885   Thumb Code    12  stm32f10x_nvic.o(.text)
    NVIC_GenerateCoreReset                   0x08000891   Thumb Code    12  stm32f10x_nvic.o(.text)
    NVIC_SystemLPConfig                      0x0800089d   Thumb Code    34  stm32f10x_nvic.o(.text)
    NVIC_SystemHandlerConfig                 0x080008bf   Thumb Code    48  stm32f10x_nvic.o(.text)
    NVIC_SystemHandlerPriorityConfig         0x080008ef   Thumb Code   110  stm32f10x_nvic.o(.text)
    NVIC_GetSystemHandlerPendingBitStatus    0x0800095d   Thumb Code    44  stm32f10x_nvic.o(.text)
    NVIC_SetSystemHandlerPendingBit          0x08000989   Thumb Code    22  stm32f10x_nvic.o(.text)
    NVIC_ClearSystemHandlerPendingBit        0x0800099f   Thumb Code    26  stm32f10x_nvic.o(.text)
    NVIC_GetSystemHandlerActiveBitStatus     0x080009b9   Thumb Code    42  stm32f10x_nvic.o(.text)
    NVIC_GetFaultHandlerSources              0x080009e3   Thumb Code    66  stm32f10x_nvic.o(.text)
    NVIC_GetFaultAddress                     0x08000a25   Thumb Code    28  stm32f10x_nvic.o(.text)
    PWR_DeInit                               0x08000a61   Thumb Code    22  stm32f10x_pwr.o(.text)
    PWR_BackupAccessCmd                      0x08000a77   Thumb Code     6  stm32f10x_pwr.o(.text)
    PWR_PVDCmd                               0x08000a7d   Thumb Code     6  stm32f10x_pwr.o(.text)
    PWR_PVDLevelConfig                       0x08000a83   Thumb Code    18  stm32f10x_pwr.o(.text)
    PWR_WakeUpPinCmd                         0x08000a95   Thumb Code     6  stm32f10x_pwr.o(.text)
    PWR_EnterSTOPMode                        0x08000a9b   Thumb Code    48  stm32f10x_pwr.o(.text)
    PWR_EnterSTANDBYMode                     0x08000acb   Thumb Code    42  stm32f10x_pwr.o(.text)
    PWR_GetFlagStatus                        0x08000af5   Thumb Code    20  stm32f10x_pwr.o(.text)
    PWR_ClearFlag                            0x08000b09   Thumb Code    14  stm32f10x_pwr.o(.text)
    RCC_DeInit                               0x08000b29   Thumb Code    62  stm32f10x_rcc.o(.text)
    RCC_HSEConfig                            0x08000b67   Thumb Code    70  stm32f10x_rcc.o(.text)
    RCC_GetFlagStatus                        0x08000bad   Thumb Code    56  stm32f10x_rcc.o(.text)
    RCC_WaitForHSEStartUp                    0x08000be5   Thumb Code    54  stm32f10x_rcc.o(.text)
    RCC_AdjustHSICalibrationValue            0x08000c1b   Thumb Code    20  stm32f10x_rcc.o(.text)
    RCC_HSICmd                               0x08000c2f   Thumb Code     6  stm32f10x_rcc.o(.text)
    RCC_PLLConfig                            0x08000c35   Thumb Code    24  stm32f10x_rcc.o(.text)
    RCC_PLLCmd                               0x08000c4d   Thumb Code     6  stm32f10x_rcc.o(.text)
    RCC_SYSCLKConfig                         0x08000c53   Thumb Code    18  stm32f10x_rcc.o(.text)
    RCC_GetSYSCLKSource                      0x08000c65   Thumb Code    10  stm32f10x_rcc.o(.text)
    RCC_HCLKConfig                           0x08000c6f   Thumb Code    18  stm32f10x_rcc.o(.text)
    RCC_PCLK1Config                          0x08000c81   Thumb Code    18  stm32f10x_rcc.o(.text)
    RCC_PCLK2Config                          0x08000c93   Thumb Code    20  stm32f10x_rcc.o(.text)
    RCC_ITConfig                             0x08000ca7   Thumb Code    26  stm32f10x_rcc.o(.text)
    RCC_USBCLKConfig                         0x08000cc1   Thumb Code     6  stm32f10x_rcc.o(.text)
    RCC_ADCCLKConfig                         0x08000cc7   Thumb Code    18  stm32f10x_rcc.o(.text)
    RCC_LSEConfig                            0x08000cd9   Thumb Code    44  stm32f10x_rcc.o(.text)
    RCC_LSICmd                               0x08000d05   Thumb Code     6  stm32f10x_rcc.o(.text)
    RCC_RTCCLKConfig                         0x08000d0b   Thumb Code    12  stm32f10x_rcc.o(.text)
    RCC_RTCCLKCmd                            0x08000d17   Thumb Code     8  stm32f10x_rcc.o(.text)
    RCC_GetClocksFreq                        0x08000d1f   Thumb Code   192  stm32f10x_rcc.o(.text)
    RCC_AHBPeriphClockCmd                    0x08000ddf   Thumb Code    26  stm32f10x_rcc.o(.text)
    RCC_APB2PeriphClockCmd                   0x08000df9   Thumb Code    26  stm32f10x_rcc.o(.text)
    RCC_APB1PeriphClockCmd                   0x08000e13   Thumb Code    26  stm32f10x_rcc.o(.text)
    RCC_APB2PeriphResetCmd                   0x08000e2d   Thumb Code    26  stm32f10x_rcc.o(.text)
    RCC_APB1PeriphResetCmd                   0x08000e47   Thumb Code    26  stm32f10x_rcc.o(.text)
    RCC_BackupResetCmd                       0x08000e61   Thumb Code     8  stm32f10x_rcc.o(.text)
    RCC_ClockSecuritySystemCmd               0x08000e69   Thumb Code     6  stm32f10x_rcc.o(.text)
    RCC_MCOConfig                            0x08000e6f   Thumb Code     6  stm32f10x_rcc.o(.text)
    RCC_ClearFlag                            0x08000e75   Thumb Code    14  stm32f10x_rcc.o(.text)
    RCC_GetITStatus                          0x08000e83   Thumb Code    20  stm32f10x_rcc.o(.text)
    RCC_ClearITPendingBit                    0x08000e97   Thumb Code     6  stm32f10x_rcc.o(.text)
    RTC_ITConfig                             0x08000ec9   Thumb Code    26  stm32f10x_rtc.o(.text)
    RTC_EnterConfigMode                      0x08000ee3   Thumb Code    18  stm32f10x_rtc.o(.text)
    RTC_ExitConfigMode                       0x08000ef5   Thumb Code    20  stm32f10x_rtc.o(.text)
    RTC_GetCounter                           0x08000f09   Thumb Code    18  stm32f10x_rtc.o(.text)
    RTC_SetCounter                           0x08000f1b   Thumb Code    26  stm32f10x_rtc.o(.text)
    RTC_SetPrescaler                         0x08000f35   Thumb Code    28  stm32f10x_rtc.o(.text)
    RTC_SetAlarm                             0x08000f51   Thumb Code    26  stm32f10x_rtc.o(.text)
    RTC_GetDivider                           0x08000f6b   Thumb Code    22  stm32f10x_rtc.o(.text)
    RTC_WaitForLastTask                      0x08000f81   Thumb Code    16  stm32f10x_rtc.o(.text)
    RTC_WaitForSynchro                       0x08000f91   Thumb Code    34  stm32f10x_rtc.o(.text)
    RTC_GetFlagStatus                        0x08000fb3   Thumb Code    22  stm32f10x_rtc.o(.text)
    RTC_ClearFlag                            0x08000fc9   Thumb Code    16  stm32f10x_rtc.o(.text)
    RTC_GetITStatus                          0x08000fd9   Thumb Code    32  stm32f10x_rtc.o(.text)
    RTC_ClearITPendingBit                    0x08000ff9   Thumb Code    16  stm32f10x_rtc.o(.text)
    SPI_I2S_DeInit                           0x0800100d   Thumb Code    88  stm32f10x_spi.o(.text)
    SPI_Init                                 0x08001065   Thumb Code    60  stm32f10x_spi.o(.text)
    I2S_Init                                 0x080010a1   Thumb Code   210  stm32f10x_spi.o(.text)
    SPI_StructInit                           0x08001173   Thumb Code    24  stm32f10x_spi.o(.text)
    I2S_StructInit                           0x0800118b   Thumb Code    20  stm32f10x_spi.o(.text)
    SPI_Cmd                                  0x0800119f   Thumb Code    24  stm32f10x_spi.o(.text)
    I2S_Cmd                                  0x080011b7   Thumb Code    24  stm32f10x_spi.o(.text)
    SPI_I2S_ITConfig                         0x080011cf   Thumb Code    32  stm32f10x_spi.o(.text)
    SPI_I2S_DMACmd                           0x080011ef   Thumb Code    18  stm32f10x_spi.o(.text)
    SPI_I2S_SendData                         0x08001201   Thumb Code     4  stm32f10x_spi.o(.text)
    SPI_I2S_ReceiveData                      0x08001205   Thumb Code     6  stm32f10x_spi.o(.text)
    SPI_NSSInternalSoftwareConfig            0x0800120b   Thumb Code    30  stm32f10x_spi.o(.text)
    SPI_SSOutputCmd                          0x08001229   Thumb Code    24  stm32f10x_spi.o(.text)
    SPI_DataSizeConfig                       0x08001241   Thumb Code    18  stm32f10x_spi.o(.text)
    SPI_TransmitCRC                          0x08001253   Thumb Code    10  stm32f10x_spi.o(.text)
    SPI_CalculateCRC                         0x0800125d   Thumb Code    24  stm32f10x_spi.o(.text)
    SPI_GetCRC                               0x08001275   Thumb Code    16  stm32f10x_spi.o(.text)
    SPI_GetCRCPolynomial                     0x08001285   Thumb Code     6  stm32f10x_spi.o(.text)
    SPI_BiDirectionalLineConfig              0x0800128b   Thumb Code    28  stm32f10x_spi.o(.text)
    SPI_I2S_GetFlagStatus                    0x080012a7   Thumb Code    18  stm32f10x_spi.o(.text)
    SPI_I2S_ClearFlag                        0x080012b9   Thumb Code     6  stm32f10x_spi.o(.text)
    SPI_I2S_GetITStatus                      0x080012bf   Thumb Code    52  stm32f10x_spi.o(.text)
    SPI_I2S_ClearITPendingBit                0x080012f3   Thumb Code    20  stm32f10x_spi.o(.text)
    TIM_DeInit                               0x0800130d   Thumb Code   214  stm32f10x_tim.o(.text)
    TIM_TimeBaseInit                         0x080013e3   Thumb Code    50  stm32f10x_tim.o(.text)
    TIM_OC1Init                              0x08001415   Thumb Code   110  stm32f10x_tim.o(.text)
    TIM_OC2Init                              0x08001483   Thumb Code   148  stm32f10x_tim.o(.text)
    TIM_OC3Init                              0x08001517   Thumb Code   144  stm32f10x_tim.o(.text)
    TIM_OC4Init                              0x080015a7   Thumb Code   106  stm32f10x_tim.o(.text)
    TIM_SetIC4Prescaler                      0x08001611   Thumb Code    26  stm32f10x_tim.o(.text)
    TIM_SetIC3Prescaler                      0x0800167d   Thumb Code    18  stm32f10x_tim.o(.text)
    TIM_SetIC2Prescaler                      0x080016d7   Thumb Code    42  stm32f10x_tim.o(.text)
    TIM_SetIC1Prescaler                      0x08001751   Thumb Code    18  stm32f10x_tim.o(.text)
    TIM_ICInit                               0x0800179b   Thumb Code   110  stm32f10x_tim.o(.text)
    TIM_PWMIConfig                           0x08001809   Thumb Code   124  stm32f10x_tim.o(.text)
    TIM_BDTRConfig                           0x08001885   Thumb Code    32  stm32f10x_tim.o(.text)
    TIM_TimeBaseStructInit                   0x080018a5   Thumb Code    18  stm32f10x_tim.o(.text)
    TIM_OCStructInit                         0x080018b7   Thumb Code    20  stm32f10x_tim.o(.text)
    TIM_ICStructInit                         0x080018cb   Thumb Code    18  stm32f10x_tim.o(.text)
    TIM_BDTRStructInit                       0x080018dd   Thumb Code    18  stm32f10x_tim.o(.text)
    TIM_Cmd                                  0x080018ef   Thumb Code    24  stm32f10x_tim.o(.text)
    TIM_CtrlPWMOutputs                       0x08001907   Thumb Code    30  stm32f10x_tim.o(.text)
    TIM_ITConfig                             0x08001925   Thumb Code    18  stm32f10x_tim.o(.text)
    TIM_GenerateEvent                        0x08001937   Thumb Code     4  stm32f10x_tim.o(.text)
    TIM_DMAConfig                            0x0800193b   Thumb Code    10  stm32f10x_tim.o(.text)
    TIM_DMACmd                               0x08001945   Thumb Code    18  stm32f10x_tim.o(.text)
    TIM_InternalClockConfig                  0x08001957   Thumb Code    12  stm32f10x_tim.o(.text)
    TIM_SelectInputTrigger                   0x08001963   Thumb Code    18  stm32f10x_tim.o(.text)
    TIM_ITRxExternalClockConfig              0x08001975   Thumb Code    24  stm32f10x_tim.o(.text)
    TIM_TIxExternalClockConfig               0x0800198d   Thumb Code    62  stm32f10x_tim.o(.text)
    TIM_ETRConfig                            0x080019cb   Thumb Code    30  stm32f10x_tim.o(.text)
    TIM_ETRClockMode1Config                  0x080019e9   Thumb Code    54  stm32f10x_tim.o(.text)
    TIM_ETRClockMode2Config                  0x08001a1f   Thumb Code    32  stm32f10x_tim.o(.text)
    TIM_PrescalerConfig                      0x08001a3f   Thumb Code     6  stm32f10x_tim.o(.text)
    TIM_CounterModeConfig                    0x08001a45   Thumb Code    18  stm32f10x_tim.o(.text)
    TIM_EncoderInterfaceConfig               0x08001a57   Thumb Code    66  stm32f10x_tim.o(.text)
    TIM_ForcedOC1Config                      0x08001a99   Thumb Code    18  stm32f10x_tim.o(.text)
    TIM_ForcedOC2Config                      0x08001aab   Thumb Code    26  stm32f10x_tim.o(.text)
    TIM_ForcedOC3Config                      0x08001ac5   Thumb Code    18  stm32f10x_tim.o(.text)
    TIM_ForcedOC4Config                      0x08001ad7   Thumb Code    26  stm32f10x_tim.o(.text)
    TIM_ARRPreloadConfig                     0x08001af1   Thumb Code    24  stm32f10x_tim.o(.text)
    TIM_SelectCOM                            0x08001b09   Thumb Code    24  stm32f10x_tim.o(.text)
    TIM_SelectCCDMA                          0x08001b21   Thumb Code    24  stm32f10x_tim.o(.text)
    TIM_CCPreloadControl                     0x08001b39   Thumb Code    24  stm32f10x_tim.o(.text)
    TIM_OC1PreloadConfig                     0x08001b51   Thumb Code    18  stm32f10x_tim.o(.text)
    TIM_OC2PreloadConfig                     0x08001b63   Thumb Code    26  stm32f10x_tim.o(.text)
    TIM_OC3PreloadConfig                     0x08001b7d   Thumb Code    18  stm32f10x_tim.o(.text)
    TIM_OC4PreloadConfig                     0x08001b8f   Thumb Code    26  stm32f10x_tim.o(.text)
    TIM_OC1FastConfig                        0x08001ba9   Thumb Code    18  stm32f10x_tim.o(.text)
    TIM_OC2FastConfig                        0x08001bbb   Thumb Code    26  stm32f10x_tim.o(.text)
    TIM_OC3FastConfig                        0x08001bd5   Thumb Code    18  stm32f10x_tim.o(.text)
    TIM_OC4FastConfig                        0x08001be7   Thumb Code    26  stm32f10x_tim.o(.text)
    TIM_ClearOC1Ref                          0x08001c01   Thumb Code    18  stm32f10x_tim.o(.text)
    TIM_ClearOC2Ref                          0x08001c13   Thumb Code    24  stm32f10x_tim.o(.text)
    TIM_ClearOC3Ref                          0x08001c2b   Thumb Code    18  stm32f10x_tim.o(.text)
    TIM_ClearOC4Ref                          0x08001c3d   Thumb Code    24  stm32f10x_tim.o(.text)
    TIM_OC1PolarityConfig                    0x08001c55   Thumb Code    18  stm32f10x_tim.o(.text)
    TIM_OC1NPolarityConfig                   0x08001c67   Thumb Code    18  stm32f10x_tim.o(.text)
    TIM_OC2PolarityConfig                    0x08001c79   Thumb Code    26  stm32f10x_tim.o(.text)
    TIM_OC2NPolarityConfig                   0x08001c93   Thumb Code    26  stm32f10x_tim.o(.text)
    TIM_OC3PolarityConfig                    0x08001cad   Thumb Code    26  stm32f10x_tim.o(.text)
    TIM_OC3NPolarityConfig                   0x08001cc7   Thumb Code    26  stm32f10x_tim.o(.text)
    TIM_OC4PolarityConfig                    0x08001ce1   Thumb Code    26  stm32f10x_tim.o(.text)
    TIM_CCxCmd                               0x08001cfb   Thumb Code    26  stm32f10x_tim.o(.text)
    TIM_CCxNCmd                              0x08001d15   Thumb Code    26  stm32f10x_tim.o(.text)
    TIM_SelectOCxM                           0x08001d2f   Thumb Code   134  stm32f10x_tim.o(.text)
    TIM_UpdateDisableConfig                  0x08001db5   Thumb Code    24  stm32f10x_tim.o(.text)
    TIM_UpdateRequestConfig                  0x08001dcd   Thumb Code    24  stm32f10x_tim.o(.text)
    TIM_SelectHallSensor                     0x08001de5   Thumb Code    24  stm32f10x_tim.o(.text)
    TIM_SelectOnePulseMode                   0x08001dfd   Thumb Code    18  stm32f10x_tim.o(.text)
    TIM_SelectOutputTrigger                  0x08001e0f   Thumb Code    18  stm32f10x_tim.o(.text)
    TIM_SelectSlaveMode                      0x08001e21   Thumb Code    18  stm32f10x_tim.o(.text)
    TIM_SelectMasterSlaveMode                0x08001e33   Thumb Code    18  stm32f10x_tim.o(.text)
    TIM_SetCounter                           0x08001e45   Thumb Code     4  stm32f10x_tim.o(.text)
    TIM_SetAutoreload                        0x08001e49   Thumb Code     4  stm32f10x_tim.o(.text)
    TIM_SetCompare1                          0x08001e4d   Thumb Code     4  stm32f10x_tim.o(.text)
    TIM_SetCompare2                          0x08001e51   Thumb Code     4  stm32f10x_tim.o(.text)
    TIM_SetCompare3                          0x08001e55   Thumb Code     4  stm32f10x_tim.o(.text)
    TIM_SetCompare4                          0x08001e59   Thumb Code     6  stm32f10x_tim.o(.text)
    TIM_SetClockDivision                     0x08001e5f   Thumb Code    14  stm32f10x_tim.o(.text)
    TIM_GetCapture1                          0x08001e6d   Thumb Code     6  stm32f10x_tim.o(.text)
    TIM_GetCapture2                          0x08001e73   Thumb Code     6  stm32f10x_tim.o(.text)
    TIM_GetCapture3                          0x08001e79   Thumb Code     6  stm32f10x_tim.o(.text)
    TIM_GetCapture4                          0x08001e7f   Thumb Code     8  stm32f10x_tim.o(.text)
    TIM_GetCounter                           0x08001e87   Thumb Code     6  stm32f10x_tim.o(.text)
    TIM_GetPrescaler                         0x08001e8d   Thumb Code     6  stm32f10x_tim.o(.text)
    TIM_GetFlagStatus                        0x08001e93   Thumb Code    18  stm32f10x_tim.o(.text)
    TIM_ClearFlag                            0x08001ea5   Thumb Code     6  stm32f10x_tim.o(.text)
    TIM_GetITStatus                          0x08001eab   Thumb Code    34  stm32f10x_tim.o(.text)
    TIM_ClearITPendingBit                    0x08001ecd   Thumb Code     6  stm32f10x_tim.o(.text)
    USART_DeInit                             0x08001ed5   Thumb Code   146  stm32f10x_usart.o(.text)
    USART_Init                               0x08001f67   Thumb Code   150  stm32f10x_usart.o(.text)
    USART_StructInit                         0x08001ffd   Thumb Code    24  stm32f10x_usart.o(.text)
    USART_ClockInit                          0x08002015   Thumb Code    34  stm32f10x_usart.o(.text)
    USART_ClockStructInit                    0x08002037   Thumb Code    12  stm32f10x_usart.o(.text)
    USART_Cmd                                0x08002043   Thumb Code    24  stm32f10x_usart.o(.text)
    USART_ITConfig                           0x0800205b   Thumb Code    64  stm32f10x_usart.o(.text)
    USART_DMACmd                             0x0800209b   Thumb Code    18  stm32f10x_usart.o(.text)
    USART_SetAddress                         0x080020ad   Thumb Code    18  stm32f10x_usart.o(.text)
    USART_WakeUpConfig                       0x080020bf   Thumb Code    18  stm32f10x_usart.o(.text)
    USART_ReceiverWakeUpCmd                  0x080020d1   Thumb Code    24  stm32f10x_usart.o(.text)
    USART_LINBreakDetectLengthConfig         0x080020e9   Thumb Code    18  stm32f10x_usart.o(.text)
    USART_LINCmd                             0x080020fb   Thumb Code    24  stm32f10x_usart.o(.text)
    USART_SendData                           0x08002113   Thumb Code     8  stm32f10x_usart.o(.text)
    USART_ReceiveData                        0x0800211b   Thumb Code    10  stm32f10x_usart.o(.text)
    USART_SendBreak                          0x08002125   Thumb Code    10  stm32f10x_usart.o(.text)
    USART_SetGuardTime                       0x0800212f   Thumb Code    16  stm32f10x_usart.o(.text)
    USART_SetPrescaler                       0x0800213f   Thumb Code    16  stm32f10x_usart.o(.text)
    USART_SmartCardCmd                       0x0800214f   Thumb Code    24  stm32f10x_usart.o(.text)
    USART_SmartCardNACKCmd                   0x08002167   Thumb Code    24  stm32f10x_usart.o(.text)
    USART_HalfDuplexCmd                      0x0800217f   Thumb Code    24  stm32f10x_usart.o(.text)
    USART_IrDAConfig                         0x08002197   Thumb Code    18  stm32f10x_usart.o(.text)
    USART_IrDACmd                            0x080021a9   Thumb Code    24  stm32f10x_usart.o(.text)
    USART_GetFlagStatus                      0x080021c1   Thumb Code    18  stm32f10x_usart.o(.text)
    USART_ClearFlag                          0x080021d3   Thumb Code     6  stm32f10x_usart.o(.text)
    USART_GetITStatus                        0x080021d9   Thumb Code    76  stm32f10x_usart.o(.text)
    USART_ClearITPendingBit                  0x08002225   Thumb Code    20  stm32f10x_usart.o(.text)
    Time_ConvUnixToCalendar                  0x08002245   Thumb Code    32  rtc_time.o(.text)
    Time_ConvCalendarToUnix                  0x08002265   Thumb Code    24  rtc_time.o(.text)
    Time_GetUnixTime                         0x0800227d   Thumb Code     8  rtc_time.o(.text)
    Time_GetCalendarTime                     0x08002285   Thumb Code    34  rtc_time.o(.text)
    Time_SetUnixTime                         0x080022a7   Thumb Code    20  rtc_time.o(.text)
    Time_SetCalendarTime                     0x080022bb   Thumb Code    38  rtc_time.o(.text)
    NMIException                             0x080022e1   Thumb Code     2  stm32f10x_it.o(.text)
    HardFaultException                       0x080022e3   Thumb Code     4  stm32f10x_it.o(.text)
    MemManageException                       0x080022e7   Thumb Code     4  stm32f10x_it.o(.text)
    BusFaultException                        0x080022eb   Thumb Code     4  stm32f10x_it.o(.text)
    UsageFaultException                      0x080022ef   Thumb Code     4  stm32f10x_it.o(.text)
    DebugMonitor                             0x080022f3   Thumb Code     2  stm32f10x_it.o(.text)
    SVCHandler                               0x080022f5   Thumb Code     2  stm32f10x_it.o(.text)
    PendSVC                                  0x080022f7   Thumb Code     2  stm32f10x_it.o(.text)
    SysTickHandler                           0x080022f9   Thumb Code     2  stm32f10x_it.o(.text)
    WWDG_IRQHandler                          0x080022fb   Thumb Code     2  stm32f10x_it.o(.text)
    PVD_IRQHandler                           0x080022fd   Thumb Code     2  stm32f10x_it.o(.text)
    TAMPER_IRQHandler                        0x080022ff   Thumb Code     2  stm32f10x_it.o(.text)
    RTC_IRQHandler                           0x08002301   Thumb Code    24  stm32f10x_it.o(.text)
    FLASH_IRQHandler                         0x08002319   Thumb Code     2  stm32f10x_it.o(.text)
    RCC_IRQHandler                           0x0800231b   Thumb Code     2  stm32f10x_it.o(.text)
    EXTI2_IRQHandler                         0x0800231d   Thumb Code     2  stm32f10x_it.o(.text)
    EXTI3_IRQHandler                         0x0800231f   Thumb Code     2  stm32f10x_it.o(.text)
    EXTI4_IRQHandler                         0x08002321   Thumb Code     2  stm32f10x_it.o(.text)
    DMA1_Channel1_IRQHandler                 0x08002323   Thumb Code     2  stm32f10x_it.o(.text)
    DMA1_Channel2_IRQHandler                 0x08002325   Thumb Code     2  stm32f10x_it.o(.text)
    DMA1_Channel3_IRQHandler                 0x08002327   Thumb Code     2  stm32f10x_it.o(.text)
    DMA1_Channel4_IRQHandler                 0x08002329   Thumb Code     2  stm32f10x_it.o(.text)
    DMA1_Channel5_IRQHandler                 0x0800232b   Thumb Code     2  stm32f10x_it.o(.text)
    DMA1_Channel6_IRQHandler                 0x0800232d   Thumb Code     2  stm32f10x_it.o(.text)
    DMA1_Channel7_IRQHandler                 0x0800232f   Thumb Code     2  stm32f10x_it.o(.text)
    ADC1_2_IRQHandler                        0x08002331   Thumb Code     2  stm32f10x_it.o(.text)
    USB_HP_CAN_TX_IRQHandler                 0x08002333   Thumb Code     2  stm32f10x_it.o(.text)
    USB_LP_CAN_RX0_IRQHandler                0x08002335   Thumb Code     2  stm32f10x_it.o(.text)
    CAN_RX1_IRQHandler                       0x08002337   Thumb Code     2  stm32f10x_it.o(.text)
    CAN_SCE_IRQHandler                       0x08002339   Thumb Code     2  stm32f10x_it.o(.text)
    TIM1_BRK_IRQHandler                      0x0800233b   Thumb Code     2  stm32f10x_it.o(.text)
    TIM1_UP_IRQHandler                       0x0800233d   Thumb Code     2  stm32f10x_it.o(.text)
    TIM1_TRG_COM_IRQHandler                  0x0800233f   Thumb Code     2  stm32f10x_it.o(.text)
    TIM1_CC_IRQHandler                       0x08002341   Thumb Code     2  stm32f10x_it.o(.text)
    TIM3_IRQHandler                          0x08002343   Thumb Code     2  stm32f10x_it.o(.text)
    TIM4_IRQHandler                          0x08002345   Thumb Code     2  stm32f10x_it.o(.text)
    I2C1_EV_IRQHandler                       0x08002347   Thumb Code     2  stm32f10x_it.o(.text)
    I2C1_ER_IRQHandler                       0x08002349   Thumb Code     2  stm32f10x_it.o(.text)
    I2C2_EV_IRQHandler                       0x0800234b   Thumb Code     2  stm32f10x_it.o(.text)
    I2C2_ER_IRQHandler                       0x0800234d   Thumb Code     2  stm32f10x_it.o(.text)
    SPI1_IRQHandler                          0x0800234f   Thumb Code     2  stm32f10x_it.o(.text)
    SPI2_IRQHandler                          0x08002351   Thumb Code     2  stm32f10x_it.o(.text)
    RTCAlarm_IRQHandler                      0x08002353   Thumb Code     2  stm32f10x_it.o(.text)
    USBWakeUp_IRQHandler                     0x08002355   Thumb Code     2  stm32f10x_it.o(.text)
    TIM8_BRK_IRQHandler                      0x08002357   Thumb Code     2  stm32f10x_it.o(.text)
    TIM8_UP_IRQHandler                       0x08002359   Thumb Code     2  stm32f10x_it.o(.text)
    TIM8_TRG_COM_IRQHandler                  0x0800235b   Thumb Code     2  stm32f10x_it.o(.text)
    TIM8_CC_IRQHandler                       0x0800235d   Thumb Code     2  stm32f10x_it.o(.text)
    ADC3_IRQHandler                          0x0800235f   Thumb Code     2  stm32f10x_it.o(.text)
    FSMC_IRQHandler                          0x08002361   Thumb Code     2  stm32f10x_it.o(.text)
    SDIO_IRQHandler                          0x08002363   Thumb Code     2  stm32f10x_it.o(.text)
    TIM5_IRQHandler                          0x08002365   Thumb Code     2  stm32f10x_it.o(.text)
    SPI3_IRQHandler                          0x08002367   Thumb Code     2  stm32f10x_it.o(.text)
    UART4_IRQHandler                         0x08002369   Thumb Code     2  stm32f10x_it.o(.text)
    UART5_IRQHandler                         0x0800236b   Thumb Code     2  stm32f10x_it.o(.text)
    TIM6_IRQHandler                          0x0800236d   Thumb Code     2  stm32f10x_it.o(.text)
    TIM7_IRQHandler                          0x0800236f   Thumb Code     2  stm32f10x_it.o(.text)
    DMA2_Channel1_IRQHandler                 0x08002371   Thumb Code     2  stm32f10x_it.o(.text)
    DMA2_Channel2_IRQHandler                 0x08002373   Thumb Code     2  stm32f10x_it.o(.text)
    DMA2_Channel3_IRQHandler                 0x08002375   Thumb Code     2  stm32f10x_it.o(.text)
    DMA2_Channel4_5_IRQHandler               0x08002377   Thumb Code     2  stm32f10x_it.o(.text)
    disk_initialize                          0x0800237d   Thumb Code    44  diskio.o(.text)
    disk_status                              0x080023a9   Thumb Code    34  diskio.o(.text)
    disk_read                                0x080023cb   Thumb Code   100  diskio.o(.text)
    disk_write                               0x0800242f   Thumb Code   102  diskio.o(.text)
    disk_ioctl                               0x08002495   Thumb Code    80  diskio.o(.text)
    get_fattime                              0x080024e5   Thumb Code     4  diskio.o(.text)
    get_fat                                  0x08002691   Thumb Code   274  ff.o(.text)
    put_fat                                  0x080027a3   Thumb Code   330  ff.o(.text)
    clust2sect                               0x08002a0b   Thumb Code    26  ff.o(.text)
    chk_mounted                              0x08003089   Thumb Code   756  ff.o(.text)
    f_mount                                  0x080033a7   Thumb Code    38  ff.o(.text)
    f_open                                   0x080033cd   Thumb Code   392  ff.o(.text)
    f_read                                   0x08003555   Thumb Code   480  ff.o(.text)
    f_write                                  0x08003735   Thumb Code   526  ff.o(.text)
    f_sync                                   0x08003943   Thumb Code   182  ff.o(.text)
    f_close                                  0x080039f9   Thumb Code    22  ff.o(.text)
    f_chdrive                                0x08003a0f   Thumb Code    18  ff.o(.text)
    f_chdir                                  0x08003a21   Thumb Code    94  ff.o(.text)
    f_lseek                                  0x08003a7f   Thumb Code   448  ff.o(.text)
    f_opendir                                0x08003c3f   Thumb Code   104  ff.o(.text)
    f_readdir                                0x08003ca7   Thumb Code    88  ff.o(.text)
    f_stat                                   0x08003cff   Thumb Code    58  ff.o(.text)
    f_getfree                                0x08003d39   Thumb Code   280  ff.o(.text)
    f_truncate                               0x08003e51   Thumb Code   158  ff.o(.text)
    f_unlink                                 0x08003eef   Thumb Code   198  ff.o(.text)
    f_mkdir                                  0x08003fb5   Thumb Code   404  ff.o(.text)
    f_chmod                                  0x08004149   Thumb Code    96  ff.o(.text)
    f_utime                                  0x080041a9   Thumb Code    98  ff.o(.text)
    f_rename                                 0x0800420b   Thumb Code   292  ff.o(.text)
    f_mkfs                                   0x0800432f   Thumb Code  1568  ff.o(.text)
    f_gets                                   0x0800494f   Thumb Code    72  ff.o(.text)
    f_putc                                   0x08004997   Thumb Code    42  ff.o(.text)
    f_puts                                   0x080049c1   Thumb Code    40  ff.o(.text)
    f_printf                                 0x080049e9   Thumb Code   458  ff.o(.text)
    SPI_Configuration                        0x08004bb5   Thumb Code   164  sd_driver.o(.text)
    SPI_SetSpeed                             0x08004c59   Thumb Code    84  sd_driver.o(.text)
    SPI_ReadWriteByte                        0x08004cad   Thumb Code    88  sd_driver.o(.text)
    SD_WaitReady                             0x08004d05   Thumb Code    34  sd_driver.o(.text)
    SD_SendCommand                           0x08004d27   Thumb Code   130  sd_driver.o(.text)
    SD_SendCommand_NoDeassert                0x08004da9   Thumb Code   108  sd_driver.o(.text)
    SD_Init                                  0x08004e15   Thumb Code   502  sd_driver.o(.text)
    SD_ReceiveData                           0x0800500b   Thumb Code   130  sd_driver.o(.text)
    SD_GetCID                                0x0800508d   Thumb Code    36  sd_driver.o(.text)
    SD_GetCSD                                0x080050b1   Thumb Code    36  sd_driver.o(.text)
    SD_GetCapacity                           0x080050d5   Thumb Code   166  sd_driver.o(.text)
    SD_ReadSingleBlock                       0x0800517b   Thumb Code    54  sd_driver.o(.text)
    SD_WriteSingleBlock                      0x080051b1   Thumb Code   216  sd_driver.o(.text)
    SD_ReadMultiBlock                        0x08005289   Thumb Code   108  sd_driver.o(.text)
    SD_WriteMultiBlock                       0x080052f5   Thumb Code   254  sd_driver.o(.text)
    main                                     0x080053f9   Thumb Code   178  main.o(.text)
    TIM2_IRQHandler                          0x080054ab   Thumb Code   504  main.o(.text)
    USART3_IRQHandler                        0x080056a3   Thumb Code  1042  main.o(.text)
    Delay_init                               0x08005bf5   Thumb Code    54  delay.o(.text)
    delay_ms                                 0x08005c2b   Thumb Code    54  delay.o(.text)
    delay_us                                 0x08005c61   Thumb Code    54  delay.o(.text)
    Seri0PushSend                            0x08005ca1   Thumb Code    28  serial.o(.text)
    Seri1PushSend                            0x08005cbd   Thumb Code    28  serial.o(.text)
    SeriPushSend                             0x08005cd9   Thumb Code    24  serial.o(.text)
    PushSend_String                          0x08005cf1   Thumb Code    26  serial.o(.text)
    Log_PushSend_String                      0x08005d0b   Thumb Code    24  serial.o(.text)
    Log_SeriPushSend                         0x08005d23   Thumb Code    24  serial.o(.text)
    Serial_BufCls                            0x08005d3b   Thumb Code    16  serial.o(.text)
    SeriPopRece                              0x08005d4b   Thumb Code    82  serial.o(.text)
    SendTransChar                            0x08005db9   Thumb Code    64  serialprocess.o(.text)
    ShellControl                             0x08005df9   Thumb Code    32  serialprocess.o(.text)
    ChangeParam                              0x08005e19   Thumb Code     2  serialprocess.o(.text)
    ChangeTime                               0x08005e1b   Thumb Code   198  serialprocess.o(.text)
    DoSomething                              0x08005ee1   Thumb Code    42  serialprocess.o(.text)
    ProcessProtocol                          0x08005f0b   Thumb Code   210  serialprocess.o(.text)
    TIM_Configuration                        0x08006051   Thumb Code   108  init.o(.text)
    RCC_Configuration                        0x080060bd   Thumb Code   144  init.o(.text)
    NVIC_Configuration                       0x0800614d   Thumb Code    42  init.o(.text)
    RTC_Configuration                        0x08006177   Thumb Code    88  init.o(.text)
    RTC_Config                               0x080061cf   Thumb Code   140  init.o(.text)
    Delay                                    0x080062d1   Thumb Code    24  vs1003.o(.text)
    SPIPutChar                               0x080062e9   Thumb Code    38  vs1003.o(.text)
    SPIGetChar                               0x0800630f   Thumb Code    52  vs1003.o(.text)
    VS1003B_Fill2048Zero                     0x08006343   Thumb Code    74  vs1003.o(.text)
    VS1003B_Write32B                         0x0800638d   Thumb Code    52  vs1003.o(.text)
    VS1003B_WriteCMD                         0x080063c1   Thumb Code    68  vs1003.o(.text)
    VS1003B_SoftReset                        0x08006405   Thumb Code    20  vs1003.o(.text)
    VS1003B_ReadCMD                          0x08006419   Thumb Code    68  vs1003.o(.text)
    VS1003B_Config                           0x0800645d   Thumb Code   264  vs1003.o(.text)
    VS1003B_Init                             0x08006565   Thumb Code   284  vs1003.o(.text)
    VS1003B_Reset                            0x08006681   Thumb Code   104  vs1003.o(.text)
    WriteMp3SpiReg                           0x080066e9   Thumb Code    68  vs1003.o(.text)
    play_file                                0x0800672d   Thumb Code   138  vs1003.o(.text)
    Play_ADPCM                               0x080067b7   Thumb Code   140  vs1003.o(.text)
    MT8888C_RESET                            0x0800694d   Thumb Code    12  mt8888c.o(.text)
    MT8888C_Init                             0x08006959   Thumb Code   256  mt8888c.o(.text)
    MT8888C_Ring                             0x08006a59   Thumb Code   708  mt8888c.o(.text)
    MT8888C_DTMF_Send                        0x08006d1d   Thumb Code   118  mt8888c.o(.text)
    MT8888C_CP_Receive_Init                  0x08006d93   Thumb Code   274  mt8888c.o(.text)
    MT8888C_DTMF_Receive_Init                0x08006ea5   Thumb Code   270  mt8888c.o(.text)
    MT8888C_Read_Data                        0x08006fb3   Thumb Code    70  mt8888c.o(.text)
    MT8888C_GetLastNumber                    0x08006ff9   Thumb Code     6  mt8888c.o(.text)
    MT8888C_SetLastNumber                    0x08006fff   Thumb Code     6  mt8888c.o(.text)
    EXTI0_IRQHandler                         0x08007005   Thumb Code   136  mt8888c.o(.text)
    EXTI1_IRQHandler                         0x0800708d   Thumb Code   236  mt8888c.o(.text)
    USART3_Send_Byte                         0x08007195   Thumb Code    24  sim900.o(.text)
    SIM900_Send                              0x080071ad   Thumb Code    26  sim900.o(.text)
    SIM900_Sendi                             0x080071c7   Thumb Code    28  sim900.o(.text)
    SIM900_SendChar                          0x080071e3   Thumb Code    26  sim900.o(.text)
    SIM900_TurnOn                            0x080071fd   Thumb Code   106  sim900.o(.text)
    SIM900_SendSMS                           0x08007267   Thumb Code    76  sim900.o(.text)
    SIM900_ClearSMS                          0x080072b3   Thumb Code    28  sim900.o(.text)
    SIM900_Read_SMS                          0x080072cf   Thumb Code    28  sim900.o(.text)
    SMS_Clear_Buffer                         0x080072eb   Thumb Code    56  sim900.o(.text)
    SIM900_Init                              0x08007323   Thumb Code   162  sim900.o(.text)
    SIM900_RESET                             0x080073c5   Thumb Code    10  sim900.o(.text)
    SIM900_POWER_ON                          0x080073cf   Thumb Code    78  sim900.o(.text)
    SIM900_POWER_OFF                         0x0800741d   Thumb Code    48  sim900.o(.text)
    SIM900_Check                             0x0800744d   Thumb Code     2  sim900.o(.text)
    SIM900_Send12                            0x0800744f   Thumb Code    20  sim900.o(.text)
    USART2_IRQHandler                        0x08007463   Thumb Code   990  sim900.o(.text)
    ATMEGA8_RESET                            0x080078bf   Thumb Code    12  atmega8.o(.text)
    ATMEGA8_Init                             0x080078cb   Thumb Code   146  atmega8.o(.text)
    Stm32_To_M8                              0x0800795d   Thumb Code    40  atmega8.o(.text)
    EXTI15_10_IRQHandler                     0x08007985   Thumb Code   518  atmega8.o(.text)
    fputc                                    0x08007d51   Thumb Code   102  config.o(.text)
    USART3_Configuration                     0x08007db7   Thumb Code   124  config.o(.text)
    GetPassword                              0x08007e49   Thumb Code   118  phoneservice.o(.text)
    PhoneServiceCheckPassword                0x08007ffd   Thumb Code   150  phoneservice.o(.text)
    MicrophoneEnable                         0x08008093   Thumb Code   122  phoneservice.o(.text)
    PhoneServicePlay                         0x0800810d   Thumb Code   180  phoneservice.o(.text)
    PhoneServiceRecord                       0x080085eb   Thumb Code   526  phoneservice.o(.text)
    PhoneService                             0x080087f9   Thumb Code  1098  phoneservice.o(.text)
    Call_Alert                               0x08008c43   Thumb Code   148  phoneservice.o(.text)
    IntercomPhoneService                     0x08008cd7   Thumb Code  1256  phoneservice.o(.text)
    Delete_First_Code                        0x080091d1   Thumb Code   404  plc.o(.text)
    PLC_Send                                 0x08009365   Thumb Code    26  plc.o(.text)
    PLC_SendInt                              0x0800937f   Thumb Code    28  plc.o(.text)
    PLC_Init                                 0x0800939b   Thumb Code   228  plc.o(.text)
    EXTI9_5_IRQHandler                       0x0800947f   Thumb Code    64  plc.o(.text)
    USART1_IRQHandler                        0x080094bf   Thumb Code  1178  plc.o(.text)
    __WFI                                    0x08009ac1   Thumb Code     0  cortexm3_macro.o(.text)
    __WFE                                    0x08009ac5   Thumb Code     0  cortexm3_macro.o(.text)
    __SEV                                    0x08009ac9   Thumb Code     0  cortexm3_macro.o(.text)
    __ISB                                    0x08009acd   Thumb Code     0  cortexm3_macro.o(.text)
    __DSB                                    0x08009ad3   Thumb Code     0  cortexm3_macro.o(.text)
    __DMB                                    0x08009ad9   Thumb Code     0  cortexm3_macro.o(.text)
    __SVC                                    0x08009adf   Thumb Code     0  cortexm3_macro.o(.text)
    __MRS_CONTROL                            0x08009ae3   Thumb Code     0  cortexm3_macro.o(.text)
    __MSR_CONTROL                            0x08009ae9   Thumb Code     0  cortexm3_macro.o(.text)
    __MRS_PSP                                0x08009af3   Thumb Code     0  cortexm3_macro.o(.text)
    __MSR_PSP                                0x08009af9   Thumb Code     0  cortexm3_macro.o(.text)
    __MRS_MSP                                0x08009aff   Thumb Code     0  cortexm3_macro.o(.text)
    __MSR_MSP                                0x08009b05   Thumb Code     0  cortexm3_macro.o(.text)
    __RESETPRIMASK                           0x08009b0b   Thumb Code     0  cortexm3_macro.o(.text)
    __SETPRIMASK                             0x08009b0f   Thumb Code     0  cortexm3_macro.o(.text)
    __READ_PRIMASK                           0x08009b13   Thumb Code     0  cortexm3_macro.o(.text)
    __SETFAULTMASK                           0x08009b19   Thumb Code     0  cortexm3_macro.o(.text)
    __RESETFAULTMASK                         0x08009b1d   Thumb Code     0  cortexm3_macro.o(.text)
    __READ_FAULTMASK                         0x08009b21   Thumb Code     0  cortexm3_macro.o(.text)
    __BASEPRICONFIG                          0x08009b27   Thumb Code     0  cortexm3_macro.o(.text)
    __GetBASEPRI                             0x08009b2d   Thumb Code     0  cortexm3_macro.o(.text)
    __REV_HalfWord                           0x08009b33   Thumb Code     0  cortexm3_macro.o(.text)
    __REV_Word                               0x08009b37   Thumb Code     0  cortexm3_macro.o(.text)
    Reset_Handler                            0x08009b3d   Thumb Code     4  stm32f10x_vector.o(.text)
    mktime                                   0x08009b45   Thumb Code   142  mktime.o(.text)
    __aeabi_memcpy                           0x08009be5   Thumb Code    36  memcpya.o(.text)
    __aeabi_memcpy4                          0x08009be5   Thumb Code     0  memcpya.o(.text)
    __aeabi_memcpy8                          0x08009be5   Thumb Code     0  memcpya.o(.text)
    strcat                                   0x08009c09   Thumb Code    24  strcat.o(.text)
    strstr                                   0x08009c21   Thumb Code    36  strstr.o(.text)
    strcpy                                   0x08009c45   Thumb Code    18  strcpy.o(.text)
    atoi                                     0x08009c57   Thumb Code    26  atoi.o(.text)
    __aeabi_ddiv                             0x08009c71   Thumb Code   222  ddiv.o(.text)
    __aeabi_uidiv                            0x08009d4f   Thumb Code     0  uidiv.o(.text)
    __aeabi_uidivmod                         0x08009d4f   Thumb Code    44  uidiv.o(.text)
    __aeabi_uldivmod                         0x08009d7b   Thumb Code    98  uldiv.o(.text)
    localtime                                0x08009ddd   Thumb Code     6  localtime_w.o(.text)
    _localtime                               0x08009de9   Thumb Code   122  localtime_i.o(.text)
    strtol                                   0x08009e69   Thumb Code   112  strtol.o(.text)
    __I$use$fp                               0x08009ed9   Thumb Code     0  iusefp.o(.text)
    _double_round                            0x08009ed9   Thumb Code    26  depilogue.o(.text)
    _double_epilogue                         0x08009ef3   Thumb Code   164  depilogue.o(.text)
    __aeabi_dadd                             0x08009f97   Thumb Code   322  dadd.o(.text)
    __aeabi_dsub                             0x0800a0d9   Thumb Code     6  dadd.o(.text)
    __aeabi_drsub                            0x0800a0df   Thumb Code     6  dadd.o(.text)
    __aeabi_dmul                             0x0800a0e5   Thumb Code   228  dmul.o(.text)
    __aeabi_d2ulz                            0x0800a1c9   Thumb Code    48  dfixul.o(.text)
    __aeabi_cdrcmple                         0x0800a1f9   Thumb Code    38  cdrcmple.o(.text)
    __scatterload                            0x0800a221   Thumb Code    28  init.o(.text)
    __scatterload_rt2                        0x0800a221   Thumb Code     0  init.o(.text)
    __aeabi_llsl                             0x0800a245   Thumb Code    30  llshl.o(.text)
    _ll_shift_l                              0x0800a245   Thumb Code     0  llshl.o(.text)
    __aeabi_llsr                             0x0800a263   Thumb Code    32  llushr.o(.text)
    _ll_ushift_r                             0x0800a263   Thumb Code     0  llushr.o(.text)
    __aeabi_lasr                             0x0800a283   Thumb Code    36  llsshr.o(.text)
    _ll_sshift_r                             0x0800a283   Thumb Code     0  llsshr.o(.text)
    __rt_ctype_table                         0x0800a2a9   Thumb Code     4  ctype_o.o(.text)
    _strtoul                                 0x0800a2b1   Thumb Code   158  _strtoul.o(.text)
    _chval                                   0x0800a34f   Thumb Code    28  _chval.o(.text)
    __decompress                             0x0800a36b   Thumb Code     0  __dczerorl.o(.text)
    __decompress0                            0x0800a36b   Thumb Code    58  __dczerorl.o(.text)
    __0printf                                0x0800a3a5   Thumb Code    22  printfa.o(i.__0printf)
    __1printf                                0x0800a3a5   Thumb Code     0  printfa.o(i.__0printf)
    __2printf                                0x0800a3a5   Thumb Code     0  printfa.o(i.__0printf)
    __c89printf                              0x0800a3a5   Thumb Code     0  printfa.o(i.__0printf)
    printf                                   0x0800a3a5   Thumb Code     0  printfa.o(i.__0printf)
    __0sprintf                               0x0800a3c5   Thumb Code    34  printfa.o(i.__0sprintf)
    __1sprintf                               0x0800a3c5   Thumb Code     0  printfa.o(i.__0sprintf)
    __2sprintf                               0x0800a3c5   Thumb Code     0  printfa.o(i.__0sprintf)
    __c89sprintf                             0x0800a3c5   Thumb Code     0  printfa.o(i.__0sprintf)
    sprintf                                  0x0800a3c5   Thumb Code     0  printfa.o(i.__0sprintf)
    __aeabi_errno_addr                       0x0800a3ed   Thumb Code     4  errno.o(i.__aeabi_errno_addr)
    __rt_errno_addr                          0x0800a3ed   Thumb Code     0  errno.o(i.__aeabi_errno_addr)
    __scatterload_copy                       0x0800a3f5   Thumb Code    14  handlers.o(i.__scatterload_copy)
    __scatterload_null                       0x0800a403   Thumb Code     2  handlers.o(i.__scatterload_null)
    __scatterload_zeroinit                   0x0800a405   Thumb Code    14  handlers.o(i.__scatterload_zeroinit)
    __ctype_table                            0x0800ad2e   Data         129  ctype_o.o(.constdata)
    Region$$Table$$Base                      0x0800adb4   Number         0  anon$$obj.o(Region$$Table)
    Region$$Table$$Limit                     0x0800add4   Number         0  anon$$obj.o(Region$$Table)
    TimeDisplay                              0x20000000   Data           1  stm32f10x_it.o(.data)
    SD_Type                                  0x20000005   Data           1  sd_driver.o(.data)
    machine                                  0x20000008   Data          20  main.o(.data)
    shellEnable                              0x2000001c   Data           1  main.o(.data)
    SystemStart                              0x20000020   Data           4  main.o(.data)
    PrintfSelect                             0x20000024   Data           4  main.o(.data)
    PLC_Telephone_Request                    0x2000002c   Data           4  main.o(.data)
    res                                      0x20000044   Data           1  main.o(.data)
    re                                       0x20000045   Data           1  main.o(.data)
    br                                       0x20000048   Data           4  main.o(.data)
    bw                                       0x2000004c   Data           4  main.o(.data)
    bt                                       0x20000050   Data           4  main.o(.data)
    RemotDelay                               0x20000054   Data           4  main.o(.data)
    logEnable                                0x2000005c   Data           1  serial.o(.data)
    Serial_Head                              0x2000005d   Data           2  serial.o(.data)
    Serial_Tail                              0x2000005f   Data           2  serial.o(.data)
    Serial_Count                             0x20000061   Data           2  serial.o(.data)
    bStart                                   0x20000063   Data           2  serialprocess.o(.data)
    bGet3D                                   0x20000065   Data           2  serialprocess.o(.data)
    Pos                                      0x20000067   Data           2  serialprocess.o(.data)
    HSEStartUpStatus                         0x20000069   Data           1  init.o(.data)
    timeFirstSet                             0x2000006a   Data           1  init.o(.data)
    RingCounter                              0x2000006c   Data           4  mt8888c.o(.data)
    RingTemp                                 0x20000070   Data           4  mt8888c.o(.data)
    SIM900_Power_Tiomout                     0x20000088   Data           4  sim900.o(.data)
    SIM900_TurnOn_Config                     0x2000008c   Data           4  sim900.o(.data)
    SIM900_Connfig                           0x20000090   Data           4  sim900.o(.data)
    SIM900_Timer_1                           0x20000094   Data           4  sim900.o(.data)
    SIM900_Timer_2                           0x20000098   Data           4  sim900.o(.data)
    SMS_Packet_Index                         0x2000009c   Data           4  sim900.o(.data)
    ON_Status                                0x200000ac   Data           2  sim900.o(.data)
    SIM900_Power_Status                      0x200000b0   Data           4  sim900.o(.data)
    SwitchToIntercom                         0x200000d8   Data           4  phoneservice.o(.data)
    IntercomSelect                           0x200000dc   Data           4  phoneservice.o(.data)
    PhoneServiceBusy                         0x200000e0   Data           4  phoneservice.o(.data)
    Start_Telephone                          0x200000e4   Data           4  phoneservice.o(.data)
    PhoneServiceTimeout                      0x20000124   Data           4  phoneservice.o(.data)
    StartTelephoneSelect                     0x2000012c   Data           4  phoneservice.o(.data)
    Telephone_Password                       0x20000130   Data           4  phoneservice.o(.data)
    PLC_Telephone_Response                   0x20000134   Data           4  phoneservice.o(.data)
    PLC_Telephone_Password                   0x20000138   Data           4  phoneservice.o(.data)
    OnOffStatus                              0x2000013c   Data           4  phoneservice.o(.data)
    DeviceValue                              0x20000140   Data           4  phoneservice.o(.data)
    phone_i                                  0x20000150   Data           4  plc.o(.data)
    phone_t                                  0x20000154   Data           4  plc.o(.data)
    phone_N                                  0x20000158   Data           4  plc.o(.data)
    PLC_SMS_Request                          0x2000015c   Data           4  plc.o(.data)
    Alert_i                                  0x20000160   Data           4  plc.o(.data)
    Alert_CMD                                0x20000164   Data           1  plc.o(.data)
    __stdout                                 0x20000180   Data           4  stdout.o(.data)
    IR_Remote_Data                           0x20000194   Data          12  main.o(.bss)
    fs                                       0x200001a0   Data        1128  main.o(.bss)
    fsrc                                     0x20000608   Data         548  main.o(.bss)
    fdst                                     0x2000082c   Data         548  main.o(.bss)
    fap                                      0x20000a50   Data         548  main.o(.bss)
    Alert_Sound12                            0x20000c80   Data          20  main.o(.bss)
    Serial_Buffer                            0x20000c94   Data         504  serial.o(.bss)
    RData_Buffer                             0x20000e8c   Data         504  serialprocess.o(.bss)
    WData_Buffer                             0x20001084   Data         504  serialprocess.o(.bss)
    SMS_Message                              0x2000127c   Data          50  sim900.o(.bss)
    SMS_RecieveMessage                       0x200012ae   Data         200  sim900.o(.bss)
    SMS_tmp                                  0x20001376   Data         200  sim900.o(.bss)
    SMS_PhoneNumber                          0x2000143e   Data          14  sim900.o(.bss)
    Latest_PhoneNumber                       0x2000144c   Data          14  sim900.o(.bss)
    SMS_Recieve_CMTI                         0x2000145a   Data          10  sim900.o(.bss)
    NewPhoneNumber                           0x20001474   Data          11  phoneservice.o(.bss)
    Alert_Sound                              0x2000147f   Data          20  phoneservice.o(.bss)
    PhoneServicePassword                     0x20001594   Data          16  phoneservice.o(.bss)
    A_PhoneNumber                            0x200015a4   Data          11  plc.o(.bss)
    B_PhoneNumber                            0x200015af   Data          11  plc.o(.bss)
    C_PhoneNumber                            0x200015ba   Data          11  plc.o(.bss)
    D_PhoneNumber                            0x200015c5   Data          11  plc.o(.bss)
    E_PhoneNumber                            0x200015d0   Data          11  plc.o(.bss)
    F_PhoneNumber                            0x200015db   Data          11  plc.o(.bss)
    G_PhoneNumber                            0x200015e6   Data          11  plc.o(.bss)
    H_PhoneNumber                            0x200015f1   Data          11  plc.o(.bss)
    I_PhoneNumber                            0x200015fc   Data          11  plc.o(.bss)
    J_PhoneNumber                            0x20001607   Data          11  plc.o(.bss)
    phone_num                                0x20001612   Data          15  plc.o(.bss)
    phone_buffer                             0x20001621   Data         120  plc.o(.bss)
    SMSMessage                               0x20001699   Data          40  plc.o(.bss)
    Alert_Buffer                             0x200016c1   Data          40  plc.o(.bss)
    __initial_sp                             0x20002718   Data           0  stm32f10x_vector.o(STACK)



==============================================================================

Memory Map of the image

  Image Entry point : 0x08000131

  Load Region LR_IROM1 (Base: 0x08000000, Size: 0x0000af5c, Max: 0x00020000, ABSOLUTE, COMPRESSED[0x0000ae24])

    Execution Region ER_IROM1 (Base: 0x08000000, Size: 0x0000add4, Max: 0x00020000, ABSOLUTE)

    Base Addr    Size         Type   Attr      Idx    E Section Name        Object

    0x08000000   0x00000130   Data   RO          979    RESET               stm32f10x_vector.o
    0x08000130   0x00000000   Code   RO          984  * .ARM.Collect$$$$00000000  mc_w.l(entry.o)
    0x08000130   0x00000004   Code   RO         1281    .ARM.Collect$$$$00000001  mc_w.l(entry2.o)
    0x08000134   0x00000004   Code   RO         1284    .ARM.Collect$$$$00000004  mc_w.l(entry5.o)
    0x08000138   0x00000000   Code   RO         1286    .ARM.Collect$$$$00000008  mc_w.l(entry7b.o)
    0x08000138   0x00000000   Code   RO         1288    .ARM.Collect$$$$0000000A  mc_w.l(entry8b.o)
    0x08000138   0x00000008   Code   RO         1289    .ARM.Collect$$$$0000000B  mc_w.l(entry9a.o)
    0x08000140   0x00000000   Code   RO         1291    .ARM.Collect$$$$0000000D  mc_w.l(entry10a.o)
    0x08000140   0x00000000   Code   RO         1293    .ARM.Collect$$$$0000000F  mc_w.l(entry11a.o)
    0x08000140   0x00000004   Code   RO         1282    .ARM.Collect$$$$00002712  mc_w.l(entry2.o)
    0x08000144   0x000000a4   Code   RO           33    .text               stm32f10x_bkp.o
    0x080001e8   0x00000124   Code   RO           93    .text               stm32f10x_exti.o
    0x0800030c   0x00000048   Code   RO          108    .text               stm32f10x_flash.o
    0x08000354   0x0000032c   Code   RO          138    .text               stm32f10x_gpio.o
    0x08000680   0x000003e0   Code   RO          261    .text               stm32f10x_nvic.o
    0x08000a60   0x000000c8   Code   RO          276    .text               stm32f10x_pwr.o
    0x08000b28   0x000003a0   Code   RO          291    .text               stm32f10x_rcc.o
    0x08000ec8   0x00000144   Code   RO          308    .text               stm32f10x_rtc.o
    0x0800100c   0x00000300   Code   RO          338    .text               stm32f10x_spi.o
    0x0800130c   0x00000bc6   Code   RO          368    .text               stm32f10x_tim.o
    0x08001ed2   0x00000002   PAD
    0x08001ed4   0x00000370   Code   RO          383    .text               stm32f10x_usart.o
    0x08002244   0x0000009c   Code   RO          487    .text               rtc_time.o
    0x080022e0   0x0000009c   Code   RO          502    .text               stm32f10x_it.o
    0x0800237c   0x00000170   Code   RO          581    .text               diskio.o
    0x080024ec   0x000026c6   Code   RO          599    .text               ff.o
    0x08004bb2   0x00000002   PAD
    0x08004bb4   0x00000844   Code   RO          683    .text               sd_driver.o
    0x080053f8   0x000007fc   Code   RO          698    .text               main.o
    0x08005bf4   0x000000ac   Code   RO          741    .text               delay.o
    0x08005ca0   0x00000118   Code   RO          773    .text               serial.o
    0x08005db8   0x00000298   Code   RO          792    .text               serialprocess.o
    0x08006050   0x00000280   Code   RO          831    .text               init.o
    0x080062d0   0x000005c4   Code   RO          850    .text               vs1003.o
    0x08006894   0x00000900   Code   RO          862    .text               mt8888c.o
    0x08007194   0x00000728   Code   RO          884    .text               sim900.o
    0x080078bc   0x00000494   Code   RO          905    .text               atmega8.o
    0x08007d50   0x000000f8   Code   RO          922    .text               config.o
    0x08007e48   0x00001388   Code   RO          934    .text               phoneservice.o
    0x080091d0   0x000008f0   Code   RO          954    .text               plc.o
    0x08009ac0   0x0000007a   Code   RO          973    .text               cortexm3_macro.o
    0x08009b3a   0x00000002   PAD
    0x08009b3c   0x00000008   Code   RO          980    .text               stm32f10x_vector.o
    0x08009b44   0x000000a0   Code   RO          991    .text               mc_w.l(mktime.o)
    0x08009be4   0x00000024   Code   RO          994    .text               mc_w.l(memcpya.o)
    0x08009c08   0x00000018   Code   RO          998    .text               mc_w.l(strcat.o)
    0x08009c20   0x00000024   Code   RO         1000    .text               mc_w.l(strstr.o)
    0x08009c44   0x00000012   Code   RO         1008    .text               mc_w.l(strcpy.o)
    0x08009c56   0x0000001a   Code   RO         1275    .text               mc_w.l(atoi.o)
    0x08009c70   0x000000de   Code   RO         1277    .text               mf_w.l(ddiv.o)
    0x08009d4e   0x0000002c   Code   RO         1296    .text               mc_w.l(uidiv.o)
    0x08009d7a   0x00000062   Code   RO         1298    .text               mc_w.l(uldiv.o)
    0x08009ddc   0x0000000c   Code   RO         1300    .text               mc_w.l(localtime_w.o)
    0x08009de8   0x00000080   Code   RO         1303    .text               mc_w.l(localtime_i.o)
    0x08009e68   0x00000070   Code   RO         1313    .text               mc_w.l(strtol.o)
    0x08009ed8   0x00000000   Code   RO         1315    .text               mc_w.l(iusefp.o)
    0x08009ed8   0x000000be   Code   RO         1316    .text               mf_w.l(depilogue.o)
    0x08009f96   0x0000014e   Code   RO         1318    .text               mf_w.l(dadd.o)
    0x0800a0e4   0x000000e4   Code   RO         1320    .text               mf_w.l(dmul.o)
    0x0800a1c8   0x00000030   Code   RO         1322    .text               mf_w.l(dfixul.o)
    0x0800a1f8   0x00000028   Code   RO         1324    .text               mf_w.l(cdrcmple.o)
    0x0800a220   0x00000024   Code   RO         1326    .text               mc_w.l(init.o)
    0x0800a244   0x0000001e   Code   RO         1328    .text               mc_w.l(llshl.o)
    0x0800a262   0x00000020   Code   RO         1330    .text               mc_w.l(llushr.o)
    0x0800a282   0x00000024   Code   RO         1332    .text               mc_w.l(llsshr.o)
    0x0800a2a6   0x00000002   PAD
    0x0800a2a8   0x00000008   Code   RO         1334    .text               mc_w.l(ctype_o.o)
    0x0800a2b0   0x0000009e   Code   RO         1362    .text               mc_w.l(_strtoul.o)
    0x0800a34e   0x0000001c   Code   RO         1364    .text               mc_w.l(_chval.o)
    0x0800a36a   0x0000003a   Code   RO         1374    .text               mc_w.l(__dczerorl.o)
    0x0800a3a4   0x00000020   Code   RO         1247    i.__0printf         mc_w.l(printfa.o)
    0x0800a3c4   0x00000028   Code   RO         1249    i.__0sprintf        mc_w.l(printfa.o)
    0x0800a3ec   0x00000008   Code   RO         1306    i.__aeabi_errno_addr  mc_w.l(errno.o)
    0x0800a3f4   0x0000000e   Code   RO         1368    i.__scatterload_copy  mc_w.l(handlers.o)
    0x0800a402   0x00000002   Code   RO         1369    i.__scatterload_null  mc_w.l(handlers.o)
    0x0800a404   0x0000000e   Code   RO         1370    i.__scatterload_zeroinit  mc_w.l(handlers.o)
    0x0800a412   0x00000002   PAD
    0x0800a414   0x0000015c   Code   RO         1254    i._fp_digits        mc_w.l(printfa.o)
    0x0800a570   0x000006f0   Code   RO         1255    i._printf_core      mc_w.l(printfa.o)
    0x0800ac60   0x00000026   Code   RO         1256    i._printf_post_padding  mc_w.l(printfa.o)
    0x0800ac86   0x00000030   Code   RO         1257    i._printf_pre_padding  mc_w.l(printfa.o)
    0x0800acb6   0x0000000a   Code   RO         1259    i._sputc            mc_w.l(printfa.o)
    0x0800acc0   0x00000014   Data   RO          292    .constdata          stm32f10x_rcc.o
    0x0800acd4   0x00000042   Data   RO          601    .constdata          ff.o
    0x0800ad16   0x0000000c   Data   RO          992    .constdata          mc_w.l(mktime.o)
    0x0800ad22   0x0000000c   Data   RO         1304    .constdata          mc_w.l(localtime_i.o)
    0x0800ad2e   0x00000081   Data   RO         1335    .constdata          mc_w.l(ctype_o.o)
    0x0800adaf   0x00000001   PAD
    0x0800adb0   0x00000004   Data   RO         1336    .constdata          mc_w.l(ctype_o.o)
    0x0800adb4   0x00000020   Data   RO         1366    Region$$Table       anon$$obj.o


    Execution Region RW_IRAM1 (Base: 0x20000000, Size: 0x00002718, Max: 0x00005000, ABSOLUTE, COMPRESSED[0x00000050])

    Base Addr    Size         Type   Attr      Idx    E Section Name        Object

    0x20000000   0x00000001   Data   RW          503    .data               stm32f10x_it.o
    0x20000001   0x00000001   PAD
    0x20000002   0x00000003   Data   RW          602    .data               ff.o
    0x20000005   0x00000001   Data   RW          684    .data               sd_driver.o
    0x20000006   0x00000002   PAD
    0x20000008   0x00000050   Data   RW          700    .data               main.o
    0x20000058   0x00000004   Data   RW          742    .data               delay.o
    0x2000005c   0x00000007   Data   RW          775    .data               serial.o
    0x20000063   0x00000006   Data   RW          794    .data               serialprocess.o
    0x20000069   0x00000002   Data   RW          833    .data               init.o
    0x2000006b   0x00000001   PAD
    0x2000006c   0x0000001c   Data   RW          863    .data               mt8888c.o
    0x20000088   0x00000034   Data   RW          887    .data               sim900.o
    0x200000bc   0x0000001c   Data   RW          906    .data               atmega8.o
    0x200000d8   0x0000006c   Data   RW          936    .data               phoneservice.o
    0x20000144   0x0000003c   Data   RW          956    .data               plc.o
    0x20000180   0x00000004   Data   RW         1295    .data               mc_w.l(stdout.o)
    0x20000184   0x00000004   Data   RW         1309    .data               mc_w.l(errno.o)
    0x20000188   0x0000000c   Zero   RW          600    .bss                ff.o
    0x20000194   0x00000b00   Zero   RW          699    .bss                main.o
    0x20000c94   0x000001f8   Zero   RW          774    .bss                serial.o
    0x20000e8c   0x000003f0   Zero   RW          793    .bss                serialprocess.o
    0x2000127c   0x000001f8   Zero   RW          885    .bss                sim900.o
    0x20001474   0x00000130   Zero   RW          935    .bss                phoneservice.o
    0x200015a4   0x00000145   Zero   RW          955    .bss                plc.o
    0x200016e9   0x00000003   PAD
    0x200016ec   0x0000002c   Zero   RW         1301    .bss                mc_w.l(localtime_w.o)
    0x20001718   0x00001000   Zero   RW          977    STACK               stm32f10x_vector.o


==============================================================================

Image component sizes


      Code (inc. data)   RO Data    RW Data    ZI Data      Debug   Object Name

      1172        468          0         28          0       1822   atmega8.o
       248         22          0          0          0        861   config.o
       122          0          0          0          0        352   cortexm3_macro.o
       172         10          0          4          0       1015   delay.o
       368         20          0          0          0       3378   diskio.o
         0          0          0          0          0       6440   fatfs_cmds.o
      9926        104         66          3         12      30995   ff.o
       640        118          0          2          0       1800   init.o
      2044        740          0         80       2816       3491   main.o
      2304        248          0         28          0       4233   mt8888c.o
      5000       1626          0        108        304       8063   phoneservice.o
      2288        568          0         60        325       4346   plc.o
       156          0          0          0          0       2670   rtc_time.o
      2116         28          0          1          0       6725   sd_driver.o
       280         28          0          7        504       2669   serial.o
       664        116          0          6       1008       2426   serialprocess.o
      1832        480          0         52        504       5577   sim900.o
         0          0          0          0          0     185356   stm32f10x_adc.o
       164          8          0          0          0       2292   stm32f10x_bkp.o
       292         10          0          0          0       4143   stm32f10x_exti.o
        72          6          0          0          0        840   stm32f10x_flash.o
       812         18          0          0          0      11471   stm32f10x_gpio.o
       156          4          0          1          0       6858   stm32f10x_it.o
         0          0          0          0          0      50864   stm32f10x_lib.o
       992         32          0          0          0      14824   stm32f10x_nvic.o
       200         18          0          0          0       1931   stm32f10x_pwr.o
       928         44         20          0          0      16344   stm32f10x_rcc.o
       324          4          0          0          0       2638   stm32f10x_rtc.o
       768          6          0          0          0      12750   stm32f10x_spi.o
      3014         16          0          0          0      45584   stm32f10x_tim.o
       880         12          0          0          0      13823   stm32f10x_usart.o
         8          4        304          0       4096        328   stm32f10x_vector.o
      1476         94          0          0          0       3909   vs1003.o

    ----------------------------------------------------------------------
     39424       4852        422        384       9572     460818   Object Totals
         0          0         32          0          0          0   (incl. Generated)
         6          0          0          4          3          0   (incl. Padding)

    ----------------------------------------------------------------------

      Code (inc. data)   RO Data    RW Data    ZI Data      Debug   Library Member Name

        58          0          0          0          0          0   __dczerorl.o
        28          0          0          0          0         68   _chval.o
       158          0          0          0          0         92   _strtoul.o
        26          0          0          0          0         80   atoi.o
         8          4        133          0          0         68   ctype_o.o
         0          0          0          0          0          0   entry.o
         0          0          0          0          0          0   entry10a.o
         0          0          0          0          0          0   entry11a.o
         8          4          0          0          0          0   entry2.o
         4          0          0          0          0          0   entry5.o
         0          0          0          0          0          0   entry7b.o
         0          0          0          0          0          0   entry8b.o
         8          4          0          0          0          0   entry9a.o
         8          4          0          4          0         68   errno.o
        30          0          0          0          0          0   handlers.o
        36          8          0          0          0         68   init.o
         0          0          0          0          0          0   iusefp.o
        30          0          0          0          0         68   llshl.o
        36          0          0          0          0         68   llsshr.o
        32          0          0          0          0         68   llushr.o
       128          6         12          0          0         80   localtime_i.o
        12          6          0          0         44         68   localtime_w.o
        36          0          0          0          0         68   memcpya.o
       160         18         12          0          0         80   mktime.o
      2292         96          0          0          0        596   printfa.o
         0          0          0          4          0          0   stdout.o
        24          0          0          0          0         68   strcat.o
        18          0          0          0          0         68   strcpy.o
        36          0          0          0          0         80   strstr.o
       112          0          0          0          0         88   strtol.o
        44          0          0          0          0         80   uidiv.o
        98          0          0          0          0         92   uldiv.o
        40          2          0          0          0         68   cdrcmple.o
       334          0          0          0          0        144   dadd.o
       222          0          0          0          0        100   ddiv.o
       190          0          0          0          0        176   depilogue.o
        48          0          0          0          0         68   dfixul.o
       228          0          0          0          0         92   dmul.o

    ----------------------------------------------------------------------
      4496        152        158          8         44       2664   Library Totals
         4          0          1          0          0          0   (incl. Padding)

    ----------------------------------------------------------------------

      Code (inc. data)   RO Data    RW Data    ZI Data      Debug   Library Name

      3430        150        157          8         44       2016   mc_w.l
      1062          2          0          0          0        648   mf_w.l

    ----------------------------------------------------------------------
      4496        152        158          8         44       2664   Library Totals

    ----------------------------------------------------------------------

==============================================================================


      Code (inc. data)   RO Data    RW Data    ZI Data      Debug   

     43920       5004        580        392       9616     458802   Grand Totals
     43920       5004        580         80       9616     458802   ELF Image Totals (compressed)
     43920       5004        580         80          0          0   ROM Totals

==============================================================================

    Total RO  Size (Code + RO Data)                44500 (  43.46kB)
    Total RW  Size (RW Data + ZI Data)             10008 (   9.77kB)
    Total ROM Size (Code + RO Data + RW Data)      44580 (  43.54kB)

==============================================================================

